exp@server:~$ sudo su
[sudo] password for exp: 
root@server:/home/exp# telnet 172.21.16.01
Trying 172.21.16.1...
Connected to 172.21.16.01.
Escape character is '^]'.


User Access Verification

Password: 
router6>enable
Password: 
router6#confiu gure teminal
                    ^
% Invalid input detected at '^' marker.

router6#configure terminal
Enter configuration commands, one per line.  End with CNTL/Z.
router6(config)#access-list 101 pem rmit ip any host 192.168.0.16
router6(config)#exit
router6#exit
Connection closed by foreign host.
root@server:/home/exp# ls
error.log  [0m[01;34mgit[0m  [01;34mmail[0m  [01;34mmysqlContents[0m  screenlog.0  screenlog1  [01;34mserverfiles[0m  test
root@server:/home/exp# ping google.com
PING google.com (172.217.161.238) 56(84) bytes of data.
^C
--- google.com ping statistics ---
5 packets transmitted, 0 received, 100% packet loss, time 4085ms

root@server:/home/exp# tracerio``[K[K[K[K[Kroute 192.1[K[K[K[K[Kgogole[K[K[K[Kogle.com
traceroute to google.com (172.217.161.238), 30 hops max, 60 byte packets
 1  _gateway (172.21.16.1)  0.554 ms  1.176 ms  1.037 ms
 2  * * *
 3  * * *
 4  * * *
 5  * * *
 6  * * *
 7  * * *
 8  * * *
 9  * * *
10  * * *
11  * * *
12  * *^C
root@server:/home/exp# ping 192.168.0.1
PING 192.168.0.1 (192.168.0.1) 56(84) bytes of data.
^C
--- 192.168.0.1 ping statistics ---
6 packets transmitted, 0 received, 100% packet loss, time 5098ms

root@server:/home/exp# ping linux
PING linux.g6.exp.info.kochi-tech.ac.jp (172.21.16.3) 56(84) bytes of data.
64 bytes from 172.21.16.3 (172.21.16.3): icmp_seq=1 ttl=64 time=0.214 ms
64 bytes from 172.21.16.3 (172.21.16.3): icmp_seq=2 ttl=64 time=0.193 ms
^C
--- linux.g6.exp.info.kochi-tech.ac.jp ping statistics ---
2 packets transmitted, 2 received, 0% packet loss, time 1001ms
rtt min/avg/max/mdev = 0.193/0.203/0.214/0.010 ms
root@server:/home/exp# ping win
PING win.g6.exp.info.kochi-tech.ac.jp (172.21.16.4) 56(84) bytes of data.
64 bytes from 172.21.16.4 (172.21.16.4): icmp_seq=1 ttl=128 time=2.27 ms
^C
--- win.g6.exp.info.kochi-tech.ac.jp ping statistics ---
1 packets transmitted, 1 received, 0% packet loss, time 0ms
rtt min/avg/max/mdev = 2.272/2.272/2.272/0.000 ms
root@server:/home/exp# traceroute linux
traceroute to linux (172.21.16.3), 30 hops max, 60 byte packets
 1  172.21.16.3 (172.21.16.3)  0.304 ms  0.259 ms  0.233 ms
root@server:/home/exp# ping win
PING win.g6.exp.info.kochi-tech.ac.jp (172.21.16.4) 56(84) bytes of data.
64 bytes from 172.21.16.4 (172.21.16.4): icmp_seq=1 ttl=128 time=0.874 ms
^C
--- win.g6.exp.info.kochi-tech.ac.jp ping statistics ---
1 packets transmitted, 1 received, 0% packet loss, time 0ms
rtt min/avg/max/mdev = 0.874/0.874/0.874/0.000 ms
root@server:/home/exp# traceroute [K[K[K[K[K[K[K[K[K[K[Ksr[K[Ksystemctl res[K[K[Kstart bind9
root@server:/home/exp# ping google.com
PING google.com (172.217.161.238) 56(84) bytes of data.
^C
--- google.com ping statistics ---
2 packets transmitted, 0 received, 100% packet loss, time 1023ms

root@server:/home/exp# y[Ksystemcr[Ktl restart bind9
^C
root@server:/home/exp# systemctl s[Krestart bind9
root@server:/home/exp# ping google,com[K[K[K[K.com
PING google.com (172.217.161.238) 56(84) bytes of data.
^C
--- google.com ping statistics ---
3 packets transmitted, 0 received, 100% packet loss, time 2035ms

root@server:/home/exp# nsk[Klol[Kokup google.com
Server:		127.0.0.53
Address:	127.0.0.53#53

Non-authoritative answer:
Name:	google.com
Address: 172.217.161.238
Name:	google.com
Address: 2404:6800:400a:80c::200e

root@server:/home/exp# p[Kping 172.217.161.238
PING 172.217.161.238 (172.217.161.238) 56(84) bytes of data.
^C
--- 172.217.161.238 ping statistics ---
2 packets transmitted, 0 received, 100% packet loss, time 1013ms

root@server:/home/exp# cd /etc/ls
bash: cd: /etc/ls: No such file or directory
root@server:/home/exp# cd /etc/ls[K[K
root@server:/etc# ls
adduser.conf                   [0m[01;34mcron.weekly[0m           hdparm.conf      login.defs      [01;34mnetworkd-dispatcher[0m      [01;34mrc1.d[0m         sudoers
aliases                        [01;34mcryptsetup-initramfs[0m  host.conf        logrotate.conf  [01;34mNetworkManager[0m           [01;34mrc2.d[0m         [01;34msudoers.d[0m
aliases.db                     crypttab              hostname         [01;34mlogrotate.d[0m     networks                 [01;34mrc3.d[0m         sysctl.conf
[01;34malternatives[0m                   [01;34mdbus-1[0m                hosts            lsb-release     [01;34mnewt[0m                     [01;34mrc4.d[0m         [01;34msysctl.d[0m
[01;34mapache2[0m                        [01;34mdconf[0m                 hosts.allow      ltrace.conf     nsswitch.conf            [01;34mrc5.d[0m         [01;34msystemd[0m
[01;34mapparmor[0m                       debconf.conf          hosts.deny       [01;34mlvm[0m             [01;34mopt[0m                      [01;34mrc6.d[0m         [01;34mterminfo[0m
[01;34mapparmor.d[0m                     debian_version        [01;34minit[0m             [01;34mlynx[0m            [01;36mos-release[0m               [01;34mrcS.d[0m         [01;34mthermald[0m
[01;34mapport[0m                         [01;34mdefault[0m               [01;34minit.d[0m           machine-id      overlayroot.conf         [01;36mresolv.conf[0m   timezone
[01;34mapt[0m                            deluser.conf          [01;34minitramfs-tools[0m  magic           [01;34mPackageKit[0m               [01;34mresolvconf[0m    [01;34mtmpfiles.d[0m
at.deny                        [01;34mdepmod.d[0m              inputrc          magic.mime      pam.conf                 [01;36mrmt[0m           [01;34mubuntu-advantage[0m
bash.bashrc                    [01;34mdhcp[0m                  [01;34minsserv.conf.d[0m   mailcap         [01;34mpam.d[0m                    rpc           ucf.conf
bash_completion                [01;34mdovecot[0m               [01;34miproute2[0m         mailcap.order   passwd                   rsyslog.conf  [01;34mudev[0m
[01;34mbash_completion.d[0m              [01;34mdpkg[0m                  [01;34miscsi[0m            mailname        passwd-                  [01;34mrsyslog.d[0m     [01;34mufw[0m
[01;34mbind[0m                           e2scrub.conf          issue            manpath.config  [01;34mperl[0m                     screenrc      [01;34mupdate-manager[0m
bindresvport.blacklist         environment           issue.net        [01;34mmdadm[0m           [01;34mphp[0m                      [01;34msecurity[0m      [01;34mupdate-motd.d[0m
[01;34mbinfmt.d[0m                       ethertypes            [01;34mkernel[0m           mecabrc         [01;34mpki[0m                      [01;34mselinux[0m       [01;34mupdate-notifier[0m
[01;34mbyobu[0m                          [01;34mfonts[0m                 [01;34mlandscape[0m        mime.types      [01;34mpm[0m                       services      [01;34muucp[0m
[01;34mca-certificates[0m                fstab                 [01;34mldap[0m             mke2fs.conf     [01;34mpolkit-1[0m                 shadow        [01;34mvim[0m
ca-certificates.conf           fuse.conf             ld.so.cache      [01;34mmodprobe.d[0m      [01;34mpollinate[0m                shadow-       [01;34mvmware-tools[0m
ca-certificates.conf.dpkg-old  [01;34mfwupd[0m                 ld.so.conf       modules         popularity-contest.conf  shells        [01;36mvtrgb[0m
[01;34mcalendar[0m                       gai.conf              [01;34mld.so.conf.d[0m     [01;34mmodules-load.d[0m  [01;34mpostfix[0m                  [01;34mskel[0m          wgetrc
[01;34mcloud[0m                          [01;34mgroff[0m                 legal            [01;36mmtab[0m            [01;34mppp[0m                      [01;34msos[0m           [01;34mX11[0m
[01;34mconsole-setup[0m                  group                 libaudit.conf    [01;34mmultipath[0m       profile                  [01;34mssh[0m           xattr.conf
[01;34mcron.d[0m                         group-                [01;34mlibnl-3[0m          multipath.conf  [01;34mprofile.d[0m                [01;34mssl[0m           [01;34mxdg[0m
[01;34mcron.daily[0m                     [01;34mgrub.d[0m                locale.alias     [01;34mmysql[0m           protocols                subgid        zsh_command_not_found
[01;34mcron.hourly[0m                    gshadow               locale.gen       nanorc          [01;34mpython3[0m                  subgid-
[01;34mcron.monthly[0m                   gshadow-              [01;36mlocaltime[0m        [01;34mnetplan[0m         [01;34mpython3.8[0m                subuid
crontab                        [01;34mgss[0m                   [01;34mlogcheck[0m         [01;34mnetwork[0m         [01;34mrc0.d[0m                    subuid-
root@server:/etc# cd net pl[K[K[Kplan/
root@server:/etc/netplan# ls
00-installer-config.yaml
root@server:/etc/netplan# vi 00-installer-config.yaml 
[?1049h[?1h=[1;64r[23m[24m[0m[H[J[?25l[64;1H"00-installer-config.yaml" 15L, 364C[1;1H[1m[36m# This is the network config written by 'subiquity'[0m
[1m[36mnetwork[0m[1m[31m:[0m
 [1m[36mversion[0m[1m[31m:[0m [1m[35m2[0m
 [1m[36methernets[0m[1m[31m:[0m[5;6H[1m[36menp2s0[0m[1m[31m:[0m[6;9H[1m[36maddresses[0m[1m[31m:[0m[7;17H[1m[33m- [0m172.21.16.2/24[8;9H[1m[36mgateway4[0m[1m[31m:[0m 172.21.16.1[9;9H[1m[36mnameservers[0m[1m[31m:[0m[10;17H[1m[36maddresses[0m[1m[31m:[0m[11;19H[1m[33m- [0m127.0.0.1[12;17H[1m[36msearch[0m[1m[31m:[0m [1m[31m[[0mg6.exp.info.kochi-tech.ac.jp[1m[31m][0m[13;9H[1m[36mdhcp4[0m[1m[31m:[0m no[14;6H[1m[36menp3s0[0m[1m[31m:[0m[15;10H[1m[36mdhcp4[0m[1m[31m:[0m no
[1m[34m~                                                                                                                                                               [17;1H~                                                                                                                                                               [18;1H~                                                                                                                                                               [19;1H~                                                                                                                                                               [20;1H~                                                                                                                                                               [21;1H~                                                                                                                                                               [22;1H~                                                                                                                                                               [23;1H~                                                                                                                                                               [24;1H~                                                                                                                                                               [25;1H~                                                                                                                                                               [26;1H~                                                                                                                                                               [27;1H~                                                                                                                                                               [28;1H~                                                                                                                                                               [29;1H~                                                                                                                                                               [30;1H~                                                                                                                                                               [31;1H~                                                                                                                                                               [32;1H~                                                                                                                                                               [33;1H~                                                                                                                                                               [34;1H~                                                                                                                                                               [35;1H~                                                                                                                                                               [36;1H~                                                                                                                                                               [37;1H~                                                                                                                                                               [38;1H~                                                                                                                                                               [39;1H~                                                                                                                                                               [40;1H~                                                                                                                                                               [41;1H~                                                                                                                                                               [42;1H~                                                                                                                                                               [43;1H~                                                                                                                                                               [44;1H~                                                                                                                                                               [45;1H~                                                                                                                                                               [46;1H~                                                                                                                                                               [47;1H~                                                                                                                                                               [48;1H~                                                                                                                                                               [49;1H~                                                                                                                                                               [50;1H~                                                                                                                                                               [51;1H~                                                                                                                                                               [52;1H~                                                                                                                                                               [53;1H~                                                                                                                                                               [54;1H~                                                                                                                                                               [55;1H~                                                                                                                                                               [56;1H~                                                                                                                                                               [57;1H~                                                                                                                                                               [58;1H~                                                                                                                                                               [59;1H~                                                                                                                                                               [60;1H~                                                                                                                                                               [61;1H~                                                                                                                                                               [62;1H~                                                                                                                                                               [63;1H~                                                                                                                                                               [0m[64;143H8,29[10CAll[8;29H[34h[?25h[?25l[64;133H:[8;29H[64;1H[K[64;1H:[34h[?25hq[?25l[64;1H[K[64;1H[?1l>[34h[?25h[?1049lroot@server:/etc/netplan# curl google.com
^C
root@server:/etc/netplan# curl http:[Ks:..[K[K//www.google.com
<!doctype html><html itemscope="" itemtype="http://schema.org/WebPage" lang="ja"><head><meta content="&#19990;&#30028;&#20013;&#12398;&#12354;&#12425;&#12422;&#12427;&#24773;&#22577;&#12434;&#26908;&#32034;&#12377;&#12427;&#12383;&#12417;&#12398;&#12484;&#12540;&#12523;&#12434;&#25552;&#20379;&#12375;&#12390;&#12356;&#12414;&#12377;&#12290;&#12373;&#12414;&#12374;&#12414;&#12394;&#26908;&#32034;&#27231;&#33021;&#12434;&#27963;&#29992;&#12375;&#12390;&#12289;&#12362;&#25506;&#12375;&#12398;&#24773;&#22577;&#12434;&#35211;&#12388;&#12369;&#12390;&#12367;&#12384;&#12373;&#12356;&#12290;" name="description"><meta content="noodp" name="robots"><meta content="text/html; charset=UTF-8" http-equiv="Content-Type"><meta content="/images/branding/googleg/1x/googleg_standard_color_128dp.png" itemprop="image"><title>Google</title><script nonce="umkfZ2Cki3tosu7FA/SPvw==">(function(){window.google={kEI:'2zSvYLTJEdiVr7wPnNePqAQ',kEXPI:'0,772215,1,530320,56873,954,5104,207,4804,926,1390,383,246,5,1354,5250,1122516,1197708,544,30,328985,51223,16115,17444,1954,9284,1111,16463,4859,1361,9290,3027,2817,1924,12841,4020,978,13228,2054,1793,4192,6430,14528,4516,2778,919,5081,887,706,1279,2212,530,149,1103,840,517,1470,209,4101,109,3405,606,2023,1733,43,521,14670,3229,2843,7,4773,7581,5096,597,7280,4928,108,3407,908,2,941,2614,2397,7468,3277,3,576,1835,9,4616,148,5991,7984,4,1528,2304,1236,832,6762,2893,2014,4067,14308,2658,4242,519,912,1028,656,30,13628,2305,638,7080,3772,4048,2715,665,2145,377,3275,2560,992,1056,2046,20,3118,6,614,294,3,3541,1,9945,4765,1814,283,38,232,642,5992,1260,243,5251,432,551,4789,2,1394,494,1031,8,1273,1718,2,3054,729,2,1283,3247,1521,36,62,2745,2283,396,529,2,61,1532,350,1,1,1,1101,925,91,293,4,4,4,1970,56,116,1158,1262,197,1558,1100,55,406,131,2417,1149,564,1768,1320,107,284,3,647,484,95,111,246,539,598,162,998,474,2051,538,3636,1403,38,92,2,135,982,3,38,681,879,264,930,1386,14,3,99,711,225,202,721,4,106,3,35,148,2,100,439,3,1019,582,924,652,140,160,759,313,489,125,328,1442,5638230,3893,101,82,43,63,155,5996871,45,75,2799253,1323,882,444,1,2,80,1,1796,1,9,2,2551,1,748,141,801,557,1,4265,1,1,2,1331,3299,843,1,2608,155,17,13,72,139,4,2,20,2,169,13,19,38,8,5,39,96,284,4,4,4,4,4,4,8,4,4,4,24,196,29,2,2,1,2,1,2,2,7,4,1,2,2,2,2,2,2,555,92,5,1,1,5,6,21,39,1,12,3,4,30,26,23955427,2772895,1237379,268,1678,26621,2,2377,3,467,3,277,1288',kBL:'tVAm'};google.sn='webhp';google.kHL='ja';})();(function(){
var f,h=[];function k(a){for(var b;a&&(!a.getAttribute||!(b=a.getAttribute("eid")));)a=a.parentNode;return b||f}function l(a){for(var b=null;a&&(!a.getAttribute||!(b=a.getAttribute("leid")));)a=a.parentNode;return b}
function m(a,b,c,d,g){var e="";c||-1!=b.search("&ei=")||(e="&ei="+k(d),-1==b.search("&lei=")&&(d=l(d))&&(e+="&lei="+d));d="";!c&&window._cshid&&-1==b.search("&cshid=")&&"slh"!=a&&(d="&cshid="+window._cshid);c=c||"/"+(g||"gen_204")+"?atyp=i&ct="+a+"&cad="+b+e+"&zx="+Date.now()+d;/^http:/i.test(c)&&"https:"==window.location.protocol&&(google.ml&&google.ml(Error("a"),!1,{src:c,glmm:1}),c="");return c};f=google.kEI;google.getEI=k;google.getLEI=l;google.ml=function(){return null};google.log=function(a,b,c,d,g){if(c=m(a,b,c,d,g)){a=new Image;var e=h.length;h[e]=a;a.onerror=a.onload=a.onabort=function(){delete h[e]};a.src=c}};google.logUrl=m;}).call(this);(function(){
google.y={};google.sy=[];google.x=function(a,b){if(a)var c=a.id;else{do c=Math.random();while(google.y[c])}google.y[c]=[a,b];return!1};google.sx=function(a){google.sy.push(a)};google.lm=[];google.plm=function(a){google.lm.push.apply(google.lm,a)};google.lq=[];google.load=function(a,b,c){google.lq.push([[a],b,c])};google.loadAll=function(a,b){google.lq.push([a,b])};google.bx=!1;google.lx=function(){};}).call(this);google.f={};(function(){
document.documentElement.addEventListener("submit",function(b){var a;if(a=b.target){var c=a.getAttribute("data-submitfalse");a="1"==c||"q"==c&&!a.elements.q.value?!0:!1}else a=!1;a&&(b.preventDefault(),b.stopPropagation())},!0);document.documentElement.addEventListener("click",function(b){var a;a:{for(a=b.target;a&&a!=document.documentElement;a=a.parentElement)if("A"==a.tagName){a="1"==a.getAttribute("data-nohref");break a}a=!1}a&&b.preventDefault()},!0);}).call(this);</script><style>#gbar,#guser{font-size:13px;padding-top:1px !important;}#gbar{height:22px}#guser{padding-bottom:7px !important;text-align:right}.gbh,.gbd{border-top:1px solid #c9d7f1;font-size:1px}.gbh{height:0;position:absolute;top:24px;width:100%}@media all{.gb1{height:22px;margin-right:.5em;vertical-align:top}#gbar{float:left}}a.gb1,a.gb4{text-decoration:underline !important}a.gb1,a.gb4{color:#00c !important}.gbi .gb4{color:#dd8e27 !important}.gbf .gb4{color:#900 !important}
</style><style>body,td,a,p,.h{font-family:arial,sans-serif}body{margin:0;overflow-y:scroll}#gog{padding:3px 8px 0}td{line-height:.8em}.gac_m td{line-height:17px}form{margin-bottom:20px}.h{color:#1558d6}em{font-weight:bold;font-style:normal}.lst{height:25px;width:496px}.gsfi,.lst{font:18px arial,sans-serif}.gsfs{font:17px arial,sans-serif}.ds{display:inline-box;display:inline-block;margin:3px 0 4px;margin-left:4px}input{font-family:inherit}body{background:#fff;color:#000}a{color:#4b11a8;text-decoration:none}a:hover,a:active{text-decoration:underline}.fl a{color:#1558d6}a:visited{color:#4b11a8}.sblc{padding-top:5px}.sblc a{display:block;margin:2px 0;margin-left:13px;font-size:11px}.lsbb{background:#f8f9fa;border:solid 1px;border-color:#dadce0 #70757a #70757a #dadce0;height:30px}.lsbb{display:block}#WqQANb a{display:inline-block;margin:0 12px}.lsb{background:url(/images/nav_logo229.png) 0 -261px repeat-x;border:none;color:#000;cursor:pointer;height:30px;margin:0;outline:0;font:15px arial,sans-serif;vertical-align:top}.lsb:active{background:#dadce0}.lst:focus{outline:none}</style><script nonce="umkfZ2Cki3tosu7FA/SPvw=="></script></head><body bgcolor="#fff"><script nonce="umkfZ2Cki3tosu7FA/SPvw==">(function(){var src='/images/nav_logo229.png';var iesg=false;document.body.onload = function(){window.n && window.n();if (document.images){new Image().src=src;}
if (!iesg){document.f&&document.f.q.focus();document.gbqf&&document.gbqf.q.focus();}
}
})();</script><div id="mngb"><div id=gbar><nobr><b class=gb1>&#26908;&#32034;</b> <a class=gb1 href="https://www.google.co.jp/imghp?hl=ja&tab=wi">&#30011;&#20687;</a> <a class=gb1 href="https://maps.google.co.jp/maps?hl=ja&tab=wl">&#12510;&#12483;&#12503;</a> <a class=gb1 href="https://play.google.com/?hl=ja&tab=w8">Play</a> <a class=gb1 href="https://www.youtube.com/?gl=JP&tab=w1">YouTube</a> <a class=gb1 href="https://news.google.com/?tab=wn">&#12491;&#12517;&#12540;&#12473;</a> <a class=gb1 href="https://mail.google.com/mail/?tab=wm">Gmail</a> <a class=gb1 href="https://drive.google.com/?tab=wo">&#12489;&#12521;&#12452;&#12502;</a> <a class=gb1 style="text-decoration:none" href="https://www.google.co.jp/intl/ja/about/products?tab=wh"><u>&#12418;&#12387;&#12392;&#35211;&#12427;</u> &raquo;</a></nobr></div><div id=guser width=100%><nobr><span id=gbn class=gbi></span><span id=gbf class=gbf></span><span id=gbe></span><a href="http://www.google.co.jp/history/optout?hl=ja" class=gb4>&#12454;&#12455;&#12502;&#23653;&#27508;</a> | <a  href="/preferences?hl=ja" class=gb4>&#35373;&#23450;</a> | <a target=_top id=gb_70 href="https://accounts.google.com/ServiceLogin?hl=ja&passive=true&continue=https://www.google.com/&ec=GAZAAQ" class=gb4>&#12525;&#12464;&#12452;&#12531;</a></nobr></div><div class=gbh style=left:0></div><div class=gbh style=right:0></div></div><center><br clear="all" id="lgpd"><div id="lga"><img alt="Google" height="92" src="/images/branding/googlelogo/1x/googlelogo_white_background_color_272x92dp.png" style="padding:28px 0 14px" width="272" id="hplogo"><br><br></div><form action="/search" name="f"><table cellpadding="0" cellspacing="0"><tr valign="top"><td width="25%">&nbsp;</td><td align="center" nowrap=""><input name="ie" value="ISO-8859-1" type="hidden"><input value="ja" name="hl" type="hidden"><input name="source" type="hidden" value="hp"><input name="biw" type="hidden"><input name="bih" type="hidden"><div class="ds" style="height:32px;margin:4px 0"><input class="lst" style="margin:0;padding:5px 8px 0 6px;vertical-align:top;color:#000" autocomplete="off" value="" title="Google &#26908;&#32034;" maxlength="2048" name="q" size="57"></div><br style="line-height:0"><span class="ds"><span class="lsbb"><input class="lsb" value="Google &#26908;&#32034;" name="btnG" type="submit"></span></span><span class="ds"><span class="lsbb"><input class="lsb" id="tsuid1" value="I'm Feeling Lucky" name="btnI" type="submit"><script nonce="umkfZ2Cki3tosu7FA/SPvw==">(function(){var id='tsuid1';document.getElementById(id).onclick = function(){if (this.form.q.value){this.checked = 1;if (this.form.iflsig)this.form.iflsig.disabled = false;}
else top.location='/doodles/';};})();</script><input value="AINFCbYAAAAAYK9C6xjV-G1vF7gT6YRzL2jX8qVno8U5" name="iflsig" type="hidden"></span></span></td><td class="fl sblc" align="left" nowrap="" width="25%"><a href="/advanced_search?hl=ja&amp;authuser=0">&#26908;&#32034;&#12458;&#12503;&#12471;&#12519;&#12531;</a></td></tr></table><input id="gbv" name="gbv" type="hidden" value="1"><script nonce="umkfZ2Cki3tosu7FA/SPvw==">(function(){
var a,b="1";if(document&&document.getElementById)if("undefined"!=typeof XMLHttpRequest)b="2";else if("undefined"!=typeof ActiveXObject){var c,d,e=["MSXML2.XMLHTTP.6.0","MSXML2.XMLHTTP.3.0","MSXML2.XMLHTTP","Microsoft.XMLHTTP"];for(c=0;d=e[c++];)try{new ActiveXObject(d),b="2"}catch(h){}}a=b;if("2"==a&&-1==location.search.indexOf("&gbv=2")){var f=google.gbvu,g=document.getElementById("gbv");g&&(g.value=a);f&&window.setTimeout(function(){location.href=f},0)};}).call(this);</script></form><div id="gac_scont"></div><div style="font-size:83%;min-height:3.5em"><br></div><span id="footer"><div style="font-size:10pt"><div style="margin:19px auto;text-align:center" id="WqQANb"><a href="/intl/ja/ads/">&#24195;&#21578;&#25522;&#36617;</a><a href="http://www.google.co.jp/intl/ja/services/">&#12499;&#12472;&#12493;&#12473; &#12477;&#12522;&#12517;&#12540;&#12471;&#12519;&#12531;</a><a href="/intl/ja/about.html">Google &#12395;&#12388;&#12356;&#12390;</a><a href="https://www.google.com/setprefdomain?prefdom=JP&amp;prev=https://www.google.co.jp/&amp;sig=K_N5tsboYIyPCAnK-OTw7GIKK2Jbw%3D">Google.co.jp</a></div></div><p style="font-size:8pt;color:#70757a">&copy; 2021 - <a href="/intl/ja/policies/privacy/">&#12503;&#12521;&#12452;&#12496;&#12471;&#12540;</a> - <a href="/intl/ja/policies/terms/">&#35215;&#32004;</a></p></span></center><script nonce="umkfZ2Cki3tosu7FA/SPvw==">(function(){window.google.cdo={height:0,width:0};(function(){
var a=window.innerWidth,b=window.innerHeight;if(!a||!b){var c=window.document,d="CSS1Compat"==c.compatMode?c.documentElement:c.body;a=d.clientWidth;b=d.clientHeight}a&&b&&(a!=google.cdo.width||b!=google.cdo.height)&&google.log("","","/client_204?&atyp=i&biw="+a+"&bih="+b+"&ei="+google.kEI);}).call(this);})();</script> <script nonce="umkfZ2Cki3tosu7FA/SPvw==">(function(){google.xjs={ck:'',cs:'',excm:[]};})();</script>  <script nonce="umkfZ2Cki3tosu7FA/SPvw==">(function(){var u='/xjs/_/js/k\x3dxjs.hp.en.5o6MA-787io.O/m\x3dsb_he,d/am\x3dAHgCLA/d\x3d1/ed\x3d1/rs\x3dACT90oF-sJCW91lzqRq8EkF0CTH0eFrPYg';
var e=this||self,f=function(a){return a};var g;var l=function(a,b){this.g=b===h?a:""};l.prototype.toString=function(){return this.g+""};var h={};function m(){var a=u;google.lx=function(){n(a);google.lx=function(){}};google.bx||google.lx()}
function n(a){google.timers&&google.timers.load&&google.tick&&google.tick("load","xjsls");var b=document;var c="SCRIPT";"application/xhtml+xml"===b.contentType&&(c=c.toLowerCase());c=b.createElement(c);if(void 0===g){b=null;var k=e.trustedTypes;if(k&&k.createPolicy){try{b=k.createPolicy("goog#html",{createHTML:f,createScript:f,createScriptURL:f})}catch(p){e.console&&e.console.error(p.message)}g=b}else g=b}a=(b=g)?b.createScriptURL(a):a;a=new l(a,h);c.src=a instanceof l&&a.constructor===l?a.g:"type_error:TrustedResourceUrl";var d;a=(c.ownerDocument&&c.ownerDocument.defaultView||window).document;(d=(a=null===(d=a.querySelector)||void 0===d?void 0:d.call(a,"script[nonce]"))?a.nonce||a.getAttribute("nonce")||"":"")&&c.setAttribute("nonce",d);document.body.appendChild(c);google.psa=!0};setTimeout(function(){m()},0);})();(function(){window.google.xjsu='/xjs/_/js/k\x3dxjs.hp.en.5o6MA-787io.O/m\x3dsb_he,d/am\x3dAHgCLA/d\x3d1/ed\x3d1/rs\x3dACT90oF-sJCW91lzqRq8EkF0CTH0eFrPYg';})();function _DumpException(e){throw e;}
function _F_installCss(c){}
(function(){google.jl={blt:'none',dw:false,emtn:0,ine:false,lls:'default',pdt:0,snet:true,uwp:true};})();(function(){var pmc='{\x22d\x22:{},\x22sb_he\x22:{\x22agen\x22:true,\x22cgen\x22:true,\x22client\x22:\x22heirloom-hp\x22,\x22dh\x22:true,\x22dhqt\x22:true,\x22ds\x22:\x22\x22,\x22ffql\x22:\x22ja\x22,\x22fl\x22:true,\x22host\x22:\x22google.com\x22,\x22isbh\x22:28,\x22jsonp\x22:true,\x22msgs\x22:{\x22cibl\x22:\x22&#26908;&#32034;&#12434;&#12463;&#12522;&#12450;\x22,\x22dym\x22:\x22&#12418;&#12375;&#12363;&#12375;&#12390;:\x22,\x22lcky\x22:\x22I\\u0026#39;m Feeling Lucky\x22,\x22lml\x22:\x22&#35443;&#32048;\x22,\x22oskt\x22:\x22&#20837;&#21147;&#12484;&#12540;&#12523;\x22,\x22psrc\x22:\x22&#12371;&#12398;&#26908;&#32034;&#12461;&#12540;&#12527;&#12540;&#12489;&#12399;\\u003Ca href\x3d\\\x22/history\\\x22\\u003E&#12454;&#12455;&#12502;&#23653;&#27508;\\u003C/a\\u003E&#12363;&#12425;&#21066;&#38500;&#12373;&#12428;&#12414;&#12375;&#12383;\x22,\x22psrl\x22:\x22&#21066;&#38500;\x22,\x22sbit\x22:\x22&#30011;&#20687;&#12391;&#26908;&#32034;\x22,\x22srch\x22:\x22Google &#26908;&#32034;\x22},\x22nrft\x22:false,\x22ovr\x22:{},\x22pq\x22:\x22\x22,\x22refpd\x22:true,\x22refspre\x22:true,\x22rfs\x22:[],\x22sbas\x22:\x220 3px 8px 0 rgba(0,0,0,0.2),0 0 0 1px rgba(0,0,0,0.08)\x22,\x22sbpl\x22:16,\x22sbpr\x22:16,\x22scd\x22:10,\x22stok\x22:\x22cQZuwNPXN1krsFIl88mhJ-V997U\x22,\x22uhde\x22:false}}';google.pmc=JSON.parse(pmc);})();</script>        </body></html>root@server:/etc/netplan# curk [K[Kl lms[K[K[Khttps://lmg[Ks.kochi-tech.ac.jp
^C
root@server:/etc/netplan# curl http://info.cko[K[K[Kkochi=tech[K[K[K[K-[K[K=[K-c[Ktech.ac.jp
curl: (6) Could not resolve host: info.kochi-tech.ac.jp
root@server:/etc/netplan# cr[Kurl google.com
^C
root@server:/etc/netplan# curl http://g[Kwww.google.com
<!doctype html><html itemscope="" itemtype="http://schema.org/WebPage" lang="ja"><head><meta content="&#19990;&#30028;&#20013;&#12398;&#12354;&#12425;&#12422;&#12427;&#24773;&#22577;&#12434;&#26908;&#32034;&#12377;&#12427;&#12383;&#12417;&#12398;&#12484;&#12540;&#12523;&#12434;&#25552;&#20379;&#12375;&#12390;&#12356;&#12414;&#12377;&#12290;&#12373;&#12414;&#12374;&#12414;&#12394;&#26908;&#32034;&#27231;&#33021;&#12434;&#27963;&#29992;&#12375;&#12390;&#12289;&#12362;&#25506;&#12375;&#12398;&#24773;&#22577;&#12434;&#35211;&#12388;&#12369;&#12390;&#12367;&#12384;&#12373;&#12356;&#12290;" name="description"><meta content="noodp" name="robots"><meta content="text/html; charset=UTF-8" http-equiv="Content-Type"><meta content="/images/branding/googleg/1x/googleg_standard_color_128dp.png" itemprop="image"><title>Google</title><script nonce="g153NLbja04mMNjWdFXHVw==">(function(){window.google={kEI:'ozWvYO36GvOSr7wPitOkwAE',kEXPI:'0,772215,1,530320,56873,954,755,4349,207,4804,2316,383,246,5,1354,5251,1122515,1197734,548,44,328941,51223,16115,28684,17572,4858,1362,9291,3025,4742,7,1842,4,10988,4020,978,13228,2054,1793,4192,6430,14527,4518,2777,919,5081,1593,1279,2212,530,149,1103,840,517,1680,4100,3514,606,2023,1777,520,14670,3227,2845,7,5599,6755,5096,597,7280,4928,108,3407,908,2,940,2615,2397,7470,3275,3,346,230,1835,9,4615,149,5990,6324,1661,4,499,1029,2304,1236,833,4394,2367,2892,2015,4067,14308,2658,4761,912,1028,656,30,901,2953,23,7536,2215,1590,715,638,1494,5586,3772,4270,2493,665,2145,3655,2557,4094,3140,4,908,3,3541,1,4174,5771,4765,1814,283,270,642,5992,1260,1205,4289,432,551,4789,2,1394,1525,8,1273,1718,2,3034,20,2014,3247,1521,36,62,475,808,896,2,2609,633,530,2,61,1532,354,1,1,1,1096,926,91,293,4,4,4,245,1780,116,463,696,1076,188,195,38,2619,56,406,132,1444,3,962,1156,564,719,2,1459,221,688,106,284,135,512,447,134,111,709,675,1160,474,2049,548,3628,604,837,91,3,135,1023,4154,3,80,18,940,920,4,106,3,35,251,136,302,3,75,944,40,545,809,112,1712,802,54,70,323,1173,7,268,5642122,183,10,33,63,155,2,5996348,520,46,2800651,882,444,1,2,80,1,1796,1,9,2,2551,1,748,141,795,563,1,4265,1,1,2,1331,3299,843,1,2608,155,17,13,72,139,4,2,20,2,169,13,19,38,8,5,39,96,254,30,4,4,4,4,4,4,8,4,8,24,196,29,2,2,1,2,1,2,2,7,4,1,2,2,2,2,2,2,555,92,5,1,1,5,6,7,53,1,14,1,32,28,23955428,4010273,268,1678,155,26466,2,868,1509,3,120,3,6,338,3,277,1523,23',kBL:'tVAm'};google.sn='webhp';google.kHL='ja';})();(function(){
var f,h=[];function k(a){for(var b;a&&(!a.getAttribute||!(b=a.getAttribute("eid")));)a=a.parentNode;return b||f}function l(a){for(var b=null;a&&(!a.getAttribute||!(b=a.getAttribute("leid")));)a=a.parentNode;return b}
function m(a,b,c,d,g){var e="";c||-1!=b.search("&ei=")||(e="&ei="+k(d),-1==b.search("&lei=")&&(d=l(d))&&(e+="&lei="+d));d="";!c&&window._cshid&&-1==b.search("&cshid=")&&"slh"!=a&&(d="&cshid="+window._cshid);c=c||"/"+(g||"gen_204")+"?atyp=i&ct="+a+"&cad="+b+e+"&zx="+Date.now()+d;/^http:/i.test(c)&&"https:"==window.location.protocol&&(google.ml&&google.ml(Error("a"),!1,{src:c,glmm:1}),c="");return c};f=google.kEI;google.getEI=k;google.getLEI=l;google.ml=function(){return null};google.log=function(a,b,c,d,g){if(c=m(a,b,c,d,g)){a=new Image;var e=h.length;h[e]=a;a.onerror=a.onload=a.onabort=function(){delete h[e]};a.src=c}};google.logUrl=m;}).call(this);(function(){
google.y={};google.sy=[];google.x=function(a,b){if(a)var c=a.id;else{do c=Math.random();while(google.y[c])}google.y[c]=[a,b];return!1};google.sx=function(a){google.sy.push(a)};google.lm=[];google.plm=function(a){google.lm.push.apply(google.lm,a)};google.lq=[];google.load=function(a,b,c){google.lq.push([[a],b,c])};google.loadAll=function(a,b){google.lq.push([a,b])};google.bx=!1;google.lx=function(){};}).call(this);google.f={};(function(){
document.documentElement.addEventListener("submit",function(b){var a;if(a=b.target){var c=a.getAttribute("data-submitfalse");a="1"==c||"q"==c&&!a.elements.q.value?!0:!1}else a=!1;a&&(b.preventDefault(),b.stopPropagation())},!0);document.documentElement.addEventListener("click",function(b){var a;a:{for(a=b.target;a&&a!=document.documentElement;a=a.parentElement)if("A"==a.tagName){a="1"==a.getAttribute("data-nohref");break a}a=!1}a&&b.preventDefault()},!0);}).call(this);</script><style>#gbar,#guser{font-size:13px;padding-top:1px !important;}#gbar{height:22px}#guser{padding-bottom:7px !important;text-align:right}.gbh,.gbd{border-top:1px solid #c9d7f1;font-size:1px}.gbh{height:0;position:absolute;top:24px;width:100%}@media all{.gb1{height:22px;margin-right:.5em;vertical-align:top}#gbar{float:left}}a.gb1,a.gb4{text-decoration:underline !important}a.gb1,a.gb4{color:#00c !important}.gbi .gb4{color:#dd8e27 !important}.gbf .gb4{color:#900 !important}
</style><style>body,td,a,p,.h{font-family:arial,sans-serif}body{margin:0;overflow-y:scroll}#gog{padding:3px 8px 0}td{line-height:.8em}.gac_m td{line-height:17px}form{margin-bottom:20px}.h{color:#1558d6}em{font-weight:bold;font-style:normal}.lst{height:25px;width:496px}.gsfi,.lst{font:18px arial,sans-serif}.gsfs{font:17px arial,sans-serif}.ds{display:inline-box;display:inline-block;margin:3px 0 4px;margin-left:4px}input{font-family:inherit}body{background:#fff;color:#000}a{color:#4b11a8;text-decoration:none}a:hover,a:active{text-decoration:underline}.fl a{color:#1558d6}a:visited{color:#4b11a8}.sblc{padding-top:5px}.sblc a{display:block;margin:2px 0;margin-left:13px;font-size:11px}.lsbb{background:#f8f9fa;border:solid 1px;border-color:#dadce0 #70757a #70757a #dadce0;height:30px}.lsbb{display:block}#WqQANb a{display:inline-block;margin:0 12px}.lsb{background:url(/images/nav_logo229.png) 0 -261px repeat-x;border:none;color:#000;cursor:pointer;height:30px;margin:0;outline:0;font:15px arial,sans-serif;vertical-align:top}.lsb:active{background:#dadce0}.lst:focus{outline:none}</style><script nonce="g153NLbja04mMNjWdFXHVw=="></script></head><body bgcolor="#fff"><script nonce="g153NLbja04mMNjWdFXHVw==">(function(){var src='/images/nav_logo229.png';var iesg=false;document.body.onload = function(){window.n && window.n();if (document.images){new Image().src=src;}
if (!iesg){document.f&&document.f.q.focus();document.gbqf&&document.gbqf.q.focus();}
}
})();</script><div id="mngb"><div id=gbar><nobr><b class=gb1>&#26908;&#32034;</b> <a class=gb1 href="http://www.google.co.jp/imghp?hl=ja&tab=wi">&#30011;&#20687;</a> <a class=gb1 href="http://maps.google.co.jp/maps?hl=ja&tab=wl">&#12510;&#12483;&#12503;</a> <a class=gb1 href="https://play.google.com/?hl=ja&tab=w8">Play</a> <a class=gb1 href="http://www.youtube.com/?gl=JP&tab=w1">YouTube</a> <a class=gb1 href="https://news.google.com/?tab=wn">&#12491;&#12517;&#12540;&#12473;</a> <a class=gb1 href="https://mail.google.com/mail/?tab=wm">Gmail</a> <a class=gb1 href="https://drive.google.com/?tab=wo">&#12489;&#12521;&#12452;&#12502;</a> <a class=gb1 style="text-decoration:none" href="https://www.google.co.jp/intl/ja/about/products?tab=wh"><u>&#12418;&#12387;&#12392;&#35211;&#12427;</u> &raquo;</a></nobr></div><div id=guser width=100%><nobr><span id=gbn class=gbi></span><span id=gbf class=gbf></span><span id=gbe></span><a href="http://www.google.co.jp/history/optout?hl=ja" class=gb4>&#12454;&#12455;&#12502;&#23653;&#27508;</a> | <a  href="/preferences?hl=ja" class=gb4>&#35373;&#23450;</a> | <a target=_top id=gb_70 href="https://accounts.google.com/ServiceLogin?hl=ja&passive=true&continue=http://www.google.com/&ec=GAZAAQ" class=gb4>&#12525;&#12464;&#12452;&#12531;</a></nobr></div><div class=gbh style=left:0></div><div class=gbh style=right:0></div></div><center><br clear="all" id="lgpd"><div id="lga"><img alt="Google" height="92" src="/images/branding/googlelogo/1x/googlelogo_white_background_color_272x92dp.png" style="padding:28px 0 14px" width="272" id="hplogo"><br><br></div><form action="/search" name="f"><table cellpadding="0" cellspacing="0"><tr valign="top"><td width="25%">&nbsp;</td><td align="center" nowrap=""><input name="ie" value="ISO-8859-1" type="hidden"><input value="ja" name="hl" type="hidden"><input name="source" type="hidden" value="hp"><input name="biw" type="hidden"><input name="bih" type="hidden"><div class="ds" style="height:32px;margin:4px 0"><input class="lst"^C
root@server:/etc/netplan# ping [K[K[K[K[Ktelnet 192.168.0.[K[K[K[K[K[K[K[K[K[K172.21.16.1
Trying 172.21.16.1...
Connected to 172.21.16.1.
Escape character is '^]'.


User Access Verification

Password: 
router6>enable
Password: 
router6#enable        configure terminal
Enter configuration commands, one per line.  End with CNTL/Z.
router6(config)#co  access-list 101 permie t udp any any q wq  wq          host 172 2.21.168.    16.2 wq domain
                                                            ^
% Invalid input detected at '^' marker.

router6(config)#access-list 101 permit udp host 172.21.16.2 wq domainq domain wq domain
                                                            ^
% Invalid input detected at '^' marker.

router6(config)#access-list 101 permit udp host 172.21.16.2 wq domainq domain eq domain
% Incomplete command.

router6(config)#access-list 101 permit udp host 172.21.16.2 eq domainai.2 eq domain eq domain eq domain eq domain eq domain eq domain eq domain eq domain eq domain eq domain eq domain eq domain eq domain eq domain eq domain eq domain eq domain  eq domainaeq domainneq domaineq domain eq domain eq domain aeq domainneq domainyeq domain eq domainseq domaineq domain heq domainoeq domainseq domainteq domain eq domain1eq domain7eq domain2eq domain.eq domain2eq domain1eq domain.eq domain2eq domaineq domain 1eq domain6eq domain.eq domain2eq domain eq domain
router6(config)#access-list 101 permit udp any host 172.21.16.2 eq domain2.21.16.2 eq domain         eqd  domain any
                                                                          ^
% Invalid input detected at '^' marker.

router6(config)#access-list 101 permit udp any host 172.21.16.2 eq domain any2 eq domain any ]eq domain anyeq domain any eq domain any eq domain any eq domain any eq domain any eq domain any eq domain any eq domain any eq domain any eq domain any eq domain any eq domain any eq domain any eq domain any eq domain any eq domain any eq domain any eq domain any  eq domain any
router6(config)#access-list 101 permit udp any eq domain anyhost 172.21.16.2 eq domain any any host 172.21.16.2 eq domain any  any host 172.21.16.2 eq domain any  any host 172.21.16.2 eq domain any t any host 172.21.16.2 eq domain anyc any host 172.21.16.2 eq domain anyp any host 172.21.16.2 eq domain any
                                                                           ^
% Invalid input detected at '^' marker.

router6(config)#access-list 101 permit tcp any host 172.21.16.2 eq domain anyudp any eq domain any                 host 172.21.16.2 eq domain any     any host 172.21.16.2 eq domain  any host 172.21.16.2 eq domain  any host 172.21.16.2 eq domain t any host 172.21.16.2 eq domainc any host 172.21.16.2 eq domainp any host 172.21.16.2 eq domain
router6(config)#access-list 101 permit tcp any host 172.21.16.2 eq domain.2 eq domain anyudp any eq domain any                  any eq domain any  any eq domain any  any eq domain any t any eq domain anyc any eq domain anyp any eq domain any
router6(config)#exit
router6#exit
Connection closed by foreign host.
root@server:/etc/netplan# ssh exo@[K[K[[Kp@se[K[Klinux
exp@linux's password: 
Welcome to Ubuntu 20.04.2 LTS (GNU/Linux 5.8.0-53-generic x86_64)

 * Documentation:  https://help.ubuntu.com
 * Management:     https://landscape.canonical.com
 * Support:        https://ubuntu.com/advantage

114 updates can be installed immediately.
0 of these updates are security updates.
To see these additional updates run: apt list --upgradable

Failed to connect to https://changelogs.ubuntu.com/meta-release-lts. Check your Internet connection or proxy settings

Your Hardware Enablement Stack (HWE) is supported until April 2025.
Last login: Thu May 27 14:49:51 2021 from 172.21.16.2
exp@linux:~$ nslookup d[Kgoogle.com
Server:		127.0.0.53
Address:	127.0.0.53#53

Non-authoritative answer:
Name:	google.com
Address: 172.217.161.238
Name:	google.com
Address: 2404:6800:400a:80c::200e

exp@linux:~$ pi[K[Kcurl [K[K[K[K[Kapt install curl
[1;31mE: [0mCould not open lock file /var/lib/dpkg/lock-frontend - open (13: Permission denied)[0m
[1;31mE: [0mUnable to acquire the dpkg frontend lock (/var/lib/dpkg/lock-frontend), are you root?[0m
exp@linux:~$ d[Ksudo apt install curl
[sudo] password for exp: 
Reading package lists... 0%Reading package lists... 100%Reading package lists... Done
Building dependency tree... 0%Building dependency tree... 0%Building dependency tree... 50%Building dependency tree... 50%Building dependency tree       
Reading state information... 0%Reading state information... 0%Reading state information... Done
The following NEW packages will be installed:
  curl
0 upgraded, 1 newly installed, 0 to remove and 114 not upgraded.
Need to get 161 kB of archives.
After this operation, 411 kB of additional disk space will be used.
[33m0% [Working][0m[33m0% [Working][0m[33m0% [Working][0m[33m0% [Connecting to jp.archive.ubuntu.com][0m[33m0% [Connecting to jp.archive.ubuntu.com][0m[33m0% [Connecting to jp.archive.ubuntu.com][0m^C
exp@linux:~$ exit
logout
Connection to linux closed.
root@server:/etc/netplan# telnet 172.21.16.1
Trying 172.21.16.1...
Connected to 172.21.16.1.
Escape character is '^]'.


User Access Verification

Password: 
router6>enable
Password: 
router6#term    configure terminal
Enter configuration commands, one per line.  End with CNTL/Z.
router6(config)#access-list 101 permit a icmp anyany    any echo-repol  ly
router6(config)#exit
router6#exit
Connection closed by foreign host.
root@server:/etc/netplan# ex[K[Kls
00-installer-config.yaml
root@server:/etc/netplan# ping google.ocm
ping: google.ocm: Name or service not known
root@server:/etc/netplan# ping google.ocm[K[K[Kcom
PING google.com (172.217.161.238) 56(84) bytes of data.
^C
--- google.com ping statistics ---
12 packets transmitted, 0 received, 100% packet loss, time 11267ms

root@server:/etc/netplan# ping google.comocmls[Ktelnet 172.21.16.1
Trying 172.21.16.1...
Connected to 172.21.16.1.
Escape character is '^]'.


User Access Verification

Password: 
router6>t configure terminal
           ^
% Invalid input detected at '^' marker.

router6>configure terminal
           ^
% Invalid input detected at '^' marker.

router6>configure terminal
           ^
% Invalid input detected at '^' marker.

router6>enable
Password: 
router6#configuretermin       terminalk 
Enter configuration commands, one per line.  End with CNTL/Z.
router6(config)#interface FastEhternet       hte  t  thernet0
router6(config-if)#ip access-group 101 in
router6(config-if)#end
router6#` show access-lists
Standard IP access list 1
    10 permit 172.21.16.3 (1436 matches)
    20 permit 172.21.16.4 (3205 matches)
Extended IP access list 101
    10 permit tcp any host 172.21.16.2 (772 matches)
    20 permit tcp any host 172.21.16.2 eq domain
    30 permit udp any host 172.21.16.2 eq domain
    40 permit tcp any host 172.21.16.2 eq smtp
    50 permit tcp any host 172.21.16.2 eq www
    60 permit tcp any host 172.21.16.2 eq 443
    70 permit udp any eq domain host 172.21.16.2 (1655 matches)
    80 permit ip any host 192.168.0.16 (2603 matches)
    90 permit udp any eq domain any
    100 permit tcp any eq domain any
    110 permit icmp any any echo-reply
router6#exit
Connection closed by foreign host.
root@server:/etc/netplan# opi[K[K[Kping se[K[Klinux
PING linux.g6.exp.info.kochi-tech.ac.jp (172.21.16.3) 56(84) bytes of data.
64 bytes from 172.21.16.3 (172.21.16.3): icmp_seq=1 ttl=64 time=0.311 ms
^C
--- linux.g6.exp.info.kochi-tech.ac.jp ping statistics ---
1 packets transmitted, 1 received, 0% packet loss, time 0ms
rtt min/avg/max/mdev = 0.311/0.311/0.311/0.000 ms
root@server:/etc/netplan# ping google.com
PING google.com (172.217.161.238) 56(84) bytes of data.
^C
--- google.com ping statistics ---
3 packets transmitted, 0 received, 100% packet loss, time 2028ms

root@server:/etc/netplan# telnet 172.21.16.0[K1
Trying 172.21.16.1...
Connected to 172.21.16.1.
Escape character is '^]'.


User Access Verification

Password: 
router6>enbale
Translating "enbale"

Translating "enbale"

% Unknown command or computer name, or unable to find computer address
router6>enable
Password: 
router6#enable      configure terminal
Enter configuration commands, one per line.  End with CNTL/Z.
router6(config)#fd  interc face FastEthernet0
router6(config-if)#ip access-gou  roup 101 out
router6(config-if)#exi   end
router6#exit
Connection closed by foreign host.
root@server:/etc/netplan# ping gogole[K[K[K[Kogle.com
^C
root@server:/etc/netplan# ping google.comtelnet 172.21.16.1
Trying 172.21.16.1...
Connected to 172.21.16.1.
Escape character is '^]'.


User Access Verification

Password: 
Password: 
router6>enable
Password: 
Password: 
router6#configure terminal
Enter configuration commands, one per line.  End with CNTL/Z.
router6(config)#accessl]  -list 101 permit a icmp anya  any echo-reply
router6(config)#exit
router6#interface FastWE  Ethernet0
         ^
% Invalid input detected at '^' marker.

router6#interface FastEthernet0
         ^
% Invalid input detected at '^' marker.

router6#configure terminal
Enter configuration commands, one per line.  End with CNTL/Z.
router6(config)#interface Faste T Eteh   thernet0
router6(config-if)#ip access-group 101 in
router6(config-if)#ip access-group 101 in  out
router6(config-if)#exit
router6(config)#exit
router6#exit
Connection closed by foreign host.
root@server:/etc/netplan# ping google.com
^C
root@server:/etc/netplan# nelookup google.com

Command 'nelookup' not found, did you mean:

  command 'nslookup' from deb bind9-dnsutils (1:9.16.1-0ubuntu2.8)

Try: apt install <deb name>

root@server:/etc/netplan# ns loo[K[K[K[Klookup google.com
Server:		127.0.0.53
Address:	127.0.0.53#53

** server can't find google.com: SERVFAIL

root@server:/etc/netplan# https[K[K[K[K[Ktelent 172nslookup google.come[C[C[C[C[C[C[C[C[C[C[C[C[C[C[C[C[C[4Pping[C[C[C[C[C[C[C[C[C[C[Ctelnet 172.21.16.1
Trying 172.21.16.1...
Connected to 172.21.16.1.
Escape character is '^]'.


User Access Verification

Password: 
router6>enable
Password: 
router6#configure terminal
Enter configuration commands, one per line.  End with CNTL/Z.
router6(config)#ls
                 ^
% Invalid input detected at '^' marker.

router6(config)#show access-lists
                  ^
% Invalid input detected at '^' marker.

router6(config)#cho   show access lists
                  ^
% Invalid input detected at '^' marker.

router6(config)#sow    how accesslists
                  ^
% Invalid input detected at '^' marker.

router6(config)#exit
router6#show access-lists
Standard IP access list 1
    10 permit 172.21.16.3 (1516 matches)
    20 permit 172.21.16.4 (3573 matches)
Extended IP access list 101
    10 permit tcp any host 172.21.16.2 (772 matches)
    20 permit tcp any host 172.21.16.2 eq domain
    30 permit udp any host 172.21.16.2 eq domain
    40 permit tcp any host 172.21.16.2 eq smtp
    50 permit tcp any host 172.21.16.2 eq www
    60 permit tcp any host 172.21.16.2 eq 443
    70 permit udp any eq domain host 172.21.16.2 (1689 matches)
    80 permit ip any host 192.168.0.16 (2723 matches)
    90 permit udp any eq domain any
    100 permit tcp any eq domain any
    110 permit icmp any any echo-reply
router6#en  configure terminal
Enter configuration commands, one per line.  End with CNTL/Z.
router6(config)#no access-list 90
router6(config)#no access-list 90  100
router6(config)#no access-list 100  19 0
router6(config)#e interfaceF  FastEthernet90  0
router6(config-if)#ip access  -group 101 in
router6(config-if)# ip acess   ess-group 101  out
                         ^
% Invalid input detected at '^' marker.

router6(config-if)# ip acess-group 101  outout cess-group 101 out
router6(config-if)#ex nd
router6#e show access  -lits
                      ^
% Invalid input detected at '^' marker.

router6#show access-lits  sts
Standard IP access list 1
    10 permit 172.21.16.3 (1519 matches)
    20 permit 172.21.16.4 (3574 matches)
Extended IP access list 101
    10 permit tcp any host 172.21.16.2 (772 matches)
    20 permit tcp any host 172.21.16.2 eq domain
    30 permit udp any host 172.21.16.2 eq domain
    40 permit tcp any host 172.21.16.2 eq smtp
    50 permit tcp any host 172.21.16.2 eq www
    60 permit tcp any host 172.21.16.2 eq 443
    70 permit udp any eq domain host 172.21.16.2 (1689 matches)
    80 permit ip any host 192.168.0.16 (2723 matches)
    90 permit udp any eq domain any
    100 permit tcp any eq domain any
    110 permit icmp any any echo-reply
router6#configure terminal
Enter configuration commands, one per line.  End with CNTL/Z.
router6(config)#configure terminal
                        ^
% Invalid input detected at '^' marker.

router6(config)#ip access  -group               interface FastEthernet0
router6(config-if)#no ip access-group 101 pit
                                          ^
% Invalid input detected at '^' marker.

router6(config-if)#no ip access-group 101 pit   out
router6(config-if)#end
router6#show access-lits  sts
Standard IP access list 1
    10 permit 172.21.16.3 (1638 matches)
    20 permit 172.21.16.4 (3580 matches)
Extended IP access list 101
    10 permit tcp any host 172.21.16.2 (772 matches)
    20 permit tcp any host 172.21.16.2 eq domain
    30 permit udp any host 172.21.16.2 eq domain
    40 permit tcp any host 172.21.16.2 eq smtp
    50 permit tcp any host 172.21.16.2 eq www
    60 permit tcp any host 172.21.16.2 eq 443
    70 permit udp any eq domain host 172.21.16.2 (1702 matches)
    80 permit ip any host 192.168.0.16 (2787 matches)
    90 permit udp any eq domain any
    100 permit tcp any eq domain any
    110 permit icmp any any echo-reply
router6#exit
Connection closed by foreign host.
root@server:/etc/netplan# ping google.com
^C
root@server:/etc/netplan# nkl[K[Ksk[Klookup google.com
Server:		127.0.0.53
Address:	127.0.0.53#53

Non-authoritative answer:
Name:	google.com
Address: 172.217.161.238
Name:	google.com
Address: 2404:6800:400a:80c::200e

root@server:/etc/netplan# who is [K[K[K[Kis 172.217.161.238
^CInterrupted by signal 2...
root@server:/etc/netplan# shoiw[K[K[K[K[Kwhois
Usage: whois [OPTION]... OBJECT...

-h HOST, --host HOST   connect to server HOST
-p PORT, --port PORT   connect to PORT
-I                     query whois.iana.org and follow its referral
-H                     hide legal disclaimers
      --verbose        explain what is being done
      --help           display this help and exit
      --version        output version information and exit

These flags are supported by whois.ripe.net and some RIPE-like servers:
-l                     find the one level less specific match
-L                     find all levels less specific matches
-m                     find all one level more specific matches
-M                     find all levels of more specific matches
-c                     find the smallest match containing a mnt-irt attribute
-x                     exact match
-b                     return brief IP address ranges with abuse contact
-B                     turn off object filtering (show email addresses)
-G                     turn off grouping of associated objects
-d                     return DNS reverse delegation objects too
-i ATTR[,ATTR]...      do an inverse look-up for specified ATTRibutes
-T TYPE[,TYPE]...      only look for objects of TYPE
-K                     only primary keys are returned
-r                     turn off recursive look-ups for contact information
-R                     force to show local copy of the domain object even
                       if it contains referral
-a                     also search all the mirrored databases
-s SOURCE[,SOURCE]...  search the database mirrored from SOURCE
-g SOURCE:FIRST-LAST   find updates from SOURCE from serial FIRST to LAST
-t TYPE                request template for object of TYPE
-v TYPE                request verbose template for object of TYPE
-q [version|sources|types]  query specified server info
root@server:/etc/netplan# whois [K[K[K[K[K[Knsk[Kllk[Ko[K[Kokup 172,2[K[K.21.161.248[K[K37[K8

Command 'nslokup' not found, did you mean:

  command 'nslookup' from deb bind9-dnsutils (1:9.16.1-0ubuntu2.8)

Try: apt install <deb name>

root@server:/etc/netplan# nslokup 172.21.161.238[1@0[1P[1@o
** server can't find 238.161.21.172.in-addr.arpa: NXDOMAIN

root@server:/etc/netplan# nslookup 172.21.161.238[C7.161.238
** server can't find 238.161.217.172.in-addr.arpa: SERVFAIL

root@server:/etc/netplan# i[Kls
00-installer-config.yaml
root@server:/etc/netplan# cd ..
root@server:/etc# ls
adduser.conf                   [0m[01;34mcron.weekly[0m           hdparm.conf      login.defs      [01;34mnetworkd-dispatcher[0m      [01;34mrc1.d[0m         sudoers
aliases                        [01;34mcryptsetup-initramfs[0m  host.conf        logrotate.conf  [01;34mNetworkManager[0m           [01;34mrc2.d[0m         [01;34msudoers.d[0m
aliases.db                     crypttab              hostname         [01;34mlogrotate.d[0m     networks                 [01;34mrc3.d[0m         sysctl.conf
[01;34malternatives[0m                   [01;34mdbus-1[0m                hosts            lsb-release     [01;34mnewt[0m                     [01;34mrc4.d[0m         [01;34msysctl.d[0m
[01;34mapache2[0m                        [01;34mdconf[0m                 hosts.allow      ltrace.conf     nsswitch.conf            [01;34mrc5.d[0m         [01;34msystemd[0m
[01;34mapparmor[0m                       debconf.conf          hosts.deny       [01;34mlvm[0m             [01;34mopt[0m                      [01;34mrc6.d[0m         [01;34mterminfo[0m
[01;34mapparmor.d[0m                     debian_version        [01;34minit[0m             [01;34mlynx[0m            [01;36mos-release[0m               [01;34mrcS.d[0m         [01;34mthermald[0m
[01;34mapport[0m                         [01;34mdefault[0m               [01;34minit.d[0m           machine-id      overlayroot.conf         [01;36mresolv.conf[0m   timezone
[01;34mapt[0m                            deluser.conf          [01;34minitramfs-tools[0m  magic           [01;34mPackageKit[0m               [01;34mresolvconf[0m    [01;34mtmpfiles.d[0m
at.deny                        [01;34mdepmod.d[0m              inputrc          magic.mime      pam.conf                 [01;36mrmt[0m           [01;34mubuntu-advantage[0m
bash.bashrc                    [01;34mdhcp[0m                  [01;34minsserv.conf.d[0m   mailcap         [01;34mpam.d[0m                    rpc           ucf.conf
bash_completion                [01;34mdovecot[0m               [01;34miproute2[0m         mailcap.order   passwd                   rsyslog.conf  [01;34mudev[0m
[01;34mbash_completion.d[0m              [01;34mdpkg[0m                  [01;34miscsi[0m            mailname        passwd-                  [01;34mrsyslog.d[0m     [01;34mufw[0m
[01;34mbind[0m                           e2scrub.conf          issue            manpath.config  [01;34mperl[0m                     screenrc      [01;34mupdate-manager[0m
bindresvport.blacklist         environment           issue.net        [01;34mmdadm[0m           [01;34mphp[0m                      [01;34msecurity[0m      [01;34mupdate-motd.d[0m
[01;34mbinfmt.d[0m                       ethertypes            [01;34mkernel[0m           mecabrc         [01;34mpki[0m                      [01;34mselinux[0m       [01;34mupdate-notifier[0m
[01;34mbyobu[0m                          [01;34mfonts[0m                 [01;34mlandscape[0m        mime.types      [01;34mpm[0m                       services      [01;34muucp[0m
[01;34mca-certificates[0m                fstab                 [01;34mldap[0m             mke2fs.conf     [01;34mpolkit-1[0m                 shadow        [01;34mvim[0m
ca-certificates.conf           fuse.conf             ld.so.cache      [01;34mmodprobe.d[0m      [01;34mpollinate[0m                shadow-       [01;34mvmware-tools[0m
ca-certificates.conf.dpkg-old  [01;34mfwupd[0m                 ld.so.conf       modules         popularity-contest.conf  shells        [01;36mvtrgb[0m
[01;34mcalendar[0m                       gai.conf              [01;34mld.so.conf.d[0m     [01;34mmodules-load.d[0m  [01;34mpostfix[0m                  [01;34mskel[0m          wgetrc
[01;34mcloud[0m                          [01;34mgroff[0m                 legal            [01;36mmtab[0m            [01;34mppp[0m                      [01;34msos[0m           [01;34mX11[0m
[01;34mconsole-setup[0m                  group                 libaudit.conf    [01;34mmultipath[0m       profile                  [01;34mssh[0m           xattr.conf
[01;34mcron.d[0m                         group-                [01;34mlibnl-3[0m          multipath.conf  [01;34mprofile.d[0m                [01;34mssl[0m           [01;34mxdg[0m
[01;34mcron.daily[0m                     [01;34mgrub.d[0m                locale.alias     [01;34mmysql[0m           protocols                subgid        zsh_command_not_found
[01;34mcron.hourly[0m                    gshadow               locale.gen       nanorc          [01;34mpython3[0m                  subgid-
[01;34mcron.monthly[0m                   gshadow-              [01;36mlocaltime[0m        [01;34mnetplan[0m         [01;34mpython3.8[0m                subuid
crontab                        [01;34mgss[0m                   [01;34mlogcheck[0m         [01;34mnetwork[0m         [01;34mrc0.d[0m                    subuid-
root@server:/etc# cd bind
root@server:/etc/bind# ls
bind.keys  db.127  db.empty  g6.zone     named.conf.default-zones  named.conf.options      rndc.key
db.0       db.255  db.local  named.conf  named.conf.local          named.conf.options.org  zones.rfc1918
root@server:/etc/bind# vi g6.zone 
[?1049h[?1h=[1;64r[23m[24m[0m[H[J[?25l[64;1H"g6.zone" 17L, 425C[1;1H[1m[34m$TTL    [0m[1m[35m100[0m
[1m[31m@       [0m[1m[34mIN[0m  [1m[32mSOA[0m  [1m[36mserver.g6.exp.info.kochi-tech.ac.jp.[0m  [1m[36mpostmaster.g6.exp.info.kochi-tech.ac.jp.[0m  ([3;9H[1m[31m2020041701[0m[4;9H[1m[35m100[5;9H100[6;9H100[7;9H100[0m  )[8;9H[1m[34mIN[0m      [1m[32mNS[0m      [1m[36mserver.g6.info.kochi-tech.ac.jp.[0m
[1m[33mserver[0m  [1m[34mIN[0m      [1m[32mA[0m[7C[1m[35m172.21.16.2[0m
[1m[33mwww[0m     [1m[34mIN[0m      [1m[32mCNAME[0m   [1m[36mserver[0m
[1m[33mlinux[0m   [1m[34mIN[0m      [1m[32mA[0m[7C[1m[35m172.21.16.3[0m
[1m[33mwin[0m     [1m[34mIN[0m      [1m[32mA[0m[7C[1m[35m172.21.16.4[0m
[1m[33mmac[0m     [1m[34mIN[0m      [1m[32mA[0m[7C[1m[35m172.21.16.5[0m
[1m[33mnote[0m    [1m[34mIN[0m      [1m[32mA[0m[7C[1m[35m172.21.16.6[0m
[1m[33mg6.exp.info.kochi-tech.ac.jp.[0m   [1m[34mIN[0m      [1m[32mMX[0m [1m[35m10[0m   [1m[36mserver.g6.exp.info.kochi-tech.ac.jp.[0m
[1m[33msmtp[0m    [1m[34mIN[0m      [1m[32mCNAME[0m   [1m[36mserver[0m
[1m[33mpop[0m     [1m[34mIN[0m      [1m[32mCNAME[0m   [1m[36mserver[0m
[1m[34m~                                                                                                                                                               [19;1H~                                                                                                                                                               [20;1H~                                                                                                                                                               [21;1H~                                                                                                                                                               [22;1H~                                                                                                                                                               [23;1H~                                                                                                                                                               [24;1H~                                                                                                                                                               [25;1H~                                                                                                                                                               [26;1H~                                                                                                                                                               [27;1H~                                                                                                                                                               [28;1H~                                                                                                                                                               [29;1H~                                                                                                                                                               [30;1H~                                                                                                                                                               [31;1H~                                                                                                                                                               [32;1H~                                                                                                                                                               [33;1H~                                                                                                                                                               [34;1H~                                                                                                                                                               [35;1H~                                                                                                                                                               [36;1H~                                                                                                                                                               [37;1H~                                                                                                                                                               [38;1H~                                                                                                                                                               [39;1H~                                                                                                                                                               [40;1H~                                                                                                                                                               [41;1H~                                                                                                                                                               [42;1H~                                                                                                                                                               [43;1H~                                                                                                                                                               [44;1H~                                                                                                                                                               [45;1H~                                                                                                                                                               [46;1H~                                                                                                                                                               [47;1H~                                                                                                                                                               [48;1H~                                                                                                                                                               [49;1H~                                                                                                                                                               [50;1H~                                                                                                                                                               [51;1H~                                                                                                                                                               [52;1H~                                                                                                                                                               [53;1H~                                                                                                                                                               [54;1H~                                                                                                                                                               [55;1H~                                                                                                                                                               [56;1H~                                                                                                                                                               [57;1H~                                                                                                                                                               [58;1H~                                                                                                                                                               [59;1H~                                                                                                                                                               [60;1H~                                                                                                                                                               [61;1H~                                                                                                                                                               [62;1H~                                                                                                                                                               [63;1H~                                                                                                                                                               [0m[64;143H14,21-35      All[14;35H[34h[?25h[?25l[64;133H^[[14;35H[64;133H  [14;35H[34h[?25h[?25l[64;133H:[14;35H[64;1H[K[64;1H:[34h[?25hq[?25l[64;1H[K[64;1H[?1l>[34h[?25h[?1049lroot@server:/etc/bind# ssh exop[K[Kp@se[K[Klinux
exp@linux's password: 
Welcome to Ubuntu 20.04.2 LTS (GNU/Linux 5.8.0-53-generic x86_64)

 * Documentation:  https://help.ubuntu.com
 * Management:     https://landscape.canonical.com
 * Support:        https://ubuntu.com/advantage

114 updates can be installed immediately.
0 of these updates are security updates.
To see these additional updates run: apt list --upgradable

Failed to connect to https://changelogs.ubuntu.com/meta-release-lts. Check your Internet connection or proxy settings

Your Hardware Enablement Stack (HWE) is supported until April 2025.
Last login: Thu May 27 15:06:29 2021 from 172.21.16.2
exp@linux:~$ telnet server 25
Trying 172.21.16.2...
Connected to server.g6.exp.info.kochi-tech.ac.jp.
Escape character is '^]'.
220 server.g6.exp.info.kochi-tech.ac.jp ESMTP Postfix (Ubuntu)
q
502 5.5.2 Error: command not recognized
exit
502 5.5.2 Error: command not recognized
^? ]
502 5.5.2 Error: command not recognized
~, , .
502 5.5.2 Error: command not recognized
, .
502 5.5.2 Error: command not recognized
.~
502 5.5.2 Error: command not recognized
''^[[D/     exp@server:~$ sudp su[K[K[K[Kp [K[Kp[Ko su
[sudo] password for exp: 
root@server:/home/exp# telnet 1721[K,21[K[K[K.21.16.1
Trying 172.21.16.1...
Connected to 172.21.16.1.
Escape character is '^]'.


User Access Verification

Password: 
router6>enable
Password: 
router6#configure terminal
Enter configuration commands, one per line.  End with CNTL/Z.
router6(config)#interface FastEhte   thernet1
router6(config-if)#ip access-group 101 in
router6(config-if)#
telnet> ^]  exit
?Invalid command
telnet> q
Connection closed.
root@server:/home/exp# ping google.com
^C
root@server:/home/exp# telent [K[K[K[Knet 172.21.16.1
Trying 172.21.16.1...
telnet: Unable to connect to remote host: No route to host
root@server:/home/exp# configu[K[K[K[K[K[K[Ktelnet 172.21.16.1
Trying 172.21.16.1...
telnet: Unable to connect to remote host: No route to host
root@server:/home/exp# ssh 172.21.16.2
The authenticity of host '172.21.16.2 (172.21.16.2)' can't be established.
ECDSA key fingerprint is SHA256:ZU5VOQrZoE9PIspo6aL/R0OlXRPPnEP8ndluOUAUzNM.
Are you sure you want to continue connecting (yes/no/[fingerprint])? y
Please type 'yes', 'no' or the fingerprint: yes
Warning: Permanently added '172.21.16.2' (ECDSA) to the list of known hosts.
root@172.21.16.2's password: 
^C
root@server:/home/exp# ^C
root@server:/home/exp# telnet 172.21.16.3
Trying 172.21.16.3...
telnet: Unable to connect to remote host: Connection refused
root@server:/home/exp# ssh 172.21.1.64[K[K3
^C
root@server:/home/exp# ssh 172.21.1.35.3[1P.36.3
root@172.21.16.3's password: 

root@server:/home/exp# ssh 172.21.16.3e172.21.16.3x172.21.16.3p172.21.16.3@172.21.16.3
exp@172.21.16.3's password: 
Welcome to Ubuntu 20.04.2 LTS (GNU/Linux 5.8.0-53-generic x86_64)

 * Documentation:  https://help.ubuntu.com
 * Management:     https://landscape.canonical.com
 * Support:        https://ubuntu.com/advantage

114 updates can be installed immediately.
0 of these updates are security updates.
To see these additional updates run: apt list --upgradable

Failed to connect to https://changelogs.ubuntu.com/meta-release-lts. Check your Internet connection or proxy settings

Your Hardware Enablement Stack (HWE) is supported until April 2025.
Last login: Thu May 27 15:21:51 2021 from 172.21.16.2
exp@linux:~$ ping server
PING server.g6.exp.info.kochi-tech.ac.jp (172.21.16.2) 56(84) bytes of data.
64 bytes from 172.21.16.2 (172.21.16.2): icmp_seq=1 ttl=64 time=0.152 ms
64 bytes from 172.21.16.2 (172.21.16.2): icmp_seq=2 ttl=64 time=0.259 ms
^C
--- server.g6.exp.info.kochi-tech.ac.jp ping statistics ---
2 packets transmitted, 2 received, 0% packet loss, time 1002ms
rtt min/avg/max/mdev = 0.152/0.205/0.259/0.053 ms
exp@linux:~$ ping win
PING win.g6.exp.info.kochi-tech.ac.jp (172.21.16.4) 56(84) bytes of data.
64 bytes from 172.21.16.4 (172.21.16.4): icmp_seq=1 ttl=128 time=2.48 ms
^C
--- win.g6.exp.info.kochi-tech.ac.jp ping statistics ---
1 packets transmitted, 1 received, 0% packet loss, time 0ms
rtt min/avg/max/mdev = 2.481/2.481/2.481/0.000 ms
exp@linux:~$ ping google.com
^C
exp@linux:~$ cvu[K[K[Kcurl google.com

Command 'curl' not found, but can be installed with:

sudo snap install curl  # version 7.76.1, or
sudo apt  install curl  # version 7.68.0-1ubuntu2.5

See 'snap info curl' for additional versions.

exp@linux:~$ sud a[K[K[K[K[Ksudo apt install cul
[sudo] password for exp: 
exp@linux:~$ sudo apt install cul[Krl
[sudo] password for exp: 
Reading package lists... 0%Reading package lists... 100%Reading package lists... Done
Building dependency tree... 0%Building dependency tree... 0%Building dependency tree... 50%Building dependency tree... 50%Building dependency tree       
Reading state information... 0%Reading state information... 0%Reading state information... Done
The following NEW packages will be installed:
  curl
0 upgraded, 1 newly installed, 0 to remove and 114 not upgraded.
Need to get 161 kB of archives.
After this operation, 411 kB of additional disk space will be used.
[33m0% [Working][0m[33m0% [Working][0m[33m0% [Working][0m[33m0% [Working][0m[33m0% [Working][0m[33m0% [Working][0m[33m0% [Working][0m[33m0% [Working][0m^C
exp@linux:~$ telnet 172.21.16.1
Trying 172.21.16.1...
telnet: Unable to connect to remote host: No route to host
exp@linux:~$ cd dev./[K[K[K[K[K/dev/
exp@linux:/dev$ l[Kcu -l ttyS0

Command 'cu' not found, but can be installed with:

sudo apt install cu

exp@linux:/dev$ su[K[Kexit
logout
Connection to 172.21.16.3 closed.
root@server:/home/exp# cu -l ttyS[K[K[K[K[K[K[K[K[K[Kcd /dev/
root@server:/dev# ls
[0m[40;33;01mautofs[0m           [01;34mdisk[0m       [40;33;01mi2c-0[0m     [40;33;01mloop7[0m         [01;34mpts[0m       [40;33;01msr0[0m     [40;33;01mtty16[0m  [40;33;01mtty28[0m  [40;33;01mtty4[0m   [40;33;01mtty51[0m  [40;33;01mtty63[0m      [40;33;01mttyS16[0m  [40;33;01mttyS28[0m   [40;33;01muinput[0m   [40;33;01mvcsa3[0m        [40;33;01mvhci[0m
[01;34mblock[0m            [01;36mdvd[0m        [01;36minitctl[0m   [40;33;01mloop-control[0m  [40;33;01mrandom[0m    [01;36mstderr[0m  [40;33;01mtty17[0m  [40;33;01mtty29[0m  [40;33;01mtty40[0m  [40;33;01mtty52[0m  [40;33;01mtty7[0m       [40;33;01mttyS17[0m  [40;33;01mttyS29[0m   [40;33;01murandom[0m  [40;33;01mvcsa4[0m        [40;33;01mvhost-net[0m
[01;34mbsg[0m              [01;36mdvdrw[0m      [01;34minput[0m     [01;34mmapper[0m        [40;33;01mrfkill[0m    [01;36mstdin[0m   [40;33;01mtty18[0m  [40;33;01mtty3[0m   [40;33;01mtty41[0m  [40;33;01mtty53[0m  [40;33;01mtty8[0m       [40;33;01mttyS18[0m  [40;33;01mttyS3[0m    [40;33;01muserio[0m   [40;33;01mvcsa5[0m        [40;33;01mvhost-vsock[0m
[40;33;01mbtrfs-control[0m    [40;33;01mecryptfs[0m   [40;33;01mkmsg[0m      [40;33;01mmcelog[0m        [01;36mrtc[0m       [01;36mstdout[0m  [40;33;01mtty19[0m  [40;33;01mtty30[0m  [40;33;01mtty42[0m  [40;33;01mtty54[0m  [40;33;01mtty9[0m       [40;33;01mttyS19[0m  [40;33;01mttyS30[0m   [40;33;01mvcs[0m      [40;33;01mvcsa6[0m        [40;33;01mzero[0m
[01;34mbus[0m              [40;33;01mfb0[0m        [01;34mlightnvm[0m  [40;33;01mmem[0m           [40;33;01mrtc0[0m      [40;33;01mtty[0m     [40;33;01mtty2[0m   [40;33;01mtty31[0m  [40;33;01mtty43[0m  [40;33;01mtty55[0m  [40;33;01mttyprintk[0m  [40;33;01mttyS2[0m   [40;33;01mttyS31[0m   [40;33;01mvcs1[0m     [40;33;01mvcsu[0m         [40;33;01mzfs[0m
[01;36mcdrom[0m            [01;36mfd[0m         [01;36mlog[0m       [30;42mmqueue[0m        [40;33;01msda[0m       [40;33;01mtty0[0m    [40;33;01mtty20[0m  [40;33;01mtty32[0m  [40;33;01mtty44[0m  [40;33;01mtty56[0m  [40;33;01mttyS0[0m      [40;33;01mttyS20[0m  [40;33;01mttyS4[0m    [40;33;01mvcs2[0m     [40;33;01mvcsu1[0m
[01;36mcdrw[0m             [40;33;01mfull[0m       [40;33;01mloop0[0m     [01;34mnet[0m           [40;33;01msda1[0m      [40;33;01mtty1[0m    [40;33;01mtty21[0m  [40;33;01mtty33[0m  [40;33;01mtty45[0m  [40;33;01mtty57[0m  [40;33;01mttyS1[0m      [40;33;01mttyS21[0m  [40;33;01mttyS5[0m    [40;33;01mvcs3[0m     [40;33;01mvcsu2[0m
[01;34mchar[0m             [40;33;01mfuse[0m       [40;33;01mloop1[0m     [40;33;01mnull[0m          [40;33;01msda2[0m      [40;33;01mtty10[0m   [40;33;01mtty22[0m  [40;33;01mtty34[0m  [40;33;01mtty46[0m  [40;33;01mtty58[0m  [40;33;01mttyS10[0m     [40;33;01mttyS22[0m  [40;33;01mttyS6[0m    [40;33;01mvcs4[0m     [40;33;01mvcsu3[0m
[40;33;01mconsole[0m          [40;33;01mgpiochip0[0m  [40;33;01mloop2[0m     [40;33;01mnvram[0m         [40;33;01msg0[0m       [40;33;01mtty11[0m   [40;33;01mtty23[0m  [40;33;01mtty35[0m  [40;33;01mtty47[0m  [40;33;01mtty59[0m  [40;33;01mttyS11[0m     [40;33;01mttyS23[0m  [40;33;01mttyS7[0m    [40;33;01mvcs5[0m     [40;33;01mvcsu4[0m
[01;36mcore[0m             [40;33;01mhidraw0[0m    [40;33;01mloop3[0m     [40;33;01mport[0m          [40;33;01msg1[0m       [40;33;01mtty12[0m   [40;33;01mtty24[0m  [40;33;01mtty36[0m  [40;33;01mtty48[0m  [40;33;01mtty6[0m   [40;33;01mttyS12[0m     [40;33;01mttyS24[0m  [40;33;01mttyS8[0m    [40;33;01mvcs6[0m     [40;33;01mvcsu5[0m
[01;34mcpu[0m              [40;33;01mhpet[0m       [40;33;01mloop4[0m     [40;33;01mppp[0m           [30;42mshm[0m       [40;33;01mtty13[0m   [40;33;01mtty25[0m  [40;33;01mtty37[0m  [40;33;01mtty49[0m  [40;33;01mtty60[0m  [40;33;01mttyS13[0m     [40;33;01mttyS25[0m  [40;33;01mttyS9[0m    [40;33;01mvcsa[0m     [40;33;01mvcsu6[0m
[40;33;01mcpu_dma_latency[0m  [01;34mhugepages[0m  [40;33;01mloop5[0m     [40;33;01mpsaux[0m         [40;33;01msnapshot[0m  [40;33;01mtty14[0m   [40;33;01mtty26[0m  [40;33;01mtty38[0m  [40;33;01mtty5[0m   [40;33;01mtty61[0m  [40;33;01mttyS14[0m     [40;33;01mttyS26[0m  [40;33;01mudmabuf[0m  [40;33;01mvcsa1[0m    [01;34mvfio[0m
[40;33;01mcuse[0m             [40;33;01mhwrng[0m      [40;33;01mloop6[0m     [40;33;01mptmx[0m          [01;34msnd[0m       [40;33;01mtty15[0m   [40;33;01mtty27[0m  [40;33;01mtty39[0m  [40;33;01mtty50[0m  [40;33;01mtty62[0m  [40;33;01mttyS15[0m     [40;33;01mttyS27[0m  [40;33;01muhid[0m     [40;33;01mvcsa2[0m    [40;33;01mvga_arbiter[0m
root@server:/dev# cu -l ttyS0
cu: open (/dev/ttyS0): Permission denied
cu: ttyS0: Line in use
root@server:/dev# shmod 777 ttyS0

Command 'shmod' not found, did you mean:

  command 'chmod' from deb coreutils (8.30-3ubuntu2)

Try: apt install <deb name>

root@server:/dev# chmod 777 ttyS0
root@server:/dev# cu ;[K-l ttyS0
Connected.

*Apr  5 01:42:53.236: %CDP-4-NATIVE_VLAN_MISMATCH: Native VLAN mismatch discovered on FastEthernet0/7 (16), with switch9 FastEthernet0/17 (999).
*Apr  5 01:42:56.676: %CDP-4-NATIVE_VLAN_MISMATCH: Native VLAN mismatch discovered on FastEthernet0/7 (16), with switch4 FastEthernet0/17 (999).
*Apr  5 01:42:57.699: %CDP-4-NATIVE_VLAN_MISMATCH: Native VLAN mismatch discovered on FastEthernet0/7 (16), with switch5 FastEthernet0/9 (15).
*Apr  5 01:43:00.753: %CDP-4-NATIVE_VLAN_MISMATCH: Native VLAN mismatch discovered on FastEthernet0/7 (16), with switch3 FastEthernet0/17 (999).
*Apr  5 01:43:04.955: %CDP-4-NATIVE_VLAN_MISMATCH: Native VLAN mismatch discovered on FastEthernet0/7 (16), with switch12 FastEthernet0/6 (18).
*Apr  5 01:43:10.743: %CDP-4-NATIVE_VLAN_MISMATCH: Native VLAN mismatch discovered on FastEthernet0/7 (16), with switch12 FastEthernet0/6 (18).
*Apr  5 01:43:11.750: %CDP-4-NATIVE_VLAN_MISMATCH: Native VLAN mismatch discovered on FastEthernet0/7 (16), with switch12 FastEthernet0/6 (18).
*Apr  5 01:43:18.310: %CDP-4-NATIVE_VLAN_MISMATCH: Native VLAN mismatch discovered on FastEthernet0/7 (16), with switch7 FastEthernet0/17 (999).
*Apr  5 01:43:35.859: %CDP-4-NATIVE_VLAN_MISMATCH: Native VLAN mismatch discovered on FastEthernet0/7 (16), with switch1 FastEthernet0/17 (999).
switch6>
switch6>
*Apr  5 01:43:40.900: %CDP-4-NATIVE_VLAN_MISMATCH: Native VLAN mismatch discovered on FastEthernet0/7 (16), with switch12 FastEthernet0/19 (999).
switch6>ls
Translating "ls"
% Unknown command or computer name, or unable to find computer address
switch6>
*Apr  5 01:43:53.240: %CDP-4-NATIVE_VLAN_MISMATCH: Native VLAN mismatch discovered on FastEthernet0/7 (16), with switch9 FastEthernet0/17 (999).
switch6>configure termi
*Apr  5 01:43:56.679: %CDP-4-NATIVE_VLAN_MISMATCH: Native VLAN mismatch discovered on FastEthernet0/7 (16), with switch4 FastEthernet0/17 (999).
switch6>configure terminal
           ^
% Invalid input detected at '^' marker.

switch6>
*Apr  5 01:43:57.703: %CDP-4-NATIVE_VLAN_MISMATCH: Native VLAN mismatch discovered on FastEthernet0/7 (16), with switch5 FastEthernet0/9 (15).
switch6>configure           e
*Apr  5 01:44:00.765: %CDP-4-NATIVE_VLAN_MISMATCH: Native VLAN mismatch discovered on FastEthernet0/7 (16), with switch3 FastEthernet0/17 (999).
switch6>enable
Password: 
switch6#configure terminal
Enter configuration commands, one per line.  End with CNTL/Z.
switch6(config)#no access-list 11 01
switch6(config)#
*Apr  5 01:44:11.771: %CDP-4-NATIVE_VLAN_MISMATCH: Native VLAN mismatch discovered on FastEthernet0/7 (16), with switch12 FastEthernet0/6 (18).
switch6(config)#exit
switch6#show access
*Apr  5 01:44:16.359: %SYS-5-CONFIG_I: Configured from console by console
switch6#show access-lists

switch6#
*Apr  5 01:44:18.314: %CDP-4-NATIVE_VLAN_MISMATCH: Native VLAN mismatch discovered on FastEthernet0/7 (16), with switch7 FastEthernet0/17 (999).
switch6#n configure terminal
Enter configuration commands, one per line.  End with CNTL/Z.
switch6(config)#interface F
*Apr  5 01:44:35.871: %CDP-4-NATIVE_VLAN_MISMATCH: Native VLAN mismatch discovered on FastEthernet0/7 (16), with switch1 FastEthernet0/17 (999).
switch6(config)#interface FastEthernet  1
                                      ^
% Invalid input detected at '^' marker.

switch6(config)#no
*Apr  5 01:44:40.896: %CDP-4-NATIVE_VLAN_MISMATCH: Native VLAN mismatch discovered on FastEthernet0/7 (16), with switch12 FastEthernet0/19 (999).
switch6(config)#no ip access-group 11 1 01 in
                             ^
% Invalid input detected at '^' marker.

switch6(config)#no ip access-group 101 in01 in                         
*Apr  5 01:44:53.244: %CDP-4-NATIVE_VLAN_MISMATCH: Native VLAN mismatch discovered on FastEthernet0/7 (16), with switch9 FastEthernet0/17 (999).
switch6(config)#interface FastEthern
*Apr  5 01:44:56.692: %CDP-4-NATIVE_VLAN_MISMATCH: Native VLAN mismatch discovered on FastEthernet0/7 (16), with switch4 FastEthernet0/17 (999).
switch6(config)#interface FastEthernet
*Apr  5 01:44:57.707: %CDP-4-NATIVE_VLAN_MISMATCH: Native VLAN mismatch discovered on FastEthernet0/7 (16), with switch5 FastEthernet0/9 (15).
switch6(config)#interface FastEthernet1
                                      ^
% Invalid input detected at '^' marker.

switch6(config)#
*Apr  5 01:45:00.768: %CDP-4-NATIVE_VLAN_MISMATCH: Native VLAN mismatch discovered on FastEthernet0/7 (16), with switch3 FastEthernet0/17 (999).
switch6(config)#interface FastEthernet1 0
% Incomplete command.

switch6(config)#interfaceFas    FastEthernet 
*Apr  5 01:45:11.757: %CDP-4-NATIVE_VLAN_MISMATCH: Native VLAN mismatch discovered on FastEthernet0/7 (16), with switch12 FastEthernet0/6 (18).
switch6(config)#interface FastEthernet  1
                                      ^
% Invalid input detected at '^' marker.

switch6(config)#interface FastEthernet1 0
% Incomplete command.

switch6(config)#
*Apr  5 01:45:35.875: %CDP-4-NATIVE_VLAN_MISMATCH: Native VLAN mismatch discovered on FastEthernet0/7 (16), with switch1 FastEthernet0/17 (999).
switch6(config)#
*Apr  5 01:45:40.899: %CDP-4-NATIVE_VLAN_MISMATCH: Native VLAN mismatch discovered on FastEthernet0/7 (16), with switch12 FastEthernet0/19 (999).
switch6(config)#
*Apr  5 01:45:53.248: %CDP-4-NATIVE_VLAN_MISMATCH: Native VLAN mismatch discovered on FastEthernet0/7 (16), with switch9 FastEthernet0/17 (999).
switch6(config)#
*Apr  5 01:45:56.687: %CDP-4-NATIVE_VLAN_MISMATCH: Native VLAN mismatch discovered on FastEthernet0/7 (16), with switch4 FastEthernet0/17 (999).
switch6(config)#
*Apr  5 01:45:57.710: %CDP-4-NATIVE_VLAN_MISMATCH: Native VLAN mismatch discovered on FastEthernet0/7 (16), with switch5 FastEthernet0/9 (15).
switch6(config)#interface fa
*Apr  5 01:46:00.772: %CDP-4-NATIVE_VLAN_MISMATCH: Native VLAN mismatch discovered on FastEthernet0/7 (16), with switch3 FastEthernet0/17 (999).
switch6(config)#interface fastehte   thernet0
% Incomplete command.

switch6(config)#exit
switch6#
*Apr  5 01:46:10.478: %SYS-5-CONFIG_I: Configured from console by consolet
switch6#tenet 
*Apr  5 01:46:11.761: %CDP-4-NATIVE_VLAN_MISMATCH: Native VLAN mismatch discovered on FastEthernet0/7 (16), with switch12 FastEthernet0/6 (18).
switch6#tenet       exit

































switch6 con0 is now available





Press RETURN to get started.












switch6>exit

































switch6 con0 is now available





Press RETURN to get started.


switch6>~[server].

Disconnected.
root@server:/dev# 
root@server:/dev# l[Ktelnet [9P(arg: 1)[C[C[C[C[C[C[C[C[C[C[C[C[C[C7[C[C[C[C[C[C[C[C[C[9@root@server:/dev#[C[C[C[C[C[C[C[C[Ktelnet 172.21.16.1
Trying 172.21.16.1...
^C
root@server:/dev# chmod 777 ty[KtyS0
root@server:/dev# cu -l ttyS0
Connected.

router6>enable
Password: 
router6#configure terminal
Enter configuration commands, one per line.  End with CNTL/Z.
router6(config)#interfase ce     face cf  fastete therne        ethernet
% Incomplete command.

router6(config)#interface fasteht   ther    ethernet1
router6(config-if)#no ip access-group 101 in
router6(config-if)#end
router6#
*May 27 08:19:39.861: %SYS-5-CONFIG_I: Configured from console by console
router6#show access-lits  sts
Standard IP access list 1
    10 permit 172.21.16.3 (1739 matches)
    20 permit 172.21.16.4 (4054 matches)
Extended IP access list 101
    10 permit tcp any host 172.21.16.2 (815 matches)
    20 permit tcp any host 172.21.16.2 eq domain
    30 permit udp any host 172.21.16.2 eq domain
    40 permit tcp any host 172.21.16.2 eq smtp
    50 permit tcp any host 172.21.16.2 eq www
    60 permit tcp any host 172.21.16.2 eq 443
    70 permit udp any eq domain host 172.21.16.2 (1808 matches)
    80 permit ip any host 192.168.0.16 (2970 matches)
    90 permit udp any eq domain any
    100 permit tcp any eq domain any
    110 permit icmp any any echo-reply
router6#ex  no access  -list 101
           ^
% Invalid input detected at '^' marker.

router6#configure terminal
Enter configuration commands, one per line.  End with CNTL/Z.
router6(config)#no access-lists 101
                              ^
% Invalid input detected at '^' marker.

router6(config)#no access-lists 101s 101 
router6(config)#s exit
router6#show access
*May 27 08:20:25.397: %SYS-5-CONFIG_I: Configured from console by console
router6#show access-lit sts
Standard IP access list 1
    10 permit 172.21.16.3 (1739 matches)
    20 permit 172.21.16.4 (4054 matches)
router6#configure terminal
Enter configuration commands, one per line.  End with CNTL/Z.
router6(config)#  access-list 101                 no access-list 101
router6(config)#access-list 101 permit   tcp0.0.0.0p 0.0.0.00.0.0.0 255.255.255.255
% Incomplete command.

router6(config)#access-list 101 permit tcp 0.0.0.0 255.255.255.255 172.21.16.$ 101 permit tcp 0.0.0.0 255.255.255.255 172.21.16.2         2   
% Incomplete command.

router6(config)#$ 101 permit tcp 0.0.0.0 255.255.255.255 172.21.16.2 establist tcp 0.0.0.0 255.255.255.255 172.21.16.2 establish         ed
access-list 101 permit tcp 0.0.0.0 255.255.255.255 172.21.16.2 established
                                                               ^
% Invalid input detected at '^' marker.

router6(config)#$t tcp 0.0.0.0 255.255.255.255 172.21.16.2 established           0.0.0.0.  establishe0.0 255.255.255.255 172.21.16.2 0.0.0.0 established         
router6(config)#$0.0 255.255.255.255 172.21.16.2 0.0.0.0 establishedt tcp 0.0.0.0 255.255.255.255 172.21.16.2 established 101 permit tcp 0.0.0.0 255.255.255.255 172.21.16.2  access-list 101 permit tcp 0.0.0.0 255.255.255.255  no access-list 101                                exit              no access-list 101access-list 101 permit tcp 0.0.0.0 255.255.255.255$ 101 permit tcp 0.0.0.0 255.255.255.255 172.21.16.2t tcp 0.0.0.0 255.255.255.255 172.21.16.2 established0.0 255.255.255.255 172.21.16.2 0.0.0.0 established                                                      access-list 101 permit tcp any st  host 172.21.16.2 established
router6(config)#access-list 101 permit tcp any host 172.21.16.2 eq 53
router6(config)#access-list 101 permit tcp any host 172.21.16.2 eq 53 any host 172.21.16.2 eq 53  any host 172.21.16.2 eq 53  any host 172.21.16.2 eq 53 u any host 172.21.16.2 eq 53d any host 172.21.16.2 eq 53p any host 172.21.16.2 eq 53
router6(config)#access-list 101 permit udp any host 172.21.16.2 eq 53  25 any host 172.21.16.2 eq 25  any host 172.21.16.2 eq 25  any host 172.21.16.2 eq 25 t any host 172.21.16.2 eq 25c any host 172.21.16.2 eq 25p any host 172.21.16.2 eq 25
router6(config)#access-list 101 permit tcp any host 172.21.16.2 eq 25  80
router6(config)#access-list 101 permit tcp any host 172.21.16.2 eq 80  224   442
router6(config)#access-list 101 permit tcp any host 172.21.16.2 eq 442 3
router6(config)#access-list 101 permit du  udp any eq 53 host 172.21.16.2
router6(config)#exit
router6#
*May 27 08:23:02.665: %SYS-5-CONFIG_I: Configured from console by console
router6#who access-lists
             ^
% Invalid input detected at '^' marker.

router6#show access-lists
Standard IP access list 1
    10 permit 172.21.16.3 (1739 matches)
    20 permit 172.21.16.4 (4063 matches)
Extended IP access list 101
    10 permit tcp any host 172.21.16.2 established
    20 permit tcp any host 172.21.16.2 eq domain
    30 permit udp any host 172.21.16.2 eq domain
    40 permit tcp any host 172.21.16.2 eq smtp
    50 permit tcp any host 172.21.16.2 eq www
    60 permit tcp any host 172.21.16.2 eq 442
    70 permit tcp any host 172.21.16.2 eq 443
    80 permit udp any eq domain host 172.21.16.2
router6#access-list 101                 in  configure terminal
Enter configuration commands, one per line.  End with CNTL/Z.
router6(config)#interface f fastehternet0
                          ^
% Invalid input detected at '^' marker.

router6(config)#interface fastehternet0ernet0 ernet0 ternet0hernet0
router6(config-if)#ip access-group 101 in
router6(config-if)#end
router6#edi 
*May 27 08:23:39.933: %SYS-5-CONFIG_I: Configured from console by console
router6#ed xit    exit

































router6 con0 is now available





Press RETURN to get started.





router6>enable
Password: 
router6#configure terminal
Enter configuration commands, one per line.  End with CNTL/Z.
router6(config)#access-lists    101 permit ip   any host 172.21.1       92.168.16.-0  1
router6(config)#interface e fastehte   thet er  rnet0
router6(config-if)#ip access-group 101 in
router6(config-if)#end
router6#
*May 27 08:26:10.141: %SYS-5-CONFIG_I: Configured from console by console
router6#exit

































router6 con0 is now available





Press RETURN to get started.












router6>.~

% Unknown command or computer name, or unable to find computer address
router6>`> 

% Unknown command or computer name, or unable to find computer address
router6>
router6>~,[Unrecognized.  Use ~~ to send ~]

router6>`>

% Unknown command or computer name, or unable to find computer address
router6>~.

Disconnected.
root@server:/dev# 
root@server:/dev# ping linux
PING linux.g6.exp.info.kochi-tech.ac.jp (172.21.16.3) 56(84) bytes of data.
64 bytes from 172.21.16.3 (172.21.16.3): icmp_seq=1 ttl=64 time=0.406 ms
^C
--- linux.g6.exp.info.kochi-tech.ac.jp ping statistics ---
1 packets transmitted, 1 received, 0% packet loss, time 0ms
rtt min/avg/max/mdev = 0.406/0.406/0.406/0.000 ms
root@server:/dev# [omg[K[K[K[Kpo[K[Kcr[Kurl google.com
^C
root@server:/dev# curl google.com[C[C[K[K[K[K[K[K[K[K[K[Khttps://go[K[Kwww.o[Kggo[K[Koogle.com
curl: (6) Could not resolve host: www.google.com
root@server:/dev# systemctl restart bind9
root@server:/dev# curl g[Khttps://go[K[Kwww.google.com
^C
root@server:/dev# nslookup goog;e.c[K[K[K[Kle.com
Server:		127.0.0.53
Address:	127.0.0.53#53

** server can't find google.com: SERVFAIL

root@server:/dev# telnet 172.21.16.1
Trying 172.21.16.1...
Connected to 172.21.16.1.
Escape character is '^]'.


User Access Verification

Password: 
router6>enbale
Translating "enbale"

Translating "enbale"

% Unknown command or computer name, or unable to find computer address
router6>enable
Password: 
Password: 
router6#whos      show running-config
Building configuration...

Current configuration : 3217 bytes
!
version 12.4
service timestamps debug datetime msec
service timestamps log datetime msec
service password-encryption
!
hostname router6
!
boot-start-marker
boot-end-marker
!
enable password 7 111B160A03425B
!
no aaa new-model
!
!
dot11 syslog
!
!
ip cef
!
!
no ip domain lookup
!
multilink bundle-name authenticated
!
!
username exp password 7 044904091B711C
! 
!
archive
 log config
  hidekeys
!
!
!
!
!
interface BRI0
 no ip address
 encapsulation hdlc
 shutdown
!
interface FastEthernet0
 ip address 192.168.0.16 255.255.255.0
 ip access-group 101 in
 ip nat outside
 ip virtual-reassembly
 duplex auto
 speed auto
!
interface FastEthernet1
 ip address 172.21.16.1 255.255.255.0
 ip nat inside
 ip virtual-reassembly
 duplex auto
 speed auto
!
interface FastEthernet2
!
interface FastEthernet3
 --More--         
router6#[B  ex  exit
Connection closed by foreign host.
root@server:/dev# e[Kping 1902[K[K2.168.0.1
PING 192.168.0.1 (192.168.0.1) 56(84) bytes of data.
^C
--- 192.168.0.1 ping statistics ---
4 packets transmitted, 0 received, 100% packet loss, time 3064ms

root@server:/dev# traceroute 192.2[K168.0.1
traceroute to 192.168.0.1 (192.168.0.1), 30 hops max, 60 byte packets
 1  _gateway (172.21.16.1)  0.712 ms  0.792 ms  0.888 ms
 2  * * *
 3  * * *
 4  * * *
 5  * * *
 6  * * *
 7  *^C
root@server:/dev# ping 192.168.01[K.1
PING 192.168.0.1 (192.168.0.1) 56(84) bytes of data.
^C
--- 192.168.0.1 ping statistics ---
8 packets transmitted, 0 received, 100% packet loss, time 7144ms

root@server:/dev# ping 172.21.16.1
PING 172.21.16.1 (172.21.16.1) 56(84) bytes of data.
64 bytes from 172.21.16.1: icmp_seq=1 ttl=255 time=0.575 ms
64 bytes from 172.21.16.1: icmp_seq=2 ttl=255 time=0.575 ms
^C
--- 172.21.16.1 ping statistics ---
2 packets transmitted, 2 received, 0% packet loss, time 1001ms
rtt min/avg/max/mdev = 0.575/0.575/0.575/0.000 ms
root@server:/dev# x[Kcurl google[K[K[K[K[K[Khttps://w[Kggog[K[K[Koogleco[K[K.com
^C
root@server:/dev# curl https://google.com[C[C[K[K[K[K[K[K[K[K[K[K[K[K[K[K[K[K[K[K[K[K[K[K[Kssh exp@linux
exp@linux's password: 
Welcome to Ubuntu 20.04.2 LTS (GNU/Linux 5.8.0-53-generic x86_64)

 * Documentation:  https://help.ubuntu.com
 * Management:     https://landscape.canonical.com
 * Support:        https://ubuntu.com/advantage

114 updates can be installed immediately.
0 of these updates are security updates.
To see these additional updates run: apt list --upgradable

Failed to connect to https://changelogs.ubuntu.com/meta-release-lts. Check your Internet connection or proxy settings

Your Hardware Enablement Stack (HWE) is supported until April 2025.
Last login: Thu May 27 15:36:26 2021 from 172.21.16.2
exp@linux:~$ ping [K[K[K[K[Ktracerotue [K[K[K[Kute server
traceroute to server (172.21.16.2), 30 hops max, 60 byte packets
 1  172.21.16.2 (172.21.16.2)  0.188 ms  0.148 ms  0.118 ms
exp@linux:~$ exit
logout
Connection to linux closed.
root@server:/dev# cd /.[Ketc/plan[K[K[K[Knetplan/
root@server:/etc/netplan# ls
00-installer-config.yaml
root@server:/etc/netplan# vi 00-installer-config.yaml [K[K[K[K[K[K[K[K[K[K[K[K[K[K[K[K[K[K[K[K[K[K[K[K[K[K[K[Ktelnet 172.21.16.254
Trying 172.21.16.254...
Connected to 172.21.16.254.
Escape character is '^]'.


User Access Verification

Password: 
switch6>show interface status

Port      Name               Status       Vlan       Duplex  Speed Type
Fa0/1                        connected    16         a-full  a-100 10/100BaseTX
Fa0/2                        notconnect   16           auto   auto 10/100BaseTX
Fa0/3                        notconnect   16           auto   auto 10/100BaseTX
Fa0/4                        notconnect   16           auto   auto 10/100BaseTX
Fa0/5                        connected    16         a-full  a-100 10/100BaseTX
Fa0/6                        notconnect   16           auto   auto 10/100BaseTX
Fa0/7                        connected    16         a-full  a-100 10/100BaseTX
Fa0/8                        notconnect   16           auto   auto 10/100BaseTX
Fa0/9                        notconnect   16           auto   auto 10/100BaseTX
Fa0/10                       notconnect   16           auto   auto 10/100BaseTX
Fa0/11                       notconnect   16           auto   auto 10/100BaseTX
Fa0/12                       connected    16         a-full  a-100 10/100BaseTX
Fa0/13                       connected    16         a-full  a-100 10/100BaseTX
Fa0/14                       notconnect   16           auto   auto 10/100BaseTX
Fa0/15                       notconnect   16           auto   auto 10/100BaseTX
Fa0/16                       notconnect   16           auto   auto 10/100BaseTX
Fa0/17                       notconnect   999          auto   auto 10/100BaseTX
Fa0/18                       notconnect   999          auto   auto 10/100BaseTX
Fa0/19                       connected    999        a-full  a-100 10/100BaseTX
Fa0/20                       notconnect   999          auto   auto 10/100BaseTX
Fa0/21                       notconnect   999          auto   auto 10/100BaseTX
Fa0/22                       notconnect   999          auto   auto 10/100BaseTX
Fa0/23                       notconnect   1            auto   auto 10/100BaseTX
Fa0/24                       notconnect   1            auto   auto 10/100BaseTX
switch6>exit
Connection closed by foreign host.
root@server:/etc/netplan# ping google.com
^C
root@server:/etc/netplan# curl https:..[K[K//www.c[Kgoog;e.com[K[K[K[K[K[Kle.com
^C
root@server:/etc/netplan# ping google.com
PING google.com (172.217.161.238) 56(84) bytes of data.
^C
--- google.com ping statistics ---
7 packets transmitted, 0 received, 100% packet loss, time 6145ms

root@server:/etc/netplan# ping google.com[K[K[K[K[K[K[K[K[K[K192.168.0.1
PING 192.168.0.1 (192.168.0.1) 56(84) bytes of data.
^C
--- 192.168.0.1 ping statistics ---
4 packets transmitted, 0 received, 100% packet loss, time 3058ms

root@server:/etc/netplan# pimg [K[K[Kng 192.168.0.1
PING 192.168.0.1 (192.168.0.1) 56(84) bytes of data.
^C
--- 192.168.0.1 ping statistics ---
49 packets transmitted, 0 received, 100% packet loss, time 49140ms

root@server:/etc/netplan# telnet 172.21.16.254
Trying 172.21.16.254...
Connected to 172.21.16.254.
Escape character is '^]'.


User Access Verification

Password: 
switch6>enbal  le
Translating "enble"
% Unknown command or computer name, or unable to find computer address
switch6>enable
Password: 
switch6#show vlan

VLAN Name                             Status    Ports
---- -------------------------------- --------- -------------------------------
1    default                          active    Fa0/23, Fa0/24
16   group006                         active    Fa0/1, Fa0/2, Fa0/3, Fa0/4, Fa0/5, Fa0/6, Fa0/7, Fa0/8, Fa0/9, Fa0/10, Fa0/11, Fa0/12, Fa0/13, Fa0/14, Fa0/15
                                                Fa0/16
999  backbone                         active    Fa0/17, Fa0/18, Fa0/19, Fa0/20, Fa0/21, Fa0/22
1002 fddi-default                     act/unsup 
1003 token-ring-default               act/unsup 
1004 fddinet-default                  act/unsup 
1005 trnet-default                    act/unsup 

VLAN Type  SAID       MTU   Parent RingNo BridgeNo Stp  BrdgMode Trans1 Trans2
---- ----- ---------- ----- ------ ------ -------- ---- -------- ------ ------
1    enet  100001     1500  -      -      -        -    -        0      0   
16   enet  100016     1500  -      -      -        -    -        0      0   
999  enet  100999     1500  -      -      -        -    -        0      0   
1002 fddi  101002     1500  -      -      -        -    -        0      0   
1003 tr    101003     1500  -      -      -        -    -        0      0   
1004 fdnet 101004     1500  -      -      -        ieee -        0      0   
1005 trnet 101005     1500  -      -      -        ibm  -        0      0   

Primary Secondary Type              Ports
------- --------- ----------------- ------------------------------------------

switch6#exit
Connection closed by foreign host.
root@server:/etc/netplan# telnet 17.2[K[K2.21.16.1
Trying 172.21.16.1...
Connected to 172.21.16.1.
Escape character is '^]'.


User Access Verification

Password: 
router6>enba  able
Password: 
router6#show access-lits  sts
Standard IP access list 1
    10 permit 172.21.16.3 (1753 matches)
    20 permit 172.21.16.4 (4076 matches)
Extended IP access list 101
    10 permit tcp any host 172.21.16.2 established (186 matches)
    20 permit tcp any host 172.21.16.2 eq domain
    30 permit udp any host 172.21.16.2 eq domain
    40 permit tcp any host 172.21.16.2 eq smtp
    50 permit tcp any host 172.21.16.2 eq www
    60 permit tcp any host 172.21.16.2 eq 442
    70 permit tcp any host 172.21.16.2 eq 443
    80 permit udp any eq domain host 172.21.16.2 (184 matches)
    90 permit ip any host 192.168.16.1
router6#show running-config
Building configuration...

Current configuration : 3217 bytes
!
version 12.4
service timestamps debug datetime msec
service timestamps log datetime msec
service password-encryption
!
hostname router6
!
boot-start-marker
boot-end-marker
!
enable password 7 111B160A03425B
!
no aaa new-model
!
!
dot11 syslog
!
!
ip cef
!
!
no ip domain lookup
!
multilink bundle-name authenticated
!
!
username exp password 7 044904091B711C
! 
!
archive
 log config
  hidekeys
!
!
!
!
!
interface BRI0
 no ip address
 encapsulation hdlc
 shutdown
!
interface FastEthernet0
 ip address 192.168.0.16 255.255.255.0
 ip access-group 101 in
 ip nat outside
 ip virtual-reassembly
 duplex auto
 speed auto
!
interface FastEthernet1
 ip address 172.21.16.1 255.255.255.0
 ip nat inside
 ip virtual-reassembly
 duplex auto
 speed auto
!
interface FastEthernet2
!
interface FastEthernet3
 --More--         
router6#[B  show ip nat tras nslation
Pro Inside global         Inside local          Outside local         Outside global
tcp 192.168.0.16:36088    172.21.16.3:36088     44.236.127.247:443    44.236.127.247:443
tcp 192.168.0.16:36908    172.21.16.3:36908     34.107.221.82:80      34.107.221.82:80
tcp 192.168.0.16:36914    172.21.16.3:36914     34.107.221.82:80      34.107.221.82:80
tcp 192.168.0.16:36922    172.21.16.3:36922     34.107.221.82:80      34.107.221.82:80
tcp 192.168.0.16:36976    172.21.16.3:36976     34.107.221.82:80      34.107.221.82:80
tcp 192.168.0.16:36978    172.21.16.3:36978     34.107.221.82:80      34.107.221.82:80
tcp 192.168.0.16:36984    172.21.16.3:36984     34.107.221.82:80      34.107.221.82:80
tcp 192.168.0.16:36986    172.21.16.3:36986     34.107.221.82:80      34.107.221.82:80
tcp 192.168.0.16:36988    172.21.16.3:36988     34.107.221.82:80      34.107.221.82:80
tcp 192.168.0.16:36990    172.21.16.3:36990     34.107.221.82:80      34.107.221.82:80
tcp 192.168.0.16:37002    172.21.16.3:37002     34.107.221.82:80      34.107.221.82:80
tcp 192.168.0.16:37006    172.21.16.3:37006     34.107.221.82:80      34.107.221.82:80
tcp 192.168.0.16:37008    172.21.16.3:37008     34.107.221.82:80      34.107.221.82:80
tcp 192.168.0.16:37010    172.21.16.3:37010     34.107.221.82:80      34.107.221.82:80
tcp 192.168.0.16:37012    172.21.16.3:37012     34.107.221.82:80      34.107.221.82:80
tcp 192.168.0.16:37014    172.21.16.3:37014     34.107.221.82:80      34.107.221.82:80
tcp 192.168.0.16:37016    172.21.16.3:37016     34.107.221.82:80      34.107.221.82:80
tcp 192.168.0.16:37024    172.21.16.3:37024     34.107.221.82:80      34.107.221.82:80
tcp 192.168.0.16:37032    172.21.16.3:37032     34.107.221.82:80      34.107.221.82:80
tcp 192.168.0.16:37046    172.21.16.3:37046     34.107.221.82:80      34.107.221.82:80
tcp 192.168.0.16:37048    172.21.16.3:37048     34.107.221.82:80      34.107.221.82:80
tcp 192.168.0.16:37050    172.21.16.3:37050     34.107.221.82:80      34.107.221.82:80
tcp 192.168.0.16:37058    172.21.16.3:37058     34.107.221.82:80      34.107.221.82:80
tcp 192.168.0.16:37080    172.21.16.3:37080     34.107.221.82:80      34.107.221.82:80
tcp 192.168.0.16:37084    172.21.16.3:37084     34.107.221.82:80      34.107.221.82:80
tcp 192.168.0.16:37086    172.21.16.3:37086     34.107.221.82:80      34.107.221.82:80
tcp 192.168.0.16:37088    172.21.16.3:37088     34.107.221.82:80      34.107.221.82:80
tcp 192.168.0.16:37090    172.21.16.3:37090     34.107.221.82:80      34.107.221.82:80
tcp 192.168.0.16:37096    172.21.16.3:37096     34.107.221.82:80      34.107.221.82:80
tcp 192.168.0.16:37098    172.21.16.3:37098     34.107.221.82:80      34.107.221.82:80
tcp 192.168.0.16:37100    172.21.16.3:37100     34.107.221.82:80      34.107.221.82:80
tcp 192.168.0.16:37102    172.21.16.3:37102     34.107.221.82:80      34.107.221.82:80
tcp 192.168.0.16:37104    172.21.16.3:37104     34.107.221.82:80      34.107.221.82:80
tcp 192.168.0.16:37106    172.21.16.3:37106     34.107.221.82:80      34.107.221.82:80
tcp 192.168.0.16:37108    172.21.16.3:37108     34.107.221.82:80      34.107.221.82:80
tcp 192.168.0.16:37110    172.21.16.3:37110     34.107.221.82:80      34.107.221.82:80
tcp 192.168.0.16:37112    172.21.16.3:37112     34.107.221.82:80      34.107.221.82:80
tcp 192.168.0.16:37114    172.21.16.3:37114     34.107.221.82:80      34.107.221.82:80
tcp 192.168.0.16:37116    172.21.16.3:37116     34.107.221.82:80      34.107.221.82:80
tcp 192.168.0.16:37118    172.21.16.3:37118     34.107.221.82:80      34.107.221.82:80
tcp 192.168.0.16:37124    172.21.16.3:37124     34.107.221.82:80      34.107.221.82:80
tcp 192.168.0.16:37146    172.21.16.3:37146     34.107.221.82:80      34.107.221.82:80
tcp 192.168.0.16:37148    172.21.16.3:37148     34.107.221.82:80      34.107.221.82:80
tcp 192.168.0.16:37150    172.21.16.3:37150     34.107.221.82:80      34.107.221.82:80
tcp 192.168.0.16:37152    172.21.16.3:37152     34.107.221.82:80      34.107.221.82:80
tcp 192.168.0.16:37154    172.21.16.3:37154     34.107.221.82:80      34.107.221.82:80
tcp 192.168.0.16:37160    172.21.16.3:37160     34.107.221.82:80      34.107.221.82:80
tcp 192.168.0.16:37174    172.21.16.3:37174     34.107.221.82:80      34.107.221.82:80
tcp 192.168.0.16:37176    172.21.16.3:37176     34.107.221.82:80      34.107.221.82:80
tcp 192.168.0.16:37184    172.21.16.3:37184     34.107.221.82:80      34.107.221.82:80
tcp 192.168.0.16:37186    172.21.16.3:37186     34.107.221.82:80      34.107.221.82:80
tcp 192.168.0.16:37188    172.21.16.3:37188     34.107.221.82:80      34.107.221.82:80
tcp 192.168.0.16:37192    172.21.16.3:37192     34.107.221.82:80      34.107.221.82:80
tcp 192.168.0.16:37196    172.21.16.3:37196     34.107.221.82:80      34.107.221.82:80
tcp 192.168.0.16:37198    172.21.16.3:37198     34.107.221.82:80      34.107.221.82:80
tcp 192.168.0.16:37200    172.21.16.3:37200     34.107.221.82:80      34.107.221.82:80
tcp 192.168.0.16:37202    172.21.16.3:37202     34.107.221.82:80      34.107.221.82:80
tcp 192.168.0.16:37212    172.21.16.3:37212     34.107.221.82:80      34.107.221.82:80
tcp 192.168.0.16:37214    172.21.16.3:37214     34.107.221.82:80      34.107.221.82:80
tcp 192.168.0.16:37216    172.21.16.3:37216     34.107.221.82:80      34.107.221.82:80
tcp 192.168.0.16:37224    172.21.16.3:37224     34.107.221.82:80      34.107.221.82:80
tcp 192.168.0.16:37226    172.21.16.3:37226     34.107.221.82:80      34.107.221.82:80
 --More--         
router6#[A  exit
Connection closed by foreign host.
root@server:/etc/netplan# ping linux
PING linux.g6.exp.info.kochi-tech.ac.jp (172.21.16.3) 56(84) bytes of data.
64 bytes from 172.21.16.3 (172.21.16.3): icmp_seq=1 ttl=64 time=0.318 ms
64 bytes from 172.21.16.3 (172.21.16.3): icmp_seq=2 ttl=64 time=0.302 ms
64 bytes from 172.21.16.3 (172.21.16.3): icmp_seq=3 ttl=64 time=0.416 ms
^C
--- linux.g6.exp.info.kochi-tech.ac.jp ping statistics ---
3 packets transmitted, 3 received, 0% packet loss, time 2030ms
rtt min/avg/max/mdev = 0.302/0.345/0.416/0.050 ms
root@server:/etc/netplan# telnet 172.21.16.1
Trying 172.21.16.1...
Connected to 172.21.16.1.
Escape character is '^]'.


User Access Verification

Password: 
router6>enbale
Translating "enbale"

Translating "enbale"

% Unknown command or computer name, or unable to find computer address
router6>enable
Password: 
router6#exit
Connection closed by foreign host.
root@server:/etc/netplan# e[Kifconfig
enp2s0: flags=4163<UP,BROADCAST,RUNNING,MULTICAST>  mtu 1500
        inet 172.21.16.2  netmask 255.255.255.0  broadcast 172.21.16.255
        inet6 fe80::e2cb:4eff:fe7a:af45  prefixlen 64  scopeid 0x20<link>
        ether e0:cb:4e:7a:af:45  txqueuelen 1000  (Ethernet)
        RX packets 9863  bytes 920321 (920.3 KB)
        RX errors 0  dropped 1157  overruns 0  frame 0
        TX packets 12711  bytes 1258609 (1.2 MB)
        TX errors 0  dropped 0 overruns 0  carrier 0  collisions 0
        device interrupt 17  

enp3s0: flags=4099<UP,BROADCAST,MULTICAST>  mtu 1500
        ether e0:cb:4e:7a:af:8d  txqueuelen 1000  (Ethernet)
        RX packets 0  bytes 0 (0.0 B)
        RX errors 0  dropped 0  overruns 0  frame 0
        TX packets 0  bytes 0 (0.0 B)
        TX errors 0  dropped 0 overruns 0  carrier 0  collisions 0
        device interrupt 16  

lo: flags=73<UP,LOOPBACK,RUNNING>  mtu 65536
        inet 127.0.0.1  netmask 255.0.0.0
        inet6 ::1  prefixlen 128  scopeid 0x10<host>
        loop  txqueuelen 1000  (Local Loopback)
        RX packets 12639  bytes 1038490 (1.0 MB)
        RX errors 0  dropped 0  overruns 0  frame 0
        TX packets 12639  bytes 1038490 (1.0 MB)
        TX errors 0  dropped 0 overruns 0  carrier 0  collisions 0

root@server:/etc/netplan# ping 172.21.16.1
PING 172.21.16.1 (172.21.16.1) 56(84) bytes of data.
64 bytes from 172.21.16.1: icmp_seq=1 ttl=255 time=0.571 ms
64 bytes from 172.21.16.1: icmp_seq=2 ttl=255 time=0.551 ms
64 bytes from 172.21.16.1: icmp_seq=3 ttl=255 time=0.550 ms
64 bytes from 172.21.16.1: icmp_seq=4 ttl=255 time=0.555 ms
^C
--- 172.21.16.1 ping statistics ---
4 packets transmitted, 4 received, 0% packet loss, time 3076ms
rtt min/avg/max/mdev = 0.550/0.556/0.571/0.008 ms
root@server:/etc/netplan# telnet 172.21.16.1
Trying 172.21.16.1...
Connected to 172.21.16.1.
Escape character is '^]'.


User Access Verification

Password: 
router6>show ip route
Codes: C - connected, S - static, R - RIP, M - mobile, B - BGP
       D - EIGRP, EX - EIGRP external, O - OSPF, IA - OSPF inter area 
       N1 - OSPF NSSA external type 1, N2 - OSPF NSSA external type 2
       E1 - OSPF external type 1, E2 - OSPF external type 2
       i - IS-IS, su - IS-IS summary, L1 - IS-IS level-1, L2 - IS-IS level-2
       ia - IS-IS inter area, * - candidate default, U - per-user static route
       o - ODR, P - periodic downloaded static route

Gateway of last resort is 192.168.0.22 to network 0.0.0.0

     172.21.0.0/24 is subnetted, 13 subnets
S       172.21.17.0 [1/0] via 192.168.0.17
C       172.21.16.0 is directly connected, FastEthernet1
S       172.21.19.0 [1/0] via 192.168.0.19
S       172.21.18.0 [1/0] via 192.168.0.18
S       172.21.21.0 [1/0] via 192.168.0.21
S       172.21.20.0 [1/0] via 192.168.0.20
S       172.21.22.0 [1/0] via 192.168.0.22
S       172.21.11.0 [1/0] via 192.168.0.11
S       172.21.13.0 [1/0] via 192.168.0.13
S       172.21.12.0 [1/0] via 192.168.0.12
S       172.21.15.0 [1/0] via 192.168.0.15
S       172.21.14.0 [1/0] via 192.168.0.14
S       172.21.0.0 [1/0] via 192.168.0.22
C    192.168.0.0/24 is directly connected, FastEthernet0
S*   0.0.0.0/0 [1/0] via 192.168.0.22
               [1/0] via 192.168.0.9
router6>show access-lists
Standard IP access list 1
    10 permit 172.21.16.3 (1795 matches)
    20 permit 172.21.16.4 (4093 matches)
Extended IP access list 101
    10 permit tcp any host 172.21.16.2 established (218 matches)
    20 permit tcp any host 172.21.16.2 eq domain
    30 permit udp any host 172.21.16.2 eq domain
    40 permit tcp any host 172.21.16.2 eq smtp
    50 permit tcp any host 172.21.16.2 eq www
    60 permit tcp any host 172.21.16.2 eq 442
    70 permit tcp any host 172.21.16.2 eq 443
    80 permit udp any eq domain host 172.21.16.2 (279 matches)
    90 permit ip any host 192.168.16.1
router6>show access-lists            vlan
% Ambiguous command:  "show vlan"
router6>show vlanan    running-config
              ^
% Invalid input detected at '^' marker.

router6>show running-configg-config                   enable
Password: 
Password: 
router6#show running-config
Building configuration...

Current configuration : 3217 bytes
!
version 12.4
service timestamps debug datetime msec
service timestamps log datetime msec
service password-encryption
!
hostname router6
!
boot-start-marker
boot-end-marker
!
enable password 7 111B160A03425B
!
no aaa new-model
!
!
dot11 syslog
!
!
ip cef
!
!
no ip domain lookup
!
multilink bundle-name authenticated
!
!
username exp password 7 044904091B711C
! 
!
archive
 log config
  hidekeys
!
!
!
!
!
interface BRI0
 no ip address
 encapsulation hdlc
 shutdown
!
interface FastEthernet0
 ip address 192.168.0.16 255.255.255.0
 ip access-group 101 in
 ip nat outside
 ip virtual-reassembly
 duplex auto
 speed auto
!
interface FastEthernet1
 ip address 172.21.16.1 255.255.255.0
 ip nat inside
 ip virtual-reassembly
 duplex auto
 speed auto
!
interface FastEthernet2
!
interface FastEthernet3
 --More--         !
interface FastEthernet4
!
interface FastEthernet5
!
interface FastEthernet6
!
interface FastEthernet7
!
interface FastEthernet8
!
interface FastEthernet9
!
interface Vlan1
 no ip address
!
ip forward-protocol nd
ip route 0.0.0.0 0.0.0.0 192.168.0.9
ip route 0.0.0.0 0.0.0.0 192.168.0.22
ip route 172.21.0.0 255.255.255.0 192.168.0.22
ip route 172.21.11.0 255.255.255.0 192.168.0.11
ip route 172.21.12.0 255.255.255.0 192.168.0.12
ip route 172.21.13.0 255.255.255.0 192.168.0.13
ip route 172.21.14.0 255.255.255.0 192.168.0.14
ip route 172.21.15.0 255.255.255.0 192.168.0.15
ip route 172.21.16.0 255.255.255.0 172.21.11.1
ip route 172.21.16.0 255.255.255.0 172.21.12.1
ip route 172.21.16.0 255.255.255.0 172.21.13.1
ip route 172.21.16.0 255.255.255.0 172.21.14.1
ip route 172.21.16.0 255.255.255.0 172.21.15.1
ip route 172.21.16.0 255.255.255.0 172.21.17.1
ip route 172.21.16.0 255.255.255.0 172.21.18.1
ip route 172.21.16.0 255.255.255.0 172.21.19.1
ip route 172.21.16.0 255.255.255.0 172.21.20.1
ip route 172.21.16.0 255.255.255.0 172.21.21.1
ip route 172.21.16.0 255.255.255.0 172.21.22.1
ip route 172.21.16.0 255.255.255.0 192.168.0.1
ip route 172.21.17.0 255.255.255.0 192.168.0.17
ip route 172.21.18.0 255.255.255.0 192.168.0.18
ip route 172.21.19.0 255.255.255.0 192.168.0.19
ip route 172.21.20.0 255.255.255.0 192.168.0.20
ip route 172.21.21.0 255.255.255.0 192.168.0.21
ip route 172.21.22.0 255.255.255.0 192.168.0.22
ip route 192.168.0.0 255.255.255.0 192.168.0.22
ip route 192.168.0.0 255.255.255.0 172.21.22.1
ip route 192.168.0.0 255.255.255.0 192.168.0.1
!
!
no ip http server
no ip http secure-server
ip nat pool g6 192.168.0.16 192.168.0.16 prefix-length 24
ip nat inside source list 1 pool g6 overload
!
access-list 1 permit 172.21.16.3
access-list 1 permit 172.21.16.4
access-list 101 permit tcp any host 172.21.16.2 established
access-list 101 permit tcp any host 172.21.16.2 eq domain
access-list 101 permit udp any host 172.21.16.2 eq domain
access-list 101 permit tcp any host 172.21.16.2 eq smtp
access-list 101 permit tcp any host 172.21.16.2 eq www
access-list 101 permit tcp any host 172.21.16.2 eq 442
access-list 101 permit tcp any host 172.21.16.2 eq 443
access-list 101 permit udp any eq domain host 172.21.16.2
 --More--         access-list 101 permit ip any host 192.168.16.1
!
!
!
!
!
!
control-plane
!
!
line con 0
 logging synchronous
line aux 0
line vty 0 4
 password 7 03165404125F71
 login
!
end

router6#who     show ip route
Codes: C - connected, S - static, R - RIP, M - mobile, B - BGP
       D - EIGRP, EX - EIGRP external, O - OSPF, IA - OSPF inter area 
       N1 - OSPF NSSA external type 1, N2 - OSPF NSSA external type 2
       E1 - OSPF external type 1, E2 - OSPF external type 2
       i - IS-IS, su - IS-IS summary, L1 - IS-IS level-1, L2 - IS-IS level-2
       ia - IS-IS inter area, * - candidate default, U - per-user static route
       o - ODR, P - periodic downloaded static route

Gateway of last resort is 192.168.0.22 to network 0.0.0.0

     172.21.0.0/24 is subnetted, 13 subnets
S       172.21.17.0 [1/0] via 192.168.0.17
C       172.21.16.0 is directly connected, FastEthernet1
S       172.21.19.0 [1/0] via 192.168.0.19
S       172.21.18.0 [1/0] via 192.168.0.18
S       172.21.21.0 [1/0] via 192.168.0.21
S       172.21.20.0 [1/0] via 192.168.0.20
S       172.21.22.0 [1/0] via 192.168.0.22
S       172.21.11.0 [1/0] via 192.168.0.11
S       172.21.13.0 [1/0] via 192.168.0.13
S       172.21.12.0 [1/0] via 192.168.0.12
S       172.21.15.0 [1/0] via 192.168.0.15
S       172.21.14.0 [1/0] via 192.168.0.14
S       172.21.0.0 [1/0] via 192.168.0.22
C    192.168.0.0/24 is directly connected, FastEthernet0
S*   0.0.0.0/0 [1/0] via 192.168.0.22
               [1/0] via 192.168.0.9
router6#show ip routerunning-config
Building configuration...

Current configuration : 3217 bytes
!
version 12.4
service timestamps debug datetime msec
service timestamps log datetime msec
service password-encryption
!
hostname router6
!
boot-start-marker
boot-end-marker
!
enable password 7 111B160A03425B
!
no aaa new-model
!
!
dot11 syslog
!
!
ip cef
!
!
no ip domain lookup
!
multilink bundle-name authenticated
!
!
username exp password 7 044904091B711C
! 
!
archive
 log config
  hidekeys
!
!
!
!
!
interface BRI0
 no ip address
 encapsulation hdlc
 shutdown
!
interface FastEthernet0
 ip address 192.168.0.16 255.255.255.0
 ip access-group 101 in
 ip nat outside
 ip virtual-reassembly
 duplex auto
 speed auto
!
interface FastEthernet1
 ip address 172.21.16.1 255.255.255.0
 ip nat inside
 ip virtual-reassembly
 duplex auto
 speed auto
!
interface FastEthernet2
!
interface FastEthernet3
 --More--         !
interface FastEthernet4
!
interface FastEthernet5
!
interface FastEthernet6
!
interface FastEthernet7
!
interface FastEthernet8
!
interface FastEthernet9
!
interface Vlan1
 no ip address
!
ip forward-protocol nd
ip route 0.0.0.0 0.0.0.0 192.168.0.9
ip route 0.0.0.0 0.0.0.0 192.168.0.22
ip route 172.21.0.0 255.255.255.0 192.168.0.22
ip route 172.21.11.0 255.255.255.0 192.168.0.11
ip route 172.21.12.0 255.255.255.0 192.168.0.12
ip route 172.21.13.0 255.255.255.0 192.168.0.13
ip route 172.21.14.0 255.255.255.0 192.168.0.14
ip route 172.21.15.0 255.255.255.0 192.168.0.15
ip route 172.21.16.0 255.255.255.0 172.21.11.1
ip route 172.21.16.0 255.255.255.0 172.21.12.1
ip route 172.21.16.0 255.255.255.0 172.21.13.1
ip route 172.21.16.0 255.255.255.0 172.21.14.1
ip route 172.21.16.0 255.255.255.0 172.21.15.1
ip route 172.21.16.0 255.255.255.0 172.21.17.1
ip route 172.21.16.0 255.255.255.0 172.21.18.1
ip route 172.21.16.0 255.255.255.0 172.21.19.1
ip route 172.21.16.0 255.255.255.0 172.21.20.1
ip route 172.21.16.0 255.255.255.0 172.21.21.1
ip route 172.21.16.0 255.255.255.0 172.21.22.1
ip route 172.21.16.0 255.255.255.0 192.168.0.1
ip route 172.21.17.0 255.255.255.0 192.168.0.17
ip route 172.21.18.0 255.255.255.0 192.168.0.18
ip route 172.21.19.0 255.255.255.0 192.168.0.19
ip route 172.21.20.0 255.255.255.0 192.168.0.20
ip route 172.21.21.0 255.255.255.0 192.168.0.21
ip route 172.21.22.0 255.255.255.0 192.168.0.22
ip route 192.168.0.0 255.255.255.0 192.168.0.22
ip route 192.168.0.0 255.255.255.0 172.21.22.1
ip route 192.168.0.0 255.255.255.0 192.168.0.1
!
!
no ip http server
no ip http secure-server
ip nat pool g6 192.168.0.16 192.168.0.16 prefix-length 24
ip nat inside source list 1 pool g6 overload
!
access-list 1 permit 172.21.16.3
access-list 1 permit 172.21.16.4
access-list 101 permit tcp any host 172.21.16.2 established
access-list 101 permit tcp any host 172.21.16.2 eq domain
access-list 101 permit udp any host 172.21.16.2 eq domain
access-list 101 permit tcp any host 172.21.16.2 eq smtp
access-list 101 permit tcp any host 172.21.16.2 eq www
access-list 101 permit tcp any host 172.21.16.2 eq 442
access-list 101 permit tcp any host 172.21.16.2 eq 443
access-list 101 permit udp any eq domain host 172.21.16.2
 --More--         
router6#show p i  p route
Codes: C - connected, S - static, R - RIP, M - mobile, B - BGP
       D - EIGRP, EX - EIGRP external, O - OSPF, IA - OSPF inter area 
       N1 - OSPF NSSA external type 1, N2 - OSPF NSSA external type 2
       E1 - OSPF external type 1, E2 - OSPF external type 2
       i - IS-IS, su - IS-IS summary, L1 - IS-IS level-1, L2 - IS-IS level-2
       ia - IS-IS inter area, * - candidate default, U - per-user static route
       o - ODR, P - periodic downloaded static route

Gateway of last resort is 192.168.0.22 to network 0.0.0.0

     172.21.0.0/24 is subnetted, 13 subnets
S       172.21.17.0 [1/0] via 192.168.0.17
C       172.21.16.0 is directly connected, FastEthernet1
S       172.21.19.0 [1/0] via 192.168.0.19
S       172.21.18.0 [1/0] via 192.168.0.18
S       172.21.21.0 [1/0] via 192.168.0.21
S       172.21.20.0 [1/0] via 192.168.0.20
S       172.21.22.0 [1/0] via 192.168.0.22
S       172.21.11.0 [1/0] via 192.168.0.11
S       172.21.13.0 [1/0] via 192.168.0.13
S       172.21.12.0 [1/0] via 192.168.0.12
S       172.21.15.0 [1/0] via 192.168.0.15
S       172.21.14.0 [1/0] via 192.168.0.14
S       172.21.0.0 [1/0] via 192.168.0.22
C    192.168.0.0/24 is directly connected, FastEthernet0
S*   0.0.0.0/0 [1/0] via 192.168.0.22
               [1/0] via 192.168.0.9
router6#show running-config
Building configuration...

Current configuration : 3217 bytes
!
version 12.4
service timestamps debug datetime msec
service timestamps log datetime msec
service password-encryption
!
hostname router6
!
boot-start-marker
boot-end-marker
!
enable password 7 111B160A03425B
!
no aaa new-model
!
!
dot11 syslog
!
!
ip cef
!
!
no ip domain lookup
!
multilink bundle-name authenticated
!
!
username exp password 7 044904091B711C
! 
!
archive
 log config
  hidekeys
!
!
!
!
!
interface BRI0
 no ip address
 encapsulation hdlc
 shutdown
!
interface FastEthernet0
 ip address 192.168.0.16 255.255.255.0
 ip access-group 101 in
 ip nat outside
 ip virtual-reassembly
 duplex auto
 speed auto
!
interface FastEthernet1
 ip address 172.21.16.1 255.255.255.0
 ip nat inside
 ip virtual-reassembly
 duplex auto
 speed auto
!
interface FastEthernet2
!
interface FastEthernet3
 --More--         !
interface FastEthernet4
!
interface FastEthernet5
!
interface FastEthernet6
!
interface FastEthernet7
!
interface FastEthernet8
!
interface FastEthernet9
!
interface Vlan1
 no ip address
!
ip forward-protocol nd
ip route 0.0.0.0 0.0.0.0 192.168.0.9
ip route 0.0.0.0 0.0.0.0 192.168.0.22
ip route 172.21.0.0 255.255.255.0 192.168.0.22
ip route 172.21.11.0 255.255.255.0 192.168.0.11
ip route 172.21.12.0 255.255.255.0 192.168.0.12
ip route 172.21.13.0 255.255.255.0 192.168.0.13
ip route 172.21.14.0 255.255.255.0 192.168.0.14
ip route 172.21.15.0 255.255.255.0 192.168.0.15
ip route 172.21.16.0 255.255.255.0 172.21.11.1
ip route 172.21.16.0 255.255.255.0 172.21.12.1
ip route 172.21.16.0 255.255.255.0 172.21.13.1
ip route 172.21.16.0 255.255.255.0 172.21.14.1
ip route 172.21.16.0 255.255.255.0 172.21.15.1
ip route 172.21.16.0 255.255.255.0 172.21.17.1
ip route 172.21.16.0 255.255.255.0 172.21.18.1
ip route 172.21.16.0 255.255.255.0 172.21.19.1
ip route 172.21.16.0 255.255.255.0 172.21.20.1
ip route 172.21.16.0 255.255.255.0 172.21.21.1
ip route 172.21.16.0 255.255.255.0 172.21.22.1
ip route 172.21.16.0 255.255.255.0 192.168.0.1
ip route 172.21.17.0 255.255.255.0 192.168.0.17
ip route 172.21.18.0 255.255.255.0 192.168.0.18
ip route 172.21.19.0 255.255.255.0 192.168.0.19
ip route 172.21.20.0 255.255.255.0 192.168.0.20
ip route 172.21.21.0 255.255.255.0 192.168.0.21
ip route 172.21.22.0 255.255.255.0 192.168.0.22
ip route 192.168.0.0 255.255.255.0 192.168.0.22
ip route 192.168.0.0 255.255.255.0 172.21.22.1
ip route 192.168.0.0 255.255.255.0 192.168.0.1
!
!
no ip http server
no ip http secure-server
ip nat pool g6 192.168.0.16 192.168.0.16 prefix-length 24
ip nat inside source list 1 pool g6 overload
!
access-list 1 permit 172.21.16.3
access-list 1 permit 172.21.16.4
access-list 101 permit tcp any host 172.21.16.2 established
access-list 101 permit tcp any host 172.21.16.2 eq domain
access-list 101 permit udp any host 172.21.16.2 eq domain
access-list 101 permit tcp any host 172.21.16.2 eq smtp
access-list 101 permit tcp any host 172.21.16.2 eq www
access-list 101 permit tcp any host 172.21.16.2 eq 442
access-list 101 permit tcp any host 172.21.16.2 eq 443
access-list 101 permit udp any eq domain host 172.21.16.2
 --More--         
router6#[A  show running-configip route      running-config
Building configuration...

Current configuration : 3217 bytes
!
version 12.4
service timestamps debug datetime msec
service timestamps log datetime msec
service password-encryption
!
hostname router6
!
boot-start-marker
boot-end-marker
!
enable password 7 111B160A03425B
!
no aaa new-model
!
!
dot11 syslog
!
!
ip cef
!
!
no ip domain lookup
!
multilink bundle-name authenticated
!
!
username exp password 7 044904091B711C
! 
!
archive
 log config
  hidekeys
!
!
!
!
!
interface BRI0
 no ip address
 encapsulation hdlc
 shutdown
!
interface FastEthernet0
 ip address 192.168.0.16 255.255.255.0
 ip access-group 101 in
 ip nat outside
 ip virtual-reassembly
 duplex auto
 speed auto
!
interface FastEthernet1
 ip address 172.21.16.1 255.255.255.0
 ip nat inside
 ip virtual-reassembly
 duplex auto
 speed auto
!
interface FastEthernet2
!
interface FastEthernet3
 --More--         !
interface FastEthernet4
!
interface FastEthernet5
!
interface FastEthernet6
!
interface FastEthernet7
!
interface FastEthernet8
!
interface FastEthernet9
!
interface Vlan1
 no ip address
!
ip forward-protocol nd
ip route 0.0.0.0 0.0.0.0 192.168.0.9
ip route 0.0.0.0 0.0.0.0 192.168.0.22
ip route 172.21.0.0 255.255.255.0 192.168.0.22
ip route 172.21.11.0 255.255.255.0 192.168.0.11
ip route 172.21.12.0 255.255.255.0 192.168.0.12
ip route 172.21.13.0 255.255.255.0 192.168.0.13
ip route 172.21.14.0 255.255.255.0 192.168.0.14
ip route 172.21.15.0 255.255.255.0 192.168.0.15
ip route 172.21.16.0 255.255.255.0 172.21.11.1
ip route 172.21.16.0 255.255.255.0 172.21.12.1
ip route 172.21.16.0 255.255.255.0 172.21.13.1
ip route 172.21.16.0 255.255.255.0 172.21.14.1
ip route 172.21.16.0 255.255.255.0 172.21.15.1
ip route 172.21.16.0 255.255.255.0 172.21.17.1
ip route 172.21.16.0 255.255.255.0 172.21.18.1
ip route 172.21.16.0 255.255.255.0 172.21.19.1
ip route 172.21.16.0 255.255.255.0 172.21.20.1
ip route 172.21.16.0 255.255.255.0 172.21.21.1
ip route 172.21.16.0 255.255.255.0 172.21.22.1
ip route 172.21.16.0 255.255.255.0 192.168.0.1
ip route 172.21.17.0 255.255.255.0 192.168.0.17
ip route 172.21.18.0 255.255.255.0 192.168.0.18
ip route 172.21.19.0 255.255.255.0 192.168.0.19
ip route 172.21.20.0 255.255.255.0 192.168.0.20
ip route 172.21.21.0 255.255.255.0 192.168.0.21
ip route 172.21.22.0 255.255.255.0 192.168.0.22
ip route 192.168.0.0 255.255.255.0 192.168.0.22
ip route 192.168.0.0 255.255.255.0 172.21.22.1
ip route 192.168.0.0 255.255.255.0 192.168.0.1
!
!
no ip http server
no ip http secure-server
ip nat pool g6 192.168.0.16 192.168.0.16 prefix-length 24
ip nat inside source list 1 pool g6 overload
!
access-list 1 permit 172.21.16.3
access-list 1 permit 172.21.16.4
access-list 101 permit tcp any host 172.21.16.2 established
access-list 101 permit tcp any host 172.21.16.2 eq domain
access-list 101 permit udp any host 172.21.16.2 eq domain
access-list 101 permit tcp any host 172.21.16.2 eq smtp
access-list 101 permit tcp any host 172.21.16.2 eq www
access-list 101 permit tcp any host 172.21.16.2 eq 442
access-list 101 permit tcp any host 172.21.16.2 eq 443
access-list 101 permit udp any eq domain host 172.21.16.2
 --More--         
router6#configure terminal
Enter configuration commands, one per line.  End with CNTL/Z.
router6(config)#no ip route 192.1689 .0.0 255.255.255.0 192.169.0.22
%No matching route to delete
router6(config)#no ip route 192.168.0.0 255.255.255.0 192.169.0.22                                                  no ip route 192.158.   68.0.1 0 255.255.255.0 192.168, .0.22
router6(config)#no ip route 192.168.0.0 255.255.255.0 192.168.0.22            172.21.22.1
router6(config)#no ip route 192.168.0.0 255.255.255.0 172.21.22.192.168.0.229.0.228.0.22                               .16.0 255.255.255.0 172, .21.11.1
%No matching route to delete
router6(config)#no ip route 192.168.16.0 255.255.255.0 172.21.11.1                                                  no ip route 192.168.16.0 255.255.255.0 172.21.11.1 255.255.255.0 172.21.11.1  255.255.255.0 172.21.11.1  255.255.255.0 172.21.11.1  255.255.255.0 172.21.11.1  255.255.255.0 172.21.11.1  255.255.255.0 172.21.11.1  255.255.255.0 172.21.11.1  255.255.255.0 172.21.11.1  255.255.255.0 172.21.11.1  255.255.255.0 172.21.11.1  255.255.255.0 172.21.11.1  255.255.255.0 172.21.11.1 1 255.255.255.0 172.21.11.17 255.255.255.0 172.21.11.12 255.255.255.0 172.21.11.1, 255.255.255.0 172.21.11.12 255.255.255.0 172.21.11.1 255.255.255.0 172.21.11.1  255.255.255.0 172.21.11.1 . 255.255.255.0 172.21.11.12 255.255.255.0 172.21.11.11 255.255.255.0 172.21.11.1. 255.255.255.0 172.21.11.11 255.255.255.0 172.21.11.16 255.255.255.0 172.21.11.1. 255.255.255.0 172.21.11.10 255.255.255.0 172.21.11.1
router6(config)#no ip route 172.21.16.0 255.255.255.0 172.21.11.1   2.1
router6(config)#no ip route 172.21.16.0 255.255.255.0 172.21.12.1.1 3.1
router6(config)#no ip route 172.21.16.0 255.255.255.0 172.21.13.1.1 4.1
router6(config)#no ip route 172.21.16.0 255.255.255.0 172.21.14.1.1 5.1
router6(config)#no ip route 172.21.16.0 255.255.255.0 172.21.15.1.1 7.1
router6(config)#no ip route 172.21.16.0 255.255.255.0 172.21.17.1.1 8.1
router6(config)#no ip route 172.21.16.0 255.255.255.0 172.21.18.1.1 0.1.1 9.1
router6(config)#no ip route 172.21.16.0 255.255.255.0 172.21.19.1\.1.1 .1 .1 0.11.1.1 1.1.1 .1 2.10.1
router6(config)#no ip route 172.21.16.0 255.255.255.0 172.21.20.1.1 1.1
router6(config)#no ip route 172.21.16.0 255.255.255.0 172.21.21.1.1 2.1
router6(config)#show ip route
                  ^
% Invalid input detected at '^' marker.

router6(config)#show ip route
                  ^
% Invalid input detected at '^' marker.

router6(config)#exit
router6#show ip route
Codes: C - connected, S - static, R - RIP, M - mobile, B - BGP
       D - EIGRP, EX - EIGRP external, O - OSPF, IA - OSPF inter area 
       N1 - OSPF NSSA external type 1, N2 - OSPF NSSA external type 2
       E1 - OSPF external type 1, E2 - OSPF external type 2
       i - IS-IS, su - IS-IS summary, L1 - IS-IS level-1, L2 - IS-IS level-2
       ia - IS-IS inter area, * - candidate default, U - per-user static route
       o - ODR, P - periodic downloaded static route

Gateway of last resort is 192.168.0.22 to network 0.0.0.0

     172.21.0.0/24 is subnetted, 13 subnets
S       172.21.17.0 [1/0] via 192.168.0.17
C       172.21.16.0 is directly connected, FastEthernet1
S       172.21.19.0 [1/0] via 192.168.0.19
S       172.21.18.0 [1/0] via 192.168.0.18
S       172.21.21.0 [1/0] via 192.168.0.21
S       172.21.20.0 [1/0] via 192.168.0.20
S       172.21.22.0 [1/0] via 192.168.0.22
S       172.21.11.0 [1/0] via 192.168.0.11
S       172.21.13.0 [1/0] via 192.168.0.13
S       172.21.12.0 [1/0] via 192.168.0.12
S       172.21.15.0 [1/0] via 192.168.0.15
S       172.21.14.0 [1/0] via 192.168.0.14
S       172.21.0.0 [1/0] via 192.168.0.22
C    192.168.0.0/24 is directly connected, FastEthernet0
S*   0.0.0.0/0 [1/0] via 192.168.0.22
               [1/0] via 192.168.0.9
router6#show running-             te co   configure teminal
                    ^
% Invalid input detected at '^' marker.

router6#configure teminal                 configure terminal
Enter configuration commands, one per line.  End with CNTL/Z.
router6(config)#no ip route - 0.0.0.0 0.0.0.0 192.168.0.21 2
router6(config)#exit
router6#show ip route
Codes: C - connected, S - static, R - RIP, M - mobile, B - BGP
       D - EIGRP, EX - EIGRP external, O - OSPF, IA - OSPF inter area 
       N1 - OSPF NSSA external type 1, N2 - OSPF NSSA external type 2
       E1 - OSPF external type 1, E2 - OSPF external type 2
       i - IS-IS, su - IS-IS summary, L1 - IS-IS level-1, L2 - IS-IS level-2
       ia - IS-IS inter area, * - candidate default, U - per-user static route
       o - ODR, P - periodic downloaded static route

Gateway of last resort is 192.168.0.9 to network 0.0.0.0

     172.21.0.0/24 is subnetted, 13 subnets
S       172.21.17.0 [1/0] via 192.168.0.17
C       172.21.16.0 is directly connected, FastEthernet1
S       172.21.19.0 [1/0] via 192.168.0.19
S       172.21.18.0 [1/0] via 192.168.0.18
S       172.21.21.0 [1/0] via 192.168.0.21
S       172.21.20.0 [1/0] via 192.168.0.20
S       172.21.22.0 [1/0] via 192.168.0.22
S       172.21.11.0 [1/0] via 192.168.0.11
S       172.21.13.0 [1/0] via 192.168.0.13
S       172.21.12.0 [1/0] via 192.168.0.12
S       172.21.15.0 [1/0] via 192.168.0.15
S       172.21.14.0 [1/0] via 192.168.0.14
S       172.21.0.0 [1/0] via 192.168.0.22
C    192.168.0.0/24 is directly connected, FastEthernet0
S*   0.0.0.0/0 [1/0] via 192.168.0.9
router6#configure terin  minal
Enter configuration commands, one per line.  End with CNTL/Z.
router6(config)#access-list 101 permit pi    ip any host 192.169 8.0.16
router6(config)#exit
router6#exit
Connection closed by foreign host.
root@server:/etc/netplan# curl https[K"/[K[K://192.168.0.1/index.cfi[K[Kgi
^C
root@server:/etc/netplan# telnet 182[K[K0.[K[K9.2168.0[K[K[K[K[K[K[K2.168.0.1 2[K80
Trying 192.168.0.1...
^]
q `
~.
^]  ^C
root@server:/etc/netplan# telnet 172.21.16.1
Trying 172.21.16.1...
Connected to 172.21.16.1.
Escape character is '^]'.


User Access Verification

Password: 
router6>enable
Password: 
router6#show configure-          running-config
Building configuration...

Current configuration : 2615 bytes
!
version 12.4
service timestamps debug datetime msec
service timestamps log datetime msec
service password-encryption
!
hostname router6
!
boot-start-marker
boot-end-marker
!
enable password 7 111B160A03425B
!
no aaa new-model
!
!
dot11 syslog
!
!
ip cef
!
!
no ip domain lookup
!
multilink bundle-name authenticated
!
!
username exp password 7 044904091B711C
! 
!
archive
 log config
  hidekeys
!
!
!
!
!
interface BRI0
 no ip address
 encapsulation hdlc
 shutdown
!
interface FastEthernet0
 ip address 192.168.0.16 255.255.255.0
 ip access-group 101 in
 ip nat outside
 ip virtual-reassembly
 duplex auto
 speed auto
!
interface FastEthernet1
 ip address 172.21.16.1 255.255.255.0
 ip nat inside
 ip virtual-reassembly
 duplex auto
 speed auto
!
interface FastEthernet2
!
interface FastEthernet3
 --More--         !
interface FastEthernet4
!
interface FastEthernet5
!
interface FastEthernet6
!
interface FastEthernet7
!
interface FastEthernet8
!
interface FastEthernet9
!
interface Vlan1
 no ip address
!
ip forward-protocol nd
ip route 0.0.0.0 0.0.0.0 192.168.0.9
ip route 172.21.0.0 255.255.255.0 192.168.0.22
ip route 172.21.11.0 255.255.255.0 192.168.0.11
ip route 172.21.12.0 255.255.255.0 192.168.0.12
ip route 172.21.13.0 255.255.255.0 192.168.0.13
ip route 172.21.14.0 255.255.255.0 192.168.0.14
ip route 172.21.15.0 255.255.255.0 192.168.0.15
ip route 172.21.16.0 255.255.255.0 192.168.0.1
ip route 172.21.17.0 255.255.255.0 192.168.0.17
ip route 172.21.18.0 255.255.255.0 192.168.0.18
ip route 172.21.19.0 255.255.255.0 192.168.0.19
ip route 172.21.20.0 255.255.255.0 192.168.0.20
ip route 172.21.21.0 255.255.255.0 192.168.0.21
ip route 172.21.22.0 255.255.255.0 192.168.0.22
ip route 192.168.0.0 255.255.255.0 192.168.0.1
!
!
no ip http server
no ip http secure-server
ip nat pool g6 192.168.0.16 192.168.0.16 prefix-length 24
ip nat inside source list 1 pool g6 overload
!
access-list 1 permit 172.21.16.3
access-list 1 permit 172.21.16.4
access-list 101 permit tcp any host 172.21.16.2 established
access-list 101 permit tcp any host 172.21.16.2 eq domain
access-list 101 permit udp any host 172.21.16.2 eq domain
access-list 101 permit tcp any host 172.21.16.2 eq smtp
access-list 101 permit tcp any host 172.21.16.2 eq www
access-list 101 permit tcp any host 172.21.16.2 eq 442
access-list 101 permit tcp any host 172.21.16.2 eq 443
access-list 101 permit udp any eq domain host 172.21.16.2
access-list 101 permit ip any host 192.168.16.1
access-list 101 permit ip any host 192.168.0.16
!
!
!
!
!
!
control-plane
!
!
line con 0
 logging synchronous
line aux 0
 --More--         
router6#show ip nat translation
Pro Inside global         Inside local          Outside local         Outside global
tcp 192.168.0.16:35620    172.21.16.3:35620     54.186.138.163:443    54.186.138.163:443
tcp 192.168.0.16:36088    172.21.16.3:36088     44.236.127.247:443    44.236.127.247:443
tcp 192.168.0.16:36908    172.21.16.3:36908     34.107.221.82:80      34.107.221.82:80
tcp 192.168.0.16:36914    172.21.16.3:36914     34.107.221.82:80      34.107.221.82:80
tcp 192.168.0.16:36922    172.21.16.3:36922     34.107.221.82:80      34.107.221.82:80
tcp 192.168.0.16:36976    172.21.16.3:36976     34.107.221.82:80      34.107.221.82:80
tcp 192.168.0.16:36978    172.21.16.3:36978     34.107.221.82:80      34.107.221.82:80
tcp 192.168.0.16:36984    172.21.16.3:36984     34.107.221.82:80      34.107.221.82:80
tcp 192.168.0.16:36986    172.21.16.3:36986     34.107.221.82:80      34.107.221.82:80
tcp 192.168.0.16:36988    172.21.16.3:36988     34.107.221.82:80      34.107.221.82:80
tcp 192.168.0.16:36990    172.21.16.3:36990     34.107.221.82:80      34.107.221.82:80
tcp 192.168.0.16:37002    172.21.16.3:37002     34.107.221.82:80      34.107.221.82:80
tcp 192.168.0.16:37006    172.21.16.3:37006     34.107.221.82:80      34.107.221.82:80
tcp 192.168.0.16:37008    172.21.16.3:37008     34.107.221.82:80      34.107.221.82:80
tcp 192.168.0.16:37010    172.21.16.3:37010     34.107.221.82:80      34.107.221.82:80
tcp 192.168.0.16:37012    172.21.16.3:37012     34.107.221.82:80      34.107.221.82:80
tcp 192.168.0.16:37014    172.21.16.3:37014     34.107.221.82:80      34.107.221.82:80
tcp 192.168.0.16:37016    172.21.16.3:37016     34.107.221.82:80      34.107.221.82:80
tcp 192.168.0.16:37024    172.21.16.3:37024     34.107.221.82:80      34.107.221.82:80
tcp 192.168.0.16:37032    172.21.16.3:37032     34.107.221.82:80      34.107.221.82:80
tcp 192.168.0.16:37046    172.21.16.3:37046     34.107.221.82:80      34.107.221.82:80
tcp 192.168.0.16:37048    172.21.16.3:37048     34.107.221.82:80      34.107.221.82:80
tcp 192.168.0.16:37050    172.21.16.3:37050     34.107.221.82:80      34.107.221.82:80
tcp 192.168.0.16:37058    172.21.16.3:37058     34.107.221.82:80      34.107.221.82:80
tcp 192.168.0.16:37080    172.21.16.3:37080     34.107.221.82:80      34.107.221.82:80
tcp 192.168.0.16:37084    172.21.16.3:37084     34.107.221.82:80      34.107.221.82:80
tcp 192.168.0.16:37086    172.21.16.3:37086     34.107.221.82:80      34.107.221.82:80
tcp 192.168.0.16:37088    172.21.16.3:37088     34.107.221.82:80      34.107.221.82:80
tcp 192.168.0.16:37090    172.21.16.3:37090     34.107.221.82:80      34.107.221.82:80
tcp 192.168.0.16:37096    172.21.16.3:37096     34.107.221.82:80      34.107.221.82:80
tcp 192.168.0.16:37098    172.21.16.3:37098     34.107.221.82:80      34.107.221.82:80
tcp 192.168.0.16:37100    172.21.16.3:37100     34.107.221.82:80      34.107.221.82:80
tcp 192.168.0.16:37102    172.21.16.3:37102     34.107.221.82:80      34.107.221.82:80
tcp 192.168.0.16:37104    172.21.16.3:37104     34.107.221.82:80      34.107.221.82:80
tcp 192.168.0.16:37106    172.21.16.3:37106     34.107.221.82:80      34.107.221.82:80
tcp 192.168.0.16:37108    172.21.16.3:37108     34.107.221.82:80      34.107.221.82:80
tcp 192.168.0.16:37110    172.21.16.3:37110     34.107.221.82:80      34.107.221.82:80
tcp 192.168.0.16:37112    172.21.16.3:37112     34.107.221.82:80      34.107.221.82:80
tcp 192.168.0.16:37114    172.21.16.3:37114     34.107.221.82:80      34.107.221.82:80
tcp 192.168.0.16:37116    172.21.16.3:37116     34.107.221.82:80      34.107.221.82:80
tcp 192.168.0.16:37118    172.21.16.3:37118     34.107.221.82:80      34.107.221.82:80
tcp 192.168.0.16:37124    172.21.16.3:37124     34.107.221.82:80      34.107.221.82:80
tcp 192.168.0.16:37146    172.21.16.3:37146     34.107.221.82:80      34.107.221.82:80
tcp 192.168.0.16:37148    172.21.16.3:37148     34.107.221.82:80      34.107.221.82:80
tcp 192.168.0.16:37150    172.21.16.3:37150     34.107.221.82:80      34.107.221.82:80
tcp 192.168.0.16:37152    172.21.16.3:37152     34.107.221.82:80      34.107.221.82:80
tcp 192.168.0.16:37154    172.21.16.3:37154     34.107.221.82:80      34.107.221.82:80
tcp 192.168.0.16:37160    172.21.16.3:37160     34.107.221.82:80      34.107.221.82:80
tcp 192.168.0.16:37174    172.21.16.3:37174     34.107.221.82:80      34.107.221.82:80
tcp 192.168.0.16:37176    172.21.16.3:37176     34.107.221.82:80      34.107.221.82:80
tcp 192.168.0.16:37184    172.21.16.3:37184     34.107.221.82:80      34.107.221.82:80
tcp 192.168.0.16:37186    172.21.16.3:37186     34.107.221.82:80      34.107.221.82:80
tcp 192.168.0.16:37188    172.21.16.3:37188     34.107.221.82:80      34.107.221.82:80
tcp 192.168.0.16:37192    172.21.16.3:37192     34.107.221.82:80      34.107.221.82:80
tcp 192.168.0.16:37196    172.21.16.3:37196     34.107.221.82:80      34.107.221.82:80
tcp 192.168.0.16:37198    172.21.16.3:37198     34.107.221.82:80      34.107.221.82:80
tcp 192.168.0.16:37200    172.21.16.3:37200     34.107.221.82:80      34.107.221.82:80
tcp 192.168.0.16:37202    172.21.16.3:37202     34.107.221.82:80      34.107.221.82:80
tcp 192.168.0.16:37212    172.21.16.3:37212     34.107.221.82:80      34.107.221.82:80
tcp 192.168.0.16:37214    172.21.16.3:37214     34.107.221.82:80      34.107.221.82:80
tcp 192.168.0.16:37216    172.21.16.3:37216     34.107.221.82:80      34.107.221.82:80
tcp 192.168.0.16:37224    172.21.16.3:37224     34.107.221.82:80      34.107.221.82:80
 --More--         
router6#show ip nat translationrunning-config    
Building configuration...

Current configuration : 2615 bytes
!
version 12.4
service timestamps debug datetime msec
service timestamps log datetime msec
service password-encryption
!
hostname router6
!
boot-start-marker
boot-end-marker
!
enable password 7 111B160A03425B
!
no aaa new-model
!
!
dot11 syslog
!
!
ip cef
!
!
no ip domain lookup
!
multilink bundle-name authenticated
!
!
username exp password 7 044904091B711C
! 
!
archive
 log config
  hidekeys
!
!
!
!
!
interface BRI0
 no ip address
 encapsulation hdlc
 shutdown
!
interface FastEthernet0
 ip address 192.168.0.16 255.255.255.0
 ip access-group 101 in
 ip nat outside
 ip virtual-reassembly
 duplex auto
 speed auto
!
interface FastEthernet1
 ip address 172.21.16.1 255.255.255.0
 ip nat inside
 ip virtual-reassembly
 duplex auto
 speed auto
!
interface FastEthernet2
!
interface FastEthernet3
 --More--         !
interface FastEthernet4
!
interface FastEthernet5
!
interface FastEthernet6
!
interface FastEthernet7
!
interface FastEthernet8
!
interface FastEthernet9
!
interface Vlan1
 no ip address
!
ip forward-protocol nd
ip route 0.0.0.0 0.0.0.0 192.168.0.9
ip route 172.21.0.0 255.255.255.0 192.168.0.22
ip route 172.21.11.0 255.255.255.0 192.168.0.11
ip route 172.21.12.0 255.255.255.0 192.168.0.12
ip route 172.21.13.0 255.255.255.0 192.168.0.13
ip route 172.21.14.0 255.255.255.0 192.168.0.14
ip route 172.21.15.0 255.255.255.0 192.168.0.15
ip route 172.21.16.0 255.255.255.0 192.168.0.1
ip route 172.21.17.0 255.255.255.0 192.168.0.17
ip route 172.21.18.0 255.255.255.0 192.168.0.18
ip route 172.21.19.0 255.255.255.0 192.168.0.19
ip route 172.21.20.0 255.255.255.0 192.168.0.20
ip route 172.21.21.0 255.255.255.0 192.168.0.21
ip route 172.21.22.0 255.255.255.0 192.168.0.22
ip route 192.168.0.0 255.255.255.0 192.168.0.1
!
!
no ip http server
no ip http secure-server
ip nat pool g6 192.168.0.16 192.168.0.16 prefix-length 24
ip nat inside source list 1 pool g6 overload
!
access-list 1 permit 172.21.16.3
access-list 1 permit 172.21.16.4
access-list 101 permit tcp any host 172.21.16.2 established
access-list 101 permit tcp any host 172.21.16.2 eq domain
access-list 101 permit udp any host 172.21.16.2 eq domain
access-list 101 permit tcp any host 172.21.16.2 eq smtp
access-list 101 permit tcp any host 172.21.16.2 eq www
access-list 101 permit tcp any host 172.21.16.2 eq 442
access-list 101 permit tcp any host 172.21.16.2 eq 443
access-list 101 permit udp any eq domain host 172.21.16.2
access-list 101 permit ip any host 192.168.16.1
access-list 101 permit ip any host 192.168.0.16
!
!
!
!
!
!
control-plane
!
!
line con 0
 logging synchronous
line aux 0
 --More--         line vty 0 4
 password 7 03165404125F71
 login
!
end

router6# show running-configip nat translationrunning-config    ip nat translation                       ping 19, 2.168.0.16

Type escape sequence to abort.
Sending 5, 100-byte ICMP Echos to 192.168.0.16, timeout is 2 seconds:
!!!!!
Success rate is 100 percent (5/5), round-trip min/avg/max = 1/1/4 ms
router6#ping 192.168.0.16 

Type escape sequence to abort.
Sending 5, 100-byte ICMP Echos to 192.168.0.1, timeout is 2 seconds:
!!!!!
Success rate is 100 percent (5/5), round-trip min/avg/max = 1/1/4 ms
router6#clear ip nat tl ranslation
% Incomplete command.

router6#clear ip nat translation;  ' *
router6#e exit
Connection closed by foreign host.
root@server:/etc/netplan# telnet linux [K[K[K[K[K[K[K[K[K[K[K[K[Ktelnet [K[K[K[K[K[K[Kping 1722,[K[K.21.16.1
PING 172.21.16.1 (172.21.16.1) 56(84) bytes of data.
64 bytes from 172.21.16.1: icmp_seq=1 ttl=255 time=0.594 ms
64 bytes from 172.21.16.1: icmp_seq=2 ttl=255 time=0.559 ms
64 bytes from 172.21.16.1: icmp_seq=3 ttl=255 time=0.561 ms
^C
--- 172.21.16.1 ping statistics ---
3 packets transmitted, 3 received, 0% packet loss, time 2034ms
rtt min/avg/max/mdev = 0.559/0.571/0.594/0.016 ms
root@server:/etc/netplan# ping 172.21.16.1[K254
PING 172.21.16.254 (172.21.16.254) 56(84) bytes of data.
64 bytes from 172.21.16.254: icmp_seq=1 ttl=255 time=0.585 ms
64 bytes from 172.21.16.254: icmp_seq=2 ttl=255 time=0.572 ms
^C
--- 172.21.16.254 ping statistics ---
2 packets transmitted, 2 received, 0% packet loss, time 1025ms
rtt min/avg/max/mdev = 0.572/0.578/0.585/0.006 ms
root@server:/etc/netplan# ping 172.21.16.254[C[K[K[K1
PING 172.21.16.1 (172.21.16.1) 56(84) bytes of data.
64 bytes from 172.21.16.1: icmp_seq=1 ttl=255 time=0.580 ms
64 bytes from 172.21.16.1: icmp_seq=2 ttl=255 time=0.553 ms
^C
--- 172.21.16.1 ping statistics ---
2 packets transmitted, 2 received, 0% packet loss, time 1026ms
rtt min/avg/max/mdev = 0.553/0.566/0.580/0.013 ms
root@server:/etc/netplan# ping 172.21.16.1[K[K[K[K[K[K[K[K[K[K[Kgoogle.com
PING google.com (172.217.161.238) 56(84) bytes of data.
^C
--- google.com ping statistics ---
11 packets transmitted, 0 received, 100% packet loss, time 10235ms

root@server:/etc/netplan# curl https[K:[Ks://goog[K[K[K[Kwww/co[K[Kgog[K[K[K[K,go[K[K[K.google/cop[K[K[K[K.com
<!doctype html><html itemscope="" itemtype="http://schema.org/WebPage" lang="ja"><head><meta content="&#19990;&#30028;&#20013;&#12398;&#12354;&#12425;&#12422;&#12427;&#24773;&#22577;&#12434;&#26908;&#32034;&#12377;&#12427;&#12383;&#12417;&#12398;&#12484;&#12540;&#12523;&#12434;&#25552;&#20379;&#12375;&#12390;&#12356;&#12414;&#12377;&#12290;&#12373;&#12414;&#12374;&#12414;&#12394;&#26908;&#32034;&#27231;&#33021;&#12434;&#27963;&#29992;&#12375;&#12390;&#12289;&#12362;&#25506;&#12375;&#12398;&#24773;&#22577;&#12434;&#35211;&#12388;&#12369;&#12390;&#12367;&#12384;&#12373;&#12356;&#12290;" name="description"><meta content="noodp" name="robots"><meta content="text/html; charset=UTF-8" http-equiv="Content-Type"><meta content="/images/branding/googleg/1x/googleg_standard_color_128dp.png" itemprop="image"><title>Google</title><script nonce="ifGTW77zpaGRdbTxMEUYrA==">(function(){window.google={kEI:'z0mvYPmwELKmmAWT_ITAAQ',kEXPI:'0,772215,1,530320,56873,954,756,2355,1993,207,2415,2389,2316,383,246,5,1354,5251,1122515,1197705,547,31,328984,51223,16115,28684,17572,4858,1362,9290,3028,2817,1923,8000,4841,4020,978,13228,2054,1793,4192,6430,14528,4518,2777,918,2372,2709,887,706,1279,1042,1170,530,149,1103,840,517,5780,4120,2023,1777,520,14671,3226,2845,7,5599,6755,5096,597,7280,4928,108,2854,553,908,2,941,2614,2397,10745,3,346,230,1835,9,4615,149,5990,4055,3930,4,1528,2304,1236,7594,2893,2014,4,18371,2658,4242,519,912,1028,656,30,3854,1762,8012,2305,638,1494,5586,3772,3494,3269,665,2145,376,3297,2539,2047,2047,20,3118,8,611,295,3,3541,1,4174,5771,4768,1811,283,38,232,642,5992,1260,5494,432,551,4789,2,1394,1525,8,1273,1715,2,3057,2014,3247,1521,36,62,475,1704,2,2523,719,530,2,61,1532,354,1,1,1,1096,924,93,293,4,4,4,1192,777,57,116,1158,1075,385,1557,1099,56,406,2541,92,1064,564,3088,107,284,3,647,690,1383,1160,474,2049,540,1129,1,413,87,2,2,700,1302,501,940,91,3,1158,1824,934,1396,3,98,940,920,4,106,3,35,250,137,200,102,3,117,755,729,119,805,250,401,247,814,469,332,154,1742,136,5641986,101,82,43,63,155,5996870,46,76,2800575,882,444,1,2,80,1,1796,1,9,2,2551,1,748,141,795,563,1,4265,1,1,2,1331,3299,843,1,2608,155,17,13,72,139,4,2,20,2,169,13,19,38,8,5,39,96,284,4,4,4,4,4,4,8,4,4,4,24,196,29,2,2,1,2,1,2,2,7,4,1,2,2,2,2,2,2,555,92,5,1,1,5,6,60,1,21,38,16,23955427,1515991,2494283,268,1678,26624,2,2374,3,116,3,348,3,277,1546',kBL:'tVAm'};google.sn='webhp';google.kHL='ja';})();(function(){
var f,h=[];function k(a){for(var b;a&&(!a.getAttribute||!(b=a.getAttribute("eid")));)a=a.parentNode;return b||f}function l(a){for(var b=null;a&&(!a.getAttribute||!(b=a.getAttribute("leid")));)a=a.parentNode;return b}
function m(a,b,c,d,g){var e="";c||-1!=b.search("&ei=")||(e="&ei="+k(d),-1==b.search("&lei=")&&(d=l(d))&&(e+="&lei="+d));d="";!c&&window._cshid&&-1==b.search("&cshid=")&&"slh"!=a&&(d="&cshid="+window._cshid);c=c||"/"+(g||"gen_204")+"?atyp=i&ct="+a+"&cad="+b+e+"&zx="+Date.now()+d;/^http:/i.test(c)&&"https:"==window.location.protocol&&(google.ml&&google.ml(Error("a"),!1,{src:c,glmm:1}),c="");return c};f=google.kEI;google.getEI=k;google.getLEI=l;google.ml=function(){return null};google.log=function(a,b,c,d,g){if(c=m(a,b,c,d,g)){a=new Image;var e=h.length;h[e]=a;a.onerror=a.onload=a.onabort=function(){delete h[e]};a.src=c}};google.logUrl=m;}).call(this);(function(){
google.y={};google.sy=[];google.x=function(a,b){if(a)var c=a.id;else{do c=Math.random();while(google.y[c])}google.y[c]=[a,b];return!1};google.sx=function(a){google.sy.push(a)};google.lm=[];google.plm=function(a){google.lm.push.apply(google.lm,a)};google.lq=[];google.load=function(a,b,c){google.lq.push([[a],b,c])};google.loadAll=function(a,b){google.lq.push([a,b])};google.bx=!1;google.lx=function(){};}).call(this);google.f={};(function(){
document.documentElement.addEventListener("submit",function(b){var a;if(a=b.target){var c=a.getAttribute("data-submitfalse");a="1"==c||"q"==c&&!a.elements.q.value?!0:!1}else a=!1;a&&(b.preventDefault(),b.stopPropagation())},!0);document.documentElement.addEventListener("click",function(b){var a;a:{for(a=b.target;a&&a!=document.documentElement;a=a.parentElement)if("A"==a.tagName){a="1"==a.getAttribute("data-nohref");break a}a=!1}a&&b.preventDefault()},!0);}).call(this);</script><style>#gbar,#guser{font-size:13px;padding-top:1px !important;}#gbar{height:22px}#guser{padding-bottom:7px !important;text-align:right}.gbh,.gbd{border-top:1px solid #c9d7f1;font-size:1px}.gbh{height:0;position:absolute;top:24px;width:100%}@media all{.gb1{height:22px;margin-right:.5em;vertical-align:top}#gbar{float:left}}a.gb1,a.gb4{text-decoration:underline !important}a.gb1,a.gb4{color:#00c !important}.gbi .gb4{color:#dd8e27 !important}.gbf .gb4{color:#900 !important}
</style><style>body,td,a,p,.h{font-family:arial,sans-serif}body{margin:0;overflow-y:scroll}#gog{padding:3px 8px 0}td{line-height:.8em}.gac_m td{line-height:17px}form{margin-bottom:20px}.h{color:#1558d6}em{font-weight:bold;font-style:normal}.lst{height:25px;width:496px}.gsfi,.lst{font:18px arial,sans-serif}.gsfs{font:17px arial,sans-serif}.ds{display:inline-box;display:inline-block;margin:3px 0 4px;margin-left:4px}input{font-family:inherit}body{background:#fff;color:#000}a{color:#4b11a8;text-decoration:none}a:hover,a:active{text-decoration:underline}.fl a{color:#1558d6}a:visited{color:#4b11a8}.sblc{padding-top:5px}.sblc a{display:block;margin:2px 0;margin-left:13px;font-size:11px}.lsbb{background:#f8f9fa;border:solid 1px;border-color:#dadce0 #70757a #70757a #dadce0;height:30px}.lsbb{display:block}#WqQANb a{display:inline-block;margin:0 12px}.lsb{background:url(/images/nav_logo229.png) 0 -261px repeat-x;border:none;color:#000;cursor:pointer;height:30px;margin:0;outline:0;font:15px arial,sans-serif;vertical-align:top}.lsb:active{background:#dadce0}.lst:focus{outline:none}</style><script nonce="ifGTW77zpaGRdbTxMEUYrA=="></script></head><body bgcolor="#fff"><script nonce="ifGTW77zpaGRdbTxMEUYrA==">(function(){var src='/images/nav_logo229.png';var iesg=false;document.body.onload = function(){window.n && window.n();if (document.images){new Image().src=src;}
if (!iesg){document.f&&document.f.q.focus();document.gbqf&&document.gbqf.q.focus();}
}
})();</script><div id="mngb"><div id=gbar><nobr><b class=gb1>&#26908;&#32034;</b> <a class=gb1 href="https://www.google.co.jp/imghp?hl=ja&tab=wi">&#30011;&#20687;</a> <a class=gb1 href="https://maps.google.co.jp/maps?hl=ja&tab=wl">&#12510;&#12483;&#12503;</a> <a class=gb1 href="https://play.google.com/?hl=ja&tab=w8">Play</a> <a class=gb1 href="https://www.youtube.com/?gl=JP&tab=w1">YouTube</a> <a class=gb1 href="https://news.google.com/?tab=wn">&#12491;&#12517;&#12540;&#12473;</a> <a class=gb1 href="https://mail.google.com/mail/?tab=wm">Gmail</a> <a class=gb1 href="https://drive.google.com/?tab=wo">&#12489;&#12521;&#12452;&#12502;</a> <a class=gb1 style="text-decoration:none" href="https://www.google.co.jp/intl/ja/about/products?tab=wh"><u>&#12418;&#12387;&#12392;&#35211;&#12427;</u> &raquo;</a></nobr></div><div id=guser width=100%><nobr><span id=gbn class=gbi></span><span id=gbf class=gbf></span><span id=gbe></span><a href="http://www.google.co.jp/history/optout?hl=ja" class=gb4>&#12454;&#12455;&#12502;&#23653;&#27508;</a> | <a  href="/preferences?hl=ja" class=gb4>&#35373;&#23450;</a> | <a target=_top id=gb_70 href="https://accounts.google.com/ServiceLogin?hl=ja&passive=true&continue=https://www.google.com/&ec=GAZAAQ" class=gb4>&#12525;&#12464;&#12452;&#12531;</a></nobr></div><div class=gbh style=left:0></div><div class=gbh style=right:0></div></div><center><br clear="all" id="lgpd"><div id="lga"><img alt="Google" height="92" src="/images/branding/googlelogo/1x/googlelogo_white_background_color_272x92dp.png" style="padding:28px 0 14px" width="272" id="hplogo"><br><br></div><form action="/search" name="f"><table cellpadding="0" cellspacing="0"><tr valign="top"><td width="25%">&nbsp;</td><td align="center" nowrap=""><input name="ie" value="ISO-8859-1" type="hidden"><input value="ja" name="hl" type="hidden"><input name="source" type="hidden" value="hp"><input name="biw" type="hidden"><input name="bih" type="hidden"><div class="ds" style="height:32px;margin:4px 0"><input class="lst" style="margin:0;padding:5px 8px 0 6px;vertical-align:top;color:#000" autocomplete="off" value="" title="Google &#26908;&#32034;" maxlength="2048" name="q" size="57"></div><br style="line-height:0"><span class="ds"><span class="lsbb"><input class="lsb" value="Google &#26908;&#32034;" name="btnG" type="submit"></span></span><span class="ds"><span class="lsbb"><input class="lsb" id="tsuid1" value="I'm Feeling Lucky" name="btnI" type="submit"><script nonce="ifGTW77zpaGRdbTxMEUYrA==">(function(){var id='tsuid1';document.getElementById(id).onclick = function(){if (this.form.q.value){this.checked = 1;if (this.form.iflsig)this.form.iflsig.disabled = false;}
else top.location='/doodles/';};})();</script><input value="AINFCbYAAAAAYK9X33Jlz64fgIq3dr0Wz7iKnW-leM1G" name="iflsig" type="hidden"></span></span></td><td class="fl sblc" align="left" nowrap="" width="25%"><a href="/advanced_search?hl=ja&amp;authuser=0">&#26908;&#32034;&#12458;&#12503;&#12471;&#12519;&#12531;</a></td></tr></table><input id="gbv" name="gbv" type="hidden" value="1"><script nonce="ifGTW77zpaGRdbTxMEUYrA==">(function(){
var a,b="1";if(document&&document.getElementById)if("undefined"!=typeof XMLHttpRequest)b="2";else if("undefined"!=typeof ActiveXObject){var c,d,e=["MSXML2.XMLHTTP.6.0","MSXML2.XMLHTTP.3.0","MSXML2.XMLHTTP","Microsoft.XMLHTTP"];for(c=0;d=e[c++];)try{new ActiveXObject(d),b="2"}catch(h){}}a=b;if("2"==a&&-1==location.search.indexOf("&gbv=2")){var f=google.gbvu,g=document.getElementById("gbv");g&&(g.value=a);f&&window.setTimeout(function(){location.href=f},0)};}).call(this);</script></form><div id="gac_scont"></div><div style="font-size:83%;min-height:3.5em"><br></div><span id="footer"><div style="font-size:10pt"><div style="margin:19px auto;text-align:center" id="WqQANb"><a href="/intl/ja/ads/">&#24195;&#21578;&#25522;&#36617;</a><a href="http://www.google.co.jp/intl/ja/services/">&#12499;&#12472;&#12493;&#12473; &#12477;&#12522;&#12517;&#12540;&#12471;&#12519;&#12531;</a><a href="/intl/ja/about.html">Google &#12395;&#12388;&#12356;&#12390;</a><a href="https://www.google.com/setprefdomain?prefdom=JP&amp;prev=https://www.google.co.jp/&amp;sig=K_ZwGJFe2Hs_l-6g0SWVCUQFjMZ10%3D">Google.co.jp</a></div></div><p style="font-size:8pt;color:#70757a">&copy; 2021 - <a href="/intl/ja/policies/privacy/">&#12503;&#12521;&#12452;&#12496;&#12471;&#12540;</a> - <a href="/intl/ja/policies/terms/">&#35215;&#32004;</a></p></span></center><script nonce="ifGTW77zpaGRdbTxMEUYrA==">(function(){window.google.cdo={height:0,width:0};(function(){
var a=window.innerWidth,b=window.innerHeight;if(!a||!b){var c=window.document,d="CSS1Compat"==c.compatMode?c.documentElement:c.body;a=d.clientWidth;b=d.clientHeight}a&&b&&(a!=google.cdo.width||b!=google.cdo.height)&&google.log("","","/client_204?&atyp=i&biw="+a+"&bih="+b+"&ei="+google.kEI);}).call(this);})();</script> <script nonce="ifGTW77zpaGRdbTxMEUYrA==">(function(){google.xjs={ck:'',cs:'',excm:[]};})();</script>  <script nonce="ifGTW77zpaGRdbTxMEUYrA==">(function(){var u='/xjs/_/js/k\x3dxjs.hp.en.5o6MA-787io.O/m\x3dsb_he,d/am\x3dAHgCLA/d\x3d1/ed\x3d1/rs\x3dACT90oF-sJCW91lzqRq8EkF0CTH0eFrPYg';
var e=this||self,f=function(a){return a};var g;var l=function(a,b){this.g=b===h?a:""};l.prototype.toString=function(){return this.g+""};var h={};function m(){var a=u;google.lx=function(){n(a);google.lx=function(){}};google.bx||google.lx()}
function n(a){google.timers&&google.timers.load&&google.tick&&google.tick("load","xjsls");var b=document;var c="SCRIPT";"application/xhtml+xml"===b.contentType&&(c=c.toLowerCase());c=b.createElement(c);if(void 0===g){b=null;var k=e.trustedTypes;if(k&&k.createPolicy){try{b=k.createPolicy("goog#html",{createHTML:f,createScript:f,createScriptURL:f})}catch(p){e.console&&e.console.error(p.message)}g=b}else g=b}a=(b=g)?b.createScriptURL(a):a;a=new l(a,h);c.src=a instanceof l&&a.constructor===l?a.g:"type_error:TrustedResourceUrl";var d;a=(c.ownerDocument&&c.ownerDocument.defaultView||window).document;(d=(a=null===(d=a.querySelector)||void 0===d?void 0:d.call(a,"script[nonce]"))?a.nonce||a.getAttribute("nonce")||"":"")&&c.setAttribute("nonce",d);document.body.appendChild(c);google.psa=!0};setTimeout(function(){m()},0);})();(function(){window.google.xjsu='/xjs/_/js/k\x3dxjs.hp.en.5o6MA-787io.O/m\x3dsb_he,d/am\x3dAHgCLA/d\x3d1/ed\x3d1/rs\x3dACT90oF-sJCW91lzqRq8EkF0CTH0eFrPYg';})();function _DumpException(e){throw e;}
function _F_installCss(c){}
(function(){google.jl={blt:'none',dw:false,emtn:0,ine:false,lls:'default',pdt:0,snet:true,uwp:true};})();(function(){var pmc='{\x22d\x22:{},\x22sb_he\x22:{\x22agen\x22:true,\x22cgen\x22:true,\x22client\x22:\x22heirloom-hp\x22,\x22dh\x22:true,\x22dhqt\x22:true,\x22ds\x22:\x22\x22,\x22ffql\x22:\x22ja\x22,\x22fl\x22:true,\x22host\x22:\x22google.com\x22,\x22isbh\x22:28,\x22jsonp\x22:true,\x22msgs\x22:{\x22cibl\x22:\x22&#26908;&#32034;&#12434;&#12463;&#12522;&#12450;\x22,\x22dym\x22:\x22&#12418;&#12375;&#12363;&#12375;&#12390;:\x22,\x22lcky\x22:\x22I\\u0026#39;m Feeling Lucky\x22,\x22lml\x22:\x22&#35443;&#32048;\x22,\x22oskt\x22:\x22&#20837;&#21147;&#12484;&#12540;&#12523;\x22,\x22psrc\x22:\x22&#12371;&#12398;&#26908;&#32034;&#12461;&#12540;&#12527;&#12540;&#12489;&#12399;\\u003Ca href\x3d\\\x22/history\\\x22\\u003E&#12454;&#12455;&#12502;&#23653;&#27508;\\u003C/a\\u003E&#12363;&#12425;&#21066;&#38500;&#12373;&#12428;&#12414;&#12375;&#12383;\x22,\x22psrl\x22:\x22&#21066;&#38500;\x22,\x22sbit\x22:\x22&#30011;&#20687;&#12391;&#26908;&#32034;\x22,\x22srch\x22:\x22Google &#26908;&#32034;\x22},\x22nrft\x22:false,\x22ovr\x22:{},\x22pq\x22:\x22\x22,\x22refpd\x22:true,\x22refspre\x22:true,\x22rfs\x22:[],\x22sbas\x22:\x220 3px 8px 0 rgba(0,0,0,0.2),0 0 0 1px rgba(0,0,0,0.08)\x22,\x22sbpl\x22:16,\x22sbpr\x22:16,\x22scd\x22:10,\x22stok\x22:\x22S88QEl9VA-txxT-0W9F4MD9sIvk\x22,\x22uhde\x22:false}}';google.pmc=JSON.parse(pmc);})();</script>        </body></html>root@server:/etc/netplan# ls
00-installer-config.yaml
root@server:/etc/netplan# cd
root@server:~# ls
[0m[01;34msnap[0m
root@server:~# cd /home/exp/
root@server:/home/exp# wois[K[K[K[Knslookup googl;e[K[Ke.com
Server:		127.0.0.53
Address:	127.0.0.53#53

Non-authoritative answer:
Name:	google.com
Address: 172.217.161.238
Name:	google.com
Address: 2404:6800:400a:80c::200e

root@server:/home/exp# ex[K[Kconfig[K[K[K[K[K[Ktelent [K[K[K[Knet 172.21.16.1
Trying 172.21.16.1...
Connected to 172.21.16.1.
Escape character is '^]'.


User Access Verification

Password: 
router6>enable
Password: 
router6#configure temi  rminal
Enter configuration commands, one per line.  End with CNTL/Z.
router6(config)#ip na t  t ind side souir     sourd ce static tcp linuxIP 22 ro  Route  FE0_IP 8022
                                                ^
% Invalid input detected at '^' marker.

router6(config)#ip nat inside source static tcp linuxIP 22 RouteFE0_IP 8022inuxIP 22 RouteFE0_IP 8022 LinuxIP 22 RouteFE0_IP 8022
                                                ^
% Invalid input detected at '^' marker.

router6(config)#ip nat inside source static tcp LinuxIP 22 RouteFE0_IP 8022ide source static tcp LinuxIP 22 RouteFE0_IP 8022
                                                ^
% Invalid input detected at '^' marker.

router6(config)#ip nat inside source static tcp LinuxIP 22 RouteFE0_IP 8022side source static tcp LinuxIP 22 RouteFE0_IP 8022  22 RouteFE0_IP 8022  22 RouteFE0_IP 8022  22 RouteFE0_IP 8022  22 RouteFE0_IP 8022  22 RouteFE0_IP 8022  22 RouteFE0_IP 8022 1 22 RouteFE0_IP 80227 22 RouteFE0_IP 80222 22 RouteFE0_IP 8022. 22 RouteFE0_IP 80222 22 RouteFE0_IP 80221 22 RouteFE0_IP 8022. 22 RouteFE0_IP 80221 22 RouteFE0_IP 80226 22 RouteFE0_IP 8022. 22 RouteFE0_IP 80223 22 RouteFE0_IP 8022
                                                               ^
% Invalid input detected at '^' marker.

router6(config)#ip nat inside source static tcp 172.21.16.3 22 RouteFE0_IP 8022routeFE0_IP 8022outeFE0_IP 8022 outeFE0_IP 8022 routeFE0_IP 8022
                                                               ^
% Invalid input detected at '^' marker.

router6(config)#ip nat inside source static tcp 172.21.16.3 22 routeFE0_IP 8022routeFE0_IP 8022 FE0_IP 8022 FE0_IP 8022 FE0_IP 8022 FE0_IP 8022 RFE0_IP 8022oFE0_IP 8022uFE0_IP 8022tFE0_IP 8022eFE0_IP 8022
                                                               ^
% Invalid input detected at '^' marker.

router6(config)#ip nat inside source static tcp 172.21.16.3 22 RouteFE0_IP 8022outeFE0_IP 8022  8022  8022  8022  8022  8022  8022  8022  8022  8022  8022 1 80227 80222 8022. 80222 8022. 8022 8022 1 8022. 80221 80226 8022. 80221 8022
router6(config)#exit
router6#exit
Connection closed by foreign host.
root@server:/home/exp# telnet 172.21.16.1nslookup google.com[1Ptelnet 172.21.16.1
Trying 172.21.16.1...
Connected to 172.21.16.1.
Escape character is '^]'.


User Access Verification

Password: 
router6>ip nate       enbal   able
Password: 
router6#configure terminal
Enter configuration commands, one per line.  End with CNTL/Z.
router6(config)#ip nat inside source static tcp 172.21.15.  6.2 3 22 192.168.0.16 82 022
router6(config)#exit
router6#exit
Connection closed by foreign host.
root@server:/home/exp# exit
exit
exp@server:~$ sudo su
[sudo] password for exp: 
root@server:/home/exp# show [K[K[K[K[Kssh [K exp@198.168.0.16 8022
^C
root@server:/home/exp# ssh exp@198.168.0.16 8022[1P8022'8022[1P8022:8022
ssh: Could not resolve hostname 198.168.0.16:8022: Name or service not known
root@server:/home/exp# ssh exp@198.168.0.16:8022[C[1P198.168.0.16:8022[1P198.168.0.16:8022[1P198.168.0.16:8022[1P198.168.0.16:8022
ssh: Could not resolve hostname 198.168.0.16:8022: Name or service not known
root@server:/home/exp# man ssh
[?1049h[?1h=SSH(1)                                                           BSD General Commands Manual                                                          SSH(1)[m
[m
[1mNAME[0m[m
     [1mssh[0m — OpenSSH remote login client[m
[m
[1mSYNOPSIS[0m[m
     [1mssh[0m [[1m-46AaCfGgKkMNnqsTtVvXxYy[0m] [[1m-B[0m [4mbind_interface[24m] [[1m-b[0m [4mbind_address[24m] [[1m-c[0m [4mcipher_spec[24m] [[1m-D[0m [[4mbind_address[24m:][4mport[24m] [[1m-E[0m [4mlog_file[24m] [[1m-e[0m [4mescape_char[24m][m
         [[1m-F[0m [4mconfigfile[24m] [[1m-I[0m [4mpkcs11[24m] [[1m-i[0m [4midentity_file[24m] [[1m-J[0m [4mdestination[24m] [[1m-L[0m [4maddress[24m] [[1m-l[0m [4mlogin_name[24m] [[1m-m[0m [4mmac_spec[24m] [[1m-O[0m [4mctl_cmd[24m] [[1m-o[0m [4moption[24m] [[1m-p[0m [4mport[24m][m
         [[1m-Q[0m [4mquery_option[24m] [[1m-R[0m [4maddress[24m] [[1m-S[0m [4mctl_path[24m] [[1m-W[0m [4mhost[24m:[4mport[24m] [[1m-w[0m [4mlocal_tun[24m[:[4mremote_tun[24m]] [4mdestination[24m [[4mcommand[24m][m
[m
[1mDESCRIPTION[0m[m
     [1mssh[0m (SSH client) is a program for logging into a remote machine and for executing commands on a remote machine.  It is intended to provide secure en‐[m
     crypted communications between two untrusted hosts over an insecure network.  X11 connections, arbitrary TCP ports and UNIX-domain sockets can also be[m
     forwarded over the secure channel.[m
[m
     [1mssh[0m connects and logs into the specified [4mdestination[24m, which may be specified as either [user@]hostname or a URI of the form[m
     ssh://[user@]hostname[:port].  The user must prove his/her identity to the remote machine using one of several methods (see below).[m
[m
     If a [4mcommand[24m is specified, it is executed on the remote host instead of a login shell.[m
[m
     The options are as follows:[m
[m
     [1m-4[0m      Forces [1mssh[0m to use IPv4 addresses only.[m
[m
     [1m-6[0m      Forces [1mssh[0m to use IPv6 addresses only.[m
[m
     [1m-A[0m      Enables forwarding of connections from an authentication agent such as ssh-agent(1).  This can also be specified on a per-host basis in a con‐[m
             figuration file.[m
[m
             Agent forwarding should be enabled with caution.  Users with the ability to bypass file permissions on the remote host (for the agent's[m
             UNIX-domain socket) can access the local agent through the forwarded connection.  An attacker cannot obtain key material from the agent, how‐[m
             ever they can perform operations on the keys that enable them to authenticate using the identities loaded into the agent.  A safer alternative[m
             may be to use a jump host (see [1m-J[0m).[m
[m
     [1m-a[0m      Disables forwarding of the authentication agent connection.[m
[m
     [1m-B[0m [4mbind_interface[24m[m
             Bind to the address of [4mbind_interface[24m before attempting to connect to the destination host.  This is only useful on systems with more than one[m
             address.[m
[m
     [1m-b[0m [4mbind_address[24m[m
             Use [4mbind_address[24m on the local machine as the source address of the connection.  Only useful on systems with more than one address.[m
[m
     [1m-C[0m      Requests compression of all data (including stdin, stdout, stderr, and data for forwarded X11, TCP and UNIX-domain connections).  The compres‐[m
             sion algorithm is the same used by gzip(1).  Compression is desirable on modem lines and other slow connections, but will only slow down things[m
             on fast networks.  The default value can be set on a host-by-host basis in the configuration files; see the [1mCompression[0m option.[m
[m
     [1m-c[0m [4mcipher_spec[24m[m
             Selects the cipher specification for encrypting the session.  [4mcipher_spec[24m is a comma-separated list of ciphers listed in order of preference.[m
             See the [1mCiphers[0m keyword in ssh_config(5) for more information.[m
[m
     [1m-D[0m [[4mbind_address[24m:][4mport[24m[m
             Specifies a local “dynamic” application-level port forwarding.  This works by allocating a socket to listen to [4mport[24m on the local side, option‐[m
             ally bound to the specified [4mbind_address[24m.  Whenever a connection is made to this port, the connection is forwarded over the secure channel, and[m
             the application protocol is then used to determine where to connect to from the remote machine.  Currently the SOCKS4 and SOCKS5 protocols are[m
             supported, and [1mssh[0m will act as a SOCKS server.  Only root can forward privileged ports.  Dynamic port forwardings can also be specified in the[m
             configuration file.[m
[m
             IPv6 addresses can be specified by enclosing the address in square brackets.  Only the superuser can forward privileged ports.  By default, the[m
             local port is bound in accordance with the [1mGatewayPorts[0m setting.  However, an explicit [4mbind_address[24m may be used to bind the connection to a[m
             specific address.  The [4mbind_address[24m of “localhost” indicates that the listening port be bound for local use only, while an empty address or ‘*’[m
             indicates that the port should be available from all interfaces.[m
[m
[3m Manual page ssh(1) line 1 (press h for help or q to quit)[23m[K[K[?1l>[?1049lroot@server:/home/exp# man sshssh 198.168.0.16:8022 -W
option requires an argument -- W
usage: ssh [-46AaCfGgKkMNnqsTtVvXxYy] [-B bind_interface]
           [-b bind_address] [-c cipher_spec] [-D [bind_address:]port]
           [-E log_file] [-e escape_char] [-F configfile] [-I pkcs11]
           [-i identity_file] [-J [user@]host[:port]] [-L address]
           [-l login_name] [-m mac_spec] [-O ctl_cmd] [-o option] [-p port]
           [-Q query_option] [-R address] [-S ctl_path] [-W host:port]
           [-w local_tun[:remote_tun]] destination [command]
root@server:/home/exp# ssh 198.168.0.16:8022 -W[C[C[C[C[C[K[K[1@-[1P[C[1@ [1@-[1@E[1P[1@W
usage: ssh [-46AaCfGgKkMNnqsTtVvXxYy] [-B bind_interface]
           [-b bind_address] [-c cipher_spec] [-D [bind_address:]port]
           [-E log_file] [-e escape_char] [-F configfile] [-I pkcs11]
           [-i identity_file] [-J [user@]host[:port]] [-L address]
           [-l login_name] [-m mac_spec] [-O ctl_cmd] [-o option] [-p port]
           [-Q query_option] [-R address] [-S ctl_path] [-W host:port]
           [-w local_tun[:remote_tun]] destination [command]
root@server:/home/exp# ssh -W 198.168.0.16:8022 [1P[1P[1P[C[C[C[C[C[C[C[C[C[C[C[C[C[C[C[C[C[C[1P [1P [1P [1P [1P [C i [1P - p [C 8 0 2 2 
^C
root@server:/home/exp# telnet 192.168.0.16 8022
Trying 192.168.0.16...
telnet: Unable to connect to remote host: Connection refused
root@server:/home/exp# telnet 192.168.0.16 8022[1P[1P[1P[1P[1P[1@s[1@s[1P[1P[1P[1@s[1@s[1@h[C[C[C[C[C[C[C[C[C[C[C[C[C[C[C[C[C[C[K[K[K[K-op[K[Kp 8022
ssh: connect to host 192.168.0.16 port 8022: Connection refused
root@server:/home/exp# ssh 192.168.0.16 -p 8022
ssh: connect to host 192.168.0.16 port 8022: Connection refused
root@server:/home/exp# telnet 172.1[K21.16.1
Trying 172.21.16.1...
Connected to 172.21.16.1.
Escape character is '^]'.


User Access Verification

Password: 
router6>enbale
Translating "enbale"

Translating "enbale"

% Unknown command or computer name, or unable to find computer address
router6>enable
Password: 
router6#show ip nate    table     translations
Pro Inside global         Inside local          Outside local         Outside global
tcp 172.21.16.1:8022      172.21.16.3:22        ---                   ---
tcp 192.168.0.16:50184    172.21.16.3:50184     216.58.196.238:443    216.58.196.238:443
tcp 192.168.0.16:61015    172.21.16.4:61015     20.198.162.78:443     20.198.162.78:443
tcp 192.168.0.16:61048    172.21.16.4:61048     104.18.6.167:443      104.18.6.167:443
tcp 192.168.0.16:61099    172.21.16.4:61099     20.198.162.78:443     20.198.162.78:443
tcp 192.168.0.16:61110    172.21.16.4:61110     151.101.229.44:443    151.101.229.44:443
tcp 192.168.0.16:61274    172.21.16.4:61274     192.168.0.1:80        192.168.0.1:80
tcp 192.168.0.16:61275    172.21.16.4:61275     192.168.0.1:80        192.168.0.1:80
tcp 192.168.0.16:61277    172.21.16.4:61277     13.107.21.200:443     13.107.21.200:443
tcp 192.168.0.16:61278    172.21.16.4:61278     13.107.21.200:443     13.107.21.200:443
tcp 192.168.0.16:61279    172.21.16.4:61279     13.107.21.200:443     13.107.21.200:443
tcp 192.168.0.16:8022     172.21.16.3:22        ---                   ---
router6#exit
Connection closed by foreign host.
root@server:/home/exp# telnet 172.21.16.1ssh 192.168.0.16 -p 8022[6Ptelnet 172.21.16.1ssh 192.168.0.16 -p 8022[1P[1P[1P[1P[1P[1P[1P[1P[1P[1P[1P[1P[1@1[1@7[1@2[1@.[1@2[1@1[1@.[1@1[1@6[1@.[1@1
ssh: connect to host 172.21.16.1 port 8022: Connection refused
root@server:/home/exp# ssh 172.21.16.1 -p 8022[5Ptelnet 172.21.16.1ssh 192.168.0.16 -p 8022telnet 192.168.0.16[C[C[C[C[Cssh 198.168.0.16 -p 8022 -W 198.168.0.16:[C[C[C[C[C[1P198.168.0.16:8022 -W-W 198.168.0.16:8022 198.168.0.16 -p [C[C[C[C[C[C[C[C[C[C[C[C[C[C[C[C[C[C[C[C[C[C[C[C[C[C[C[C[1Ptelnet 192.168.0.16 8022ssh 192.168.0.16 -p[C[C[C[C[C[6Ptelnet 172.21.16.1
Trying 172.21.16.1...
Connected to 172.21.16.1.
Escape character is '^]'.


User Access Verification

Password: 
router6>enable
Password: 
router6#show ip in     accessli  -lit sts
Standard IP access list 1
    10 permit 172.21.16.3 (3796 matches)
    20 permit 172.21.16.4 (190733 matches)
Extended IP access list 101
    10 permit tcp any host 172.21.16.2 established (746 matches)
    20 permit tcp any host 172.21.16.2 eq domain
    30 permit udp any host 172.21.16.2 eq domain
    40 permit tcp any host 172.21.16.2 eq smtp
    50 permit tcp any host 172.21.16.2 eq www
    60 permit tcp any host 172.21.16.2 eq 442
    70 permit tcp any host 172.21.16.2 eq 443
    80 permit udp any eq domain host 172.21.16.2 (1976 matches)
    90 permit ip any host 192.168.16.1
    100 permit ip any host 192.168.0.16 (282361 matches)
router6#show running-config
Building configuration...

Current configuration : 2766 bytes
!
version 12.4
service timestamps debug datetime msec
service timestamps log datetime msec
service password-encryption
!
hostname router6
!
boot-start-marker
boot-end-marker
!
enable password 7 111B160A03425B
!
no aaa new-model
!
!
dot11 syslog
!
!
ip cef
!
!
no ip domain lookup
!
multilink bundle-name authenticated
!
!
username exp password 7 044904091B711C
! 
!
archive
 log config
  hidekeys
!
!
!
!
!
interface BRI0
 no ip address
 encapsulation hdlc
 shutdown
!
interface FastEthernet0
 ip address 192.168.0.16 255.255.255.0
 ip access-group 101 in
 ip nat outside
 ip virtual-reassembly
 duplex auto
 speed auto
!
interface FastEthernet1
 ip address 172.21.16.1 255.255.255.0
 ip nat inside
 ip virtual-reassembly
 duplex auto
 speed auto
!
interface FastEthernet2
!
interface FastEthernet3
 --More--         !
interface FastEthernet4
!
interface FastEthernet5
!
interface FastEthernet6
!
interface FastEthernet7
!
interface FastEthernet8
!
interface FastEthernet9
!
interface Vlan1
 no ip address
!
ip forward-protocol nd
ip route 0.0.0.0 0.0.0.0 192.168.0.9
ip route 172.21.0.0 255.255.255.0 192.168.0.22
ip route 172.21.11.0 255.255.255.0 192.168.0.11
ip route 172.21.12.0 255.255.255.0 192.168.0.12
ip route 172.21.13.0 255.255.255.0 192.168.0.13
ip route 172.21.14.0 255.255.255.0 192.168.0.14
ip route 172.21.15.0 255.255.255.0 192.168.0.15
ip route 172.21.16.0 255.255.255.0 192.168.0.1
ip route 172.21.17.0 255.255.255.0 192.168.0.17
ip route 172.21.18.0 255.255.255.0 192.168.0.18
ip route 172.21.19.0 255.255.255.0 192.168.0.19
ip route 172.21.20.0 255.255.255.0 192.168.0.20
ip route 172.21.21.0 255.255.255.0 192.168.0.21
ip route 172.21.22.0 255.255.255.0 192.168.0.22
ip route 192.168.0.0 255.255.255.0 192.168.0.1
!
!
no ip http server
no ip http secure-server
ip nat pool g6 192.168.0.16 192.168.0.16 prefix-length 24
ip nat inside source list 1 pool g6 overload
ip nat inside source static tcp 172.21.16.3 22 172.21.16.1 8022 extendable
ip nat inside source static tcp 172.21.16.3 22 192.168.0.16 8022 extendable
!
access-list 1 permit 172.21.16.3
access-list 1 permit 172.21.16.4
access-list 101 permit tcp any host 172.21.16.2 established
access-list 101 permit tcp any host 172.21.16.2 eq domain
access-list 101 permit udp any host 172.21.16.2 eq domain
access-list 101 permit tcp any host 172.21.16.2 eq smtp
access-list 101 permit tcp any host 172.21.16.2 eq www
access-list 101 permit tcp any host 172.21.16.2 eq 442
access-list 101 permit tcp any host 172.21.16.2 eq 443
access-list 101 permit udp any eq domain host 172.21.16.2
access-list 101 permit ip any host 192.168.16.1
access-list 101 permit ip any host 192.168.0.16
!
!
!
!
!
!
control-plane
!
!
line con 0
 --More--          logging synchronous
line aux 0
line vty 0 4
 password 7 03165404125F71
 login
!
end

router6#q configure terminal
Enter configuration commands, one per line.  End with CNTL/Z.
router6(config)#no ip nat inside source static tcp 17 72.211 .16.3   172.21.16.1 82 022
                                                                  ^
% Invalid input detected at '^' marker.

router6(config)#no ip nat inside source static tcp 172.21.16.3 172.21.16.1 8022.3 172.21.  172.21.16.1 80222 172.21.16.1 80222 172.21.16.1 8022
router6(config)#show running-config
                  ^
% Invalid input detected at '^' marker.

router6(config)#exit
router6#show running-config
Building configuration...

Current configuration : 2691 bytes
!
version 12.4
service timestamps debug datetime msec
service timestamps log datetime msec
service password-encryption
!
hostname router6
!
boot-start-marker
boot-end-marker
!
enable password 7 111B160A03425B
!
no aaa new-model
!
!
dot11 syslog
!
!
ip cef
!
!
no ip domain lookup
!
multilink bundle-name authenticated
!
!
username exp password 7 044904091B711C
! 
!
archive
 log config
  hidekeys
!
!
!
!
!
interface BRI0
 no ip address
 encapsulation hdlc
 shutdown
!
interface FastEthernet0
 ip address 192.168.0.16 255.255.255.0
 ip access-group 101 in
 ip nat outside
 ip virtual-reassembly
 duplex auto
 speed auto
!
interface FastEthernet1
 ip address 172.21.16.1 255.255.255.0
 ip nat inside
 ip virtual-reassembly
 duplex auto
 speed auto
!
interface FastEthernet2
!
interface FastEthernet3
 --More--         !
interface FastEthernet4
!
interface FastEthernet5
!
interface FastEthernet6
!
interface FastEthernet7
!
interface FastEthernet8
!
interface FastEthernet9
!
interface Vlan1
 no ip address
!
ip forward-protocol nd
ip route 0.0.0.0 0.0.0.0 192.168.0.9
ip route 172.21.0.0 255.255.255.0 192.168.0.22
ip route 172.21.11.0 255.255.255.0 192.168.0.11
ip route 172.21.12.0 255.255.255.0 192.168.0.12
ip route 172.21.13.0 255.255.255.0 192.168.0.13
ip route 172.21.14.0 255.255.255.0 192.168.0.14
ip route 172.21.15.0 255.255.255.0 192.168.0.15
ip route 172.21.16.0 255.255.255.0 192.168.0.1
ip route 172.21.17.0 255.255.255.0 192.168.0.17
ip route 172.21.18.0 255.255.255.0 192.168.0.18
ip route 172.21.19.0 255.255.255.0 192.168.0.19
ip route 172.21.20.0 255.255.255.0 192.168.0.20
ip route 172.21.21.0 255.255.255.0 192.168.0.21
ip route 172.21.22.0 255.255.255.0 192.168.0.22
ip route 192.168.0.0 255.255.255.0 192.168.0.1
!
!
no ip http server
no ip http secure-server
ip nat pool g6 192.168.0.16 192.168.0.16 prefix-length 24
ip nat inside source list 1 pool g6 overload
ip nat inside source static tcp 172.21.16.3 22 192.168.0.16 8022 extendable
!
access-list 1 permit 172.21.16.3
access-list 1 permit 172.21.16.4
access-list 101 permit tcp any host 172.21.16.2 established
access-list 101 permit tcp any host 172.21.16.2 eq domain
access-list 101 permit udp any host 172.21.16.2 eq domain
access-list 101 permit tcp any host 172.21.16.2 eq smtp
access-list 101 permit tcp any host 172.21.16.2 eq www
access-list 101 permit tcp any host 172.21.16.2 eq 442
access-list 101 permit tcp any host 172.21.16.2 eq 443
access-list 101 permit udp any eq domain host 172.21.16.2
access-list 101 permit ip any host 192.168.16.1
access-list 101 permit ip any host 192.168.0.16
!
!
!
!
!
!
control-plane
!
!
line con 0
 logging synchronous
 --More--         
router6#exit
Connection closed by foreign host.
root@server:/home/exp# sstelnet 172.21.16.1ssh 172.21.16.1 -p 8022
ssh: connect to host 172.21.16.1 port 8022: Connection refused
root@server:/home/exp# ssh 172.21.16.1 -p 8022[1P[1@0
ssh: connect to host 172.21.16.0 port 8022: Network is unreachable
root@server:/home/exp# ssh 172.21.16.0 -p 8022[1P[1@1
ssh: connect to host 172.21.16.1 port 8022: Connection refused
root@server:/home/exp# 
root@server:/home/exp# 
root@server:/home/exp# ssh 172.21.16.1 -p 80220[C[C[C[C[C[C[C[C1[C[C[C[C[C[C[C[C[5Ptelnet 172.21.16.1ssh 172.21.16.1 -p 8022[5Ptelnet 172.21.16.1ssh 192.168.0.16 -p 8022
ssh: connect to host 192.168.0.16 port 8022: Connection refused
root@server:/home/exp# ssh linux
root@linux's password: 

root@server:/home/exp# ssh linux192.168.0.16 -p 8022[1P72.21.16.1[C[C[C[C[C[C[C[C0[C[C[C[C[C[C[C[C1[C[C[C[C[C[C[C[C[5Ptelnet 172.21.16.1
Trying 172.21.16.1...
Connected to 172.21.16.1.
Escape character is '^]'.


User Access Verification

Password: 
router6>show r ip nat translation
Pro Inside global         Inside local          Outside local         Outside global
tcp 192.168.0.16:44222    172.21.16.3:44222     44.238.96.150:443     44.238.96.150:443
tcp 192.168.0.16:44224    172.21.16.3:44224     44.238.96.150:443     44.238.96.150:443
tcp 192.168.0.16:50188    172.21.16.3:50188     216.58.196.238:443    216.58.196.238:443
tcp 192.168.0.16:56060    172.21.16.3:56060     99.86.193.125:443     99.86.193.125:443
tcp 192.168.0.16:56062    172.21.16.3:56062     99.86.193.125:443     99.86.193.125:443
tcp 192.168.0.16:61015    172.21.16.4:61015     20.198.162.78:443     20.198.162.78:443
tcp 192.168.0.16:61099    172.21.16.4:61099     20.198.162.78:443     20.198.162.78:443
tcp 192.168.0.16:61274    172.21.16.4:61274     192.168.0.1:80        192.168.0.1:80
tcp 192.168.0.16:61275    172.21.16.4:61275     192.168.0.1:80        192.168.0.1:80
tcp 192.168.0.16:61284    172.21.16.4:61284     104.18.6.167:443      104.18.6.167:443
tcp 192.168.0.16:61288    172.21.16.4:61288     20.190.166.130:443    20.190.166.130:443
tcp 192.168.0.16:61290    172.21.16.4:61290     117.18.237.29:80      117.18.237.29:80
tcp 192.168.0.16:61294    172.21.16.4:61294     23.41.88.14:443       23.41.88.14:443
tcp 192.168.0.16:61295    172.21.16.4:61295     23.41.88.14:443       23.41.88.14:443
tcp 192.168.0.16:61297    172.21.16.4:61297     8.255.41.254:80       8.255.41.254:80
tcp 192.168.0.16:61298    172.21.16.4:61298     8.253.176.121:80      8.253.176.121:80
tcp 192.168.0.16:61300    172.21.16.4:61300     52.114.76.37:443      52.114.76.37:443
tcp 192.168.0.16:8022     172.21.16.3:22        ---                   ---
router6>o show ip interface bref
                            ^
% Invalid input detected at '^' marker.

router6>show ip interface brefrief
Interface                  IP-Address      OK? Method Status                Protocol
BRI0                       unassigned      YES unset  administratively down down    
BRI0:1                     unassigned      YES unset  administratively down down    
BRI0:2                     unassigned      YES unset  administratively down down    
FastEthernet0              192.168.0.16    YES manual up                    up      
FastEthernet1              172.21.16.1     YES manual up                    up      
FastEthernet2              unassigned      YES unset  up                    down    
FastEthernet3              unassigned      YES unset  up                    down    
FastEthernet4              unassigned      YES unset  up                    down    
FastEthernet5              unassigned      YES unset  up                    down    
FastEthernet6              unassigned      YES unset  up                    down    
FastEthernet7              unassigned      YES unset  up                    down    
FastEthernet8              unassigned      YES unset  up                    down    
FastEthernet9              unassigned      YES unset  up                    down    
NVI0                       192.168.0.16    YES unset  up                    up      
Vlan1                      unassigned      YES unset  up                    down    
router6>ho  show access-i lists
Standard IP access list 1
    10 permit 172.21.16.3 (3881 matches)
    20 permit 172.21.16.4 (195822 matches)
Extended IP access list 101
    10 permit tcp any host 172.21.16.2 established (794 matches)
    20 permit tcp any host 172.21.16.2 eq domain
    30 permit udp any host 172.21.16.2 eq domain
    40 permit tcp any host 172.21.16.2 eq smtp
    50 permit tcp any host 172.21.16.2 eq www
    60 permit tcp any host 172.21.16.2 eq 442
    70 permit tcp any host 172.21.16.2 eq 443
    80 permit udp any eq domain host 172.21.16.2 (2163 matches)
    90 permit ip any host 192.168.16.1
    100 permit ip any host 192.168.0.16 (288982 matches)
router6>enable
Password: 
router6#configure s terminal
Enter configuration commands, one per line.  End with CNTL/Z.
router6(config)#access-list 101 permit tp cp ant  y    y 1 72.1    172.169 8.0.1 eq 8022 2
                                                           ^
% Invalid input detected at '^' marker.

router6(config)#access-list 101 permit tcp any 172.168.0.1 eq 8022  172.168.0.1 eq 8022s 172.168.0.1 eq 8022 172.168.0.1 eq 8022 h 172.168.0.1 eq 8022o 172.168.0.1 eq 8022s 172.168.0.1 eq 8022t 172.168.0.1 eq 8022
router6(config)#interface a fasts ethernet0
router6(config-if)#ip access-group 101 in
router6(config-if)#end
router6#exit
Connection closed by foreign host.
root@server:/home/exp# telnet 172.21.16.1[9Pssh linux192.168.0.16 -p 8022
ssh: connect to host 192.168.0.16 port 8022: Connection refused
root@server:/home/exp# tlenet [K[K[K[K[K[Kelnet1 1[K[K[K 172.21.16.01
Trying 172.21.16.1...
Connected to 172.21.16.01.
Escape character is '^]'.


User Access Verification

Password: 
router6>enable
Password: 
router6#configure         sohw ru      how running-cn n onfig
Building configuration...

Current configuration : 2747 bytes
!
version 12.4
service timestamps debug datetime msec
service timestamps log datetime msec
service password-encryption
!
hostname router6
!
boot-start-marker
boot-end-marker
!
enable password 7 111B160A03425B
!
no aaa new-model
!
!
dot11 syslog
!
!
ip cef
!
!
no ip domain lookup
!
multilink bundle-name authenticated
!
!
username exp password 7 044904091B711C
! 
!
archive
 log config
  hidekeys
!
!
!
!
!
interface BRI0
 no ip address
 encapsulation hdlc
 shutdown
!
interface FastEthernet0
 ip address 192.168.0.16 255.255.255.0
 ip access-group 101 in
 ip nat outside
 ip virtual-reassembly
 duplex auto
 speed auto
!
interface FastEthernet1
 ip address 172.21.16.1 255.255.255.0
 ip nat inside
 ip virtual-reassembly
 duplex auto
 speed auto
!
interface FastEthernet2
!
interface FastEthernet3
 --More--         !
 --More--         interface FastEthernet4
 --More--         !
 --More--         interface FastEthernet5
 --More--         !
 --More--         interface FastEthernet6
 --More--         !
 --More--         interface FastEthernet7
 --More--         !
 --More--         interface FastEthernet8
 --More--         !
 --More--         interface FastEthernet9
 --More--         !
 --More--         interface Vlan1
 --More--          no ip address
 --More--         !
 --More--         ip forward-protocol nd
 --More--         ip route 0.0.0.0 0.0.0.0 192.168.0.9
 --More--         ip route 172.21.0.0 255.255.255.0 192.168.0.22
 --More--         ip route 172.21.11.0 255.255.255.0 192.168.0.11
 --More--         ip route 172.21.12.0 255.255.255.0 192.168.0.12
 --More--         ip route 172.21.13.0 255.255.255.0 192.168.0.13
 --More--         ip route 172.21.14.0 255.255.255.0 192.168.0.14
 --More--         ip route 172.21.15.0 255.255.255.0 192.168.0.15
 --More--         ip route 172.21.16.0 255.255.255.0 192.168.0.1
 --More--         ip route 172.21.17.0 255.255.255.0 192.168.0.17
 --More--         ip route 172.21.18.0 255.255.255.0 192.168.0.18
 --More--         ip route 172.21.19.0 255.255.255.0 192.168.0.19
 --More--         ip route 172.21.20.0 255.255.255.0 192.168.0.20
 --More--         ip route 172.21.21.0 255.255.255.0 192.168.0.21
 --More--         ip route 172.21.22.0 255.255.255.0 192.168.0.22
 --More--         ip route 192.168.0.0 255.255.255.0 192.168.0.1
 --More--         !
 --More--         !
 --More--         no ip http server
 --More--         no ip http secure-server
 --More--         ip nat pool g6 192.168.0.16 192.168.0.16 prefix-length 24
 --More--         ip nat inside source list 1 pool g6 overload
 --More--         ip nat inside source static tcp 172.21.16.3 22 192.168.0.16 8022 extendable
 --More--         !
 --More--         access-list 1 permit 172.21.16.3
 --More--         access-list 1 permit 172.21.16.4
 --More--         access-list 101 permit tcp any host 172.21.16.2 established
 --More--         access-list 101 permit tcp any host 172.21.16.2 eq domain
 --More--         access-list 101 permit udp any host 172.21.16.2 eq domain
 --More--         access-list 101 permit tcp any host 172.21.16.2 eq smtp
 --More--         access-list 101 permit tcp any host 172.21.16.2 eq www
 --More--         access-list 101 permit tcp any host 172.21.16.2 eq 442
 --More--         access-list 101 permit tcp any host 172.21.16.2 eq 443
 --More--         access-list 101 permit udp any eq domain host 172.21.16.2
 --More--         access-list 101 permit ip any host 192.168.16.1
 --More--         access-list 101 permit ip any host 192.168.0.16
 --More--         access-list 101 permit tcp any host 172.168.0.1 eq 8022
 --More--         !
 --More--         !
 --More--         !
 --More--         !
 --More--         !
 --More--         !
 --More--         control-plane
 --More--         !
 --More--         !
 --More--         line con 0
 --More--          logging synchronous
 --More--         line aux 0
 --More--         line vty 0 4
 --More--          password 7 03165404125F71
 --More--          login
 --More--         !
 --More--         end
 --More--         
router6#
router6#
router6#
router6#
router6#
router6#
router6#
router6#
router6#
router6#
router6#configure terminal
Enter configuration commands, one per line.  End with CNTL/Z.
router6(config)#access-lits s t    st 1 permit 172, .21.16.3 0.0.0.0
router6(config)#access-list 1 permit 172.21.16.3 0.0.0.06.3 0.0.0.0 5 0.0.0.0 0.0.0.0 4 0.0.0.0
router6(config)#exit
router6#exit
Connection closed by foreign host.
root@server:/home/exp# telnet 172.21.16.01ssh 192.168.0.16 -p 8022
ssh: connect to host 192.168.0.16 port 8022: Connection refused
root@server:/home/exp# ssh 192.168.0.16 -p 8022[5Ptelnet 172.21.16.01
Trying 172.21.16.1...
Connected to 172.21.16.01.
Escape character is '^]'.


User Access Verification

Password: 
router6>enable
Password: 
Password: 
router6#configuret  treminal
                   ^
% Invalid input detected at '^' marker.

router6#configure terminal
Enter configuration commands, one per line.  End with CNTL/Z.
router6(config)#exit
router6#show running -  -config
Building configuration...

Current configuration : 2747 bytes
!
version 12.4
service timestamps debug datetime msec
service timestamps log datetime msec
service password-encryption
!
hostname router6
!
boot-start-marker
boot-end-marker
!
enable password 7 111B160A03425B
!
no aaa new-model
!
!
dot11 syslog
!
!
ip cef
!
!
no ip domain lookup
!
multilink bundle-name authenticated
!
!
username exp password 7 044904091B711C
! 
!
archive
 log config
  hidekeys
!
!
!
!
!
interface BRI0
 no ip address
 encapsulation hdlc
 shutdown
!
interface FastEthernet0
 ip address 192.168.0.16 255.255.255.0
 ip access-group 101 in
 ip nat outside
 ip virtual-reassembly
 duplex auto
 speed auto
!
interface FastEthernet1
 ip address 172.21.16.1 255.255.255.0
 ip nat inside
 ip virtual-reassembly
 duplex auto
 speed auto
!
interface FastEthernet2
!
interface FastEthernet3
 --More--         
router6#[B  exit
Connection closed by foreign host.
root@server:/home/exp# man traceroute
[?1049h[?1h=TRACEROUTE(1)                                                       Traceroute For Linux                                                       TRACEROUTE(1)[m
[m
[1mNAME[0m[m
       traceroute - print the route packets trace to network host[m
[m
[1mSYNOPSIS[0m[m
       [1mtraceroute[0m [[1m-46dFITUnreAV[0m] [[1m-f[0m [1mfirst_ttl[0m] [[1m-g[0m [1mgate,...[0m][m
               [[1m-i[0m [1mdevice[0m] [[1m-m[0m [1mmax_ttl[0m] [[1m-p[0m [1mport[0m] [[1m-s[0m [1msrc_addr[0m][m
               [[1m-q[0m [1mnqueries[0m] [[1m-N[0m [1msqueries[0m] [[1m-t[0m [1mtos[0m][m
               [[1m-l[0m [1mflow_label[0m] [[1m-w[0m [1mwaittimes[0m] [[1m-z[0m [1msendwait[0m] [[1m-UL[0m] [[1m-D[0m][m
               [[1m-P[0m [1mproto[0m] [[1m--sport=port[0m] [[1m-M[0m [1mmethod[0m] [[1m-O[0m [1mmod_options[0m][m
               [[1m--mtu[0m] [[1m--back[0m][m
               [1mhost[0m [[1mpacket_len[0m][m
       [1mtraceroute6[0m  [[4moptions[24m][m
       [1mtcptraceroute[0m  [[4moptions[24m][m
       [1mlft[0m  [[4moptions[24m][m
[m
[1mDESCRIPTION[0m[m
       [4mtraceroute[24m tracks the route packets taken from an IP network on their way to a given host. It utilizes the IP protocol's time to live (TTL) field and[m
       attempts to elicit an ICMP TIME_EXCEEDED response from each gateway along the path to the host.[m
[m
       [4mtraceroute6[24m is equivalent to [4mtraceroute[24m [1m-6[0m[m
[m
       [4mtcptraceroute[24m is equivalent to [4mtraceroute[24m [1m-T[0m[m
[m
       [4mlft[24m , the Layer Four Traceroute, performs a TCP traceroute, like [4mtraceroute[24m [1m-T[0m , but attempts to provide compatibility with the original such  imple‐[m
       mentation, also called "lft".[m
[m
       The  only required parameter is the name or IP address of the destination [1mhost[0m .  The optional [1mpacket_len[0m`gth is the total size of the probing packet[m
       (default 60 bytes for IPv4 and 80 for IPv6). The specified size can be ignored in some situations or increased up to a minimal value.[m
[m
       This program attempts to trace the route an IP packet would follow to some internet host by launching probe packets with a small ttl (time  to  live)[m
       then  listening  for  an  ICMP  "time exceeded" reply from a gateway.  We start our probes with a ttl of one and increase by one until we get an ICMP[m
       "port unreachable" (or TCP reset), which means we got to the "host", or hit a max (which defaults to 30 hops). Three probes (by default) are sent  at[m
       each  ttl setting and a line is printed showing the ttl, address of the gateway and round trip time of each probe. The address can be followed by ad‐[m
       ditional information when requested. If the probe answers come from different gateways, the address of each responding system will  be  printed.   If[m
       there is no response within a certain timeout, an "*" (asterisk) is printed for that probe.[m
[m
       After  the  trip time, some additional annotation can be printed: [1m!H[0m, [1m!N[0m, or [1m!P[0m (host, network or protocol unreachable), [1m!S[0m (source route failed), [1m!F[0m[m
       (fragmentation needed), [1m!X[0m (communication administratively prohibited), [1m!V[0m (host precedence violation), [1m!C[0m (precedence cutoff in effect),  or  [1m!<num>[0m[m
       (ICMP unreachable code <num>).  If almost all the probes result in some kind of unreachable, traceroute will give up and exit.[m
[m
       We  don't want the destination host to process the UDP probe packets, so the destination port is set to an unlikely value (you can change it with the[m
       [1m-p[0m flag). There is no such a problem for ICMP or TCP tracerouting (for TCP we use half-open technique, which prevents our probes to be seen by appli‐[m
       cations on the destination host).[m
[m
       In  the  modern  network  environment  the traditional traceroute methods can not be always applicable, because of widespread use of firewalls.  Such[m
       firewalls filter the "unlikely" UDP ports, or even ICMP echoes.  To solve this, some additional tracerouting methods are implemented (including tcp),[m
       see  [1mLIST[0m  [1mOF[0m  [1mAVAILABLE[0m  [1mMETHODS[0m below. Such methods try to use particular protocol and source/destination port, in order to bypass firewalls (to be[m
       seen by firewalls just as a start of allowed type of a network session).[m
[m
[1mOPTIONS[0m[m
       [1m--help[0m Print help info and exit.[m
[m
       [1m-4[0m, [1m-6[0m Explicitly force IPv4 or IPv6 tracerouting. By default, the program will try to resolve the name given, and choose  the  appropriate  protocol[m
              automatically. If resolving a host name returns both IPv4 and IPv6 addresses, [4mtraceroute[24m will use IPv4.[m
[m
       [1m-I,[0m [1m--icmp[0m[m
              Use ICMP ECHO for probes[m
[m
       [1m-T,[0m [1m--tcp[0m[m
              Use TCP SYN for probes[m
[m
[3m Manual page traceroute(1) line 1 (press h for help or q to quit)[23m[K[K[?1l>[?1049lroot@server:/home/exp# traceroute 192.168.0.16 --sport=8022
traceroute to 192.168.0.16 (192.168.0.16), 30 hops max, 60 byte packets
 1  _gateway (172.21.16.1)  0.553 ms *  0.539 ms
root@server:/home/exp# traceroute 192.168.0.16 --sport=8022[K[K[K[K[K[K[K[K[K[K[K[K
traceroute to 192.168.0.16 (192.168.0.16), 30 hops max, 60 byte packets
 1  _gateway (172.21.16.1)  0.976 ms * *
root@server:/home/exp# curl https://google.com
<HTML><HEAD><meta http-equiv="content-type" content="text/html;charset=utf-8">
<TITLE>301 Moved</TITLE></HEAD><BODY>
<H1>301 Moved</H1>
The document has moved
<A HREF="https://www.google.com/">here</A>.
</BODY></HTML>
root@server:/home/exp# curl http://192.169[K7[K8.0.16/index.cgi
curl: (7) Failed to connect to 192.168.0.16 port 80: Connection refused
root@server:/home/exp# apt uopd[K[K[Kpdate
[33m0% [Working][0m[33m0% [Working][0m[33m0% [Connecting to archive.ubuntu.com (91.189.88.142)][0m                                                     Hit:1 http://archive.ubuntu.com/ubuntu focal InRelease
[33m                                                     0% [Working][0m            Get:2 http://archive.ubuntu.com/ubuntu focal-updates InRelease [114 kB]
[33m0% [2 InRelease 14.2 kB/114 kB 12%][0m[33m0% [2 InRelease 33.0 kB/114 kB 29%][0m[33m                                   0% [Working][0m[33m0% [Waiting for headers][0m                        Get:3 http://archive.ubuntu.com/ubuntu focal-backports InRelease [101 kB]
[33m0% [3 InRelease 20.0 kB/101 kB 20%][0m[33m                                   0% [Waiting for headers][0m[33m0% [Waiting for headers][0m                        Get:4 http://archive.ubuntu.com/ubuntu focal-security InRelease [114 kB]
[33m0% [4 InRelease 8,393 B/114 kB 7%][0m[33m                                  0% [Working][0m[33m24% [Waiting for headers][0m                         Get:5 http://archive.ubuntu.com/ubuntu focal-updates/main amd64 Packages [990 kB]
[33m24% [5 Packages 8,479 B/990 kB 1%][0m[33m37% [5 Packages 633 kB/990 kB 64%][0m[33m                                  44% [Working][0m             Get:6 http://archive.ubuntu.com/ubuntu focal-updates/main Translation-en [224 kB]
[33m46% [6 Translation-en 110 kB/224 kB 49%][0m[33m47% [5 Packages store 0 B] [6 Translation-en 139 kB/224 kB 62%][0m[33m                                                               48% [5 Packages store 0 B][0m                          Get:7 http://archive.ubuntu.com/ubuntu focal-updates/main amd64 c-n-f Metadata [13.4 kB]
[33m48% [5 Packages store 0 B] [7 Commands-amd64 0 B/13.4 kB 0%][0m[33m                                                            49% [5 Packages store 0 B][0m                          Get:8 http://archive.ubuntu.com/ubuntu focal-updates/universe amd64 Packages [778 kB]
[33m49% [5 Packages store 0 B] [8 Packages 0 B/778 kB 0%][0m[33m                                                     64% [5 Packages store 0 B][0m                          Get:9 http://archive.ubuntu.com/ubuntu focal-updates/universe Translation-en [167 kB]
[33m64% [5 Packages store 0 B] [9 Translation-en 0 B/167 kB 0%][0m[33m                                                           67% [5 Packages store 0 B][0m                          Get:10 http://archive.ubuntu.com/ubuntu focal-updates/universe amd64 c-n-f Metadata [17.5 kB]
[33m67% [5 Packages store 0 B] [10 Commands-amd64 0 B/17.5 kB 0%][0m[33m                                                             68% [5 Packages store 0 B][0m                          Get:11 http://archive.ubuntu.com/ubuntu focal-security/main amd64 Packages [667 kB]
[33m68% [5 Packages store 0 B] [11 Packages 15.7 kB/667 kB 2%][0m[33m                                                          81% [5 Packages store 0 B][0m                          Get:12 http://archive.ubuntu.com/ubuntu focal-security/main Translation-en [135 kB]
[33m81% [5 Packages store 0 B] [12 Translation-en 0 B/135 kB 0%][0m[33m                                                            84% [5 Packages store 0 B][0m                          Get:13 http://archive.ubuntu.com/ubuntu focal-security/main amd64 c-n-f Metadata [7,712 B]
[33m84% [5 Packages store 0 B] [13 Commands-amd64 0 B/7,712 B 0%][0m[33m                                                             84% [5 Packages store 0 B][0m                          Get:14 http://archive.ubuntu.com/ubuntu focal-security/universe amd64 Packages [582 kB]
[33m84% [5 Packages store 0 B] [14 Packages 0 B/582 kB 0%][0m[33m                                                      96% [5 Packages store 0 B][0m                          Get:15 http://archive.ubuntu.com/ubuntu focal-security/universe Translation-en [93.2 kB]
[33m96% [5 Packages store 0 B] [15 Translation-en 0 B/93.2 kB 0%][0m[33m                                                             97% [5 Packages store 0 B][0m                          Get:16 http://archive.ubuntu.com/ubuntu focal-security/universe amd64 c-n-f Metadata [11.3 kB]
[33m97% [5 Packages store 0 B] [16 Commands-amd64 0 B/11.3 kB 0%][0m[33m                                                             98% [5 Packages store 0 B][0m[33m                          98% [Working][0m[33m98% [6 Translation-en store 0 B][0m[33m                                98% [Working][0m[33m98% [7 Commands-amd64 store 0 B][0m[33m                                98% [Working][0m[33m98% [8 Packages store 0 B][0m[33m                          98% [Working][0m[33m98% [9 Translation-en store 0 B][0m[33m                                99% [Working][0m[33m99% [10 Commands-amd64 store 0 B][0m[33m                                 99% [Working][0m[33m99% [11 Packages store 0 B][0m[33m                           99% [Working][0m[33m99% [12 Translation-en store 0 B][0m[33m                                 99% [Working][0m[33m99% [13 Commands-amd64 store 0 B][0m[33m                                 99% [Working][0m[33m99% [14 Packages store 0 B][0m[33m100% [Working]                                                                                                                                      650 kB/s 0s[0m[33m100% [15 Translation-en store 0 B]                                                                                                                  650 kB/s 0s[0m[33m100% [Working]                                                                                                                                      650 kB/s 0s[0m[33m100% [16 Commands-amd64 store 0 B]                                                                                                                  650 kB/s 0s[0m[33m100% [Working]                                                                                                                                      650 kB/s 0s[0m                                                                                                                                                               Fetched 4,014 kB in 6s (643 kB/s)
Reading package lists... 0%Reading package lists... 0%Reading package lists... 0%Reading package lists... 4%Reading package lists... 4%Reading package lists... 7%Reading package lists... 7%Reading package lists... 7%Reading package lists... 7%Reading package lists... 7%Reading package lists... 7%Reading package lists... 25%Reading package lists... 47%Reading package lists... 50%Reading package lists... 50%Reading package lists... 73%Reading package lists... 73%Reading package lists... 74%Reading package lists... 74%Reading package lists... 74%Reading package lists... 74%Reading package lists... 79%Reading package lists... 79%Reading package lists... 81%Reading package lists... 81%Reading package lists... 82%Reading package lists... 82%Reading package lists... 83%Reading package lists... 83%Reading package lists... 87%Reading package lists... 87%Reading package lists... 88%Reading package lists... 88%Reading package lists... 88%Reading package lists... 88%Reading package lists... 88%Reading package lists... 88%Reading package lists... 88%Reading package lists... 88%Reading package lists... 88%Reading package lists... 88%Reading package lists... 91%Reading package lists... 91%Reading package lists... 93%Reading package lists... 93%Reading package lists... 94%Reading package lists... 94%Reading package lists... 95%Reading package lists... 95%Reading package lists... 97%Reading package lists... 98%Reading package lists... 98%Reading package lists... 99%Reading package lists... 99%Reading package lists... 99%Reading package lists... 99%Reading package lists... 99%Reading package lists... 99%Reading package lists... Done
Building dependency tree... 0%Building dependency tree... 0%Building dependency tree... 0%Building dependency tree... 50%Building dependency tree... 50%Building dependency tree       
Reading state information... 0%Reading state information... 0%Reading state information... Done
78 packages can be upgraded. Run 'apt list --upgradable' to see them.
root@server:/home/exp# ex[K[Kcd /home/exp/
root@server:/home/exp# ls
error.log  [0m[01;34mgit[0m  [01;34mmail[0m  [01;34mmysqlContents[0m  screenlog.0  screenlog1  [01;34mserverfiles[0m  test
root@server:/home/exp# cd git/
root@server:/home/exp/git# ls
[0m[01;34mexContents3i[0m
root@server:/home/exp/git# git status
fatal: not a git repository (or any of the parent directories): .git
root@server:/home/exp/git# git push origin [K[K[K[K[K[K[K[K[K[K[K[K[K[K[K[Kcd exContents3i/
root@server:/home/exp/git/exContents3i# cd [K[K[Kls
cisco-ip-route-cmd.txt  [0m[01;34metc[0m  [01;34mmail[0m  [01;34mmysqlContents[0m  [01;34mpostfix[0m  README.md  screenlog.0  [01;34mvar[0m
root@server:/home/exp/git/exContents3i# git status
On branch 5/24
nothing to commit, working tree clean
root@server:/home/exp/git/exContents3i# gt [K[K[Kgit pull [K[K[K[Ksh[K[Ks[Kush oriing [K[K[K[Kgin 5/24
Username for 'https://github.com': NIkk   ikkei225Futures
Password for 'https://Nikkei225Futures@github.com': 
Enumerating objects: 5, done.
Counting objects:  20% (1/5)Counting objects:  40% (2/5)Counting objects:  60% (3/5)Counting objects:  80% (4/5)Counting objects: 100% (5/5)Counting objects: 100% (5/5), done.
Compressing objects:  33% (1/3)Compressing objects:  66% (2/3)Compressing objects: 100% (3/3)Compressing objects: 100% (3/3), done.
Writing objects:  33% (1/3)Writing objects:  66% (2/3)Writing objects: 100% (3/3)Writing objects: 100% (3/3), 59.36 KiB | 1.32 MiB/s, done.
Total 3 (delta 1), reused 0 (delta 0)
remote: Resolving deltas:   0% (0/1)[Kremote: Resolving deltas: 100% (1/1)[Kremote: Resolving deltas: 100% (1/1), completed with 1 local object.[K
To https://github.com/Nikkei225Futures/exContents3i
   4cdb5655..2fd6f3cd  5/24 -> 5/24
root@server:/home/exp/git/exContents3i# cd ..
root@server:/home/exp/git# ls
[0m[01;34mexContents3i[0m
root@server:/home/exp/git# cd .
root@server:/home/exp/git# cd ..
root@server:/home/exp# ls
error.log  [0m[01;34mgit[0m  [01;34mmail[0m  [01;34mmysqlContents[0m  screenlog.0  screenlog1  [01;34mserverfiles[0m  test
root@server:/home/exp# c[Kcp screenlog[K[K[K[K[K[K[K[K[K[K[K[Kcd .[K[K[K[Kcd git/exContents3i/
root@server:/home/exp/git/exContents3i# ls
cisco-ip-route-cmd.txt  [0m[01;34metc[0m  [01;34mmail[0m  [01;34mmysqlContents[0m  [01;34mpostfix[0m  README.md  screenlog.0  [01;34mvar[0m
root@server:/home/exp/git/exContents3i# git branch
[?1h=  5/10[m[m
  5/13[m[m
  5/17[m[m
  5/20[m[m
* [32m5/24[m[m
  g/20[m[m
  main[m[m
[K[?1l>root@server:/home/exp/git/exContents3i# git branch [K[K[K[K[K[K[Kcheckout main
Switched to branch 'main'
Your branch is up to date with 'origin/main'.
root@server:/home/exp/git/exContents3i# git pull orogin [K[K[K[K[Kigin master
fatal: couldn't find remote ref master
root@server:/home/exp/git/exContents3i# telnet 172,2[K[K.21.1[K[K[K[K[K[K[K[K[K[K[K[K[K[K[Kb[Kgit branch
[?1h=  5/10[m[m
  5/13[m[m
  5/17[m[m
  5/20[m[m
  5/24[m[m
  g/20[m[m
* [32mmain[m[m
[K[?1l>root@server:/home/exp/git/exContents3i# git pull origin main
remote: Enumerating objects: 4, done.[K
remote: Counting objects:  25% (1/4)[Kremote: Counting objects:  50% (2/4)[Kremote: Counting objects:  75% (3/4)[Kremote: Counting objects: 100% (4/4)[Kremote: Counting objects: 100% (4/4), done.[K
remote: Compressing objects:  50% (1/2)[Kremote: Compressing objects: 100% (2/2)[Kremote: Compressing objects: 100% (2/2), done.[K
remote: Total 2 (delta 1), reused 0 (delta 0), pack-reused 0[K
Unpacking objects:  50% (1/2)Unpacking objects: 100% (2/2)Unpacking objects: 100% (2/2), 698 bytes | 174.00 KiB/s, done.
From https://github.com/Nikkei225Futures/exContents3i
 * branch              main       -> FETCH_HEAD
   6a0152fb..6a1e13c7  main       -> origin/main
Updating 6a0152fb..6a1e13c7
Fast-forward
 cisco-ip-route-cmd.txt                       |     9 [32m+[m
 etc/apache2/sites-available/000-default.conf |     8 [32m+[m[31m-[m
 etc/bind/g6.zone                             |    10 [32m+[m[31m-[m
 etc/netplan/00-installer-config.yaml         |     4 [32m+[m[31m-[m
 etc/postfix/main.cf                          |     2 [32m+[m[31m-[m
 screenlog.0                                  | 46373 [32m++++++++[m[31m-------------------------------------------------------------------------------------------------[m
 6 files changed, 3574 insertions(+), 42832 deletions(-)
 create mode 100644 cisco-ip-route-cmd.txt
root@server:/home/exp/git/exContents3i# git checkout - b[K[Kb 5.[K/26[K7
Switched to a new branch '5/27'
root@server:/home/exp/git/exContents3i# cd ..
root@server:/home/exp/git# ls
[0m[01;34mexContents3i[0m
root@server:/home/exp/git# 